Component: ARM Compiler 5.06 update 5 (build 528) Tool: armlink [4d35e2]

==============================================================================

Section Cross References

    main.o(i.Load_Drow_Dialog) refers to lcd.o(i.LCD_Clear) for LCD_Clear
    main.o(i.Load_Drow_Dialog) refers to lcd.o(i.LCD_ShowString) for LCD_ShowString
    main.o(i.Load_Drow_Dialog) refers to lcd.o(.data) for POINT_COLOR
    main.o(i.Load_Drow_Dialog) refers to lcd.o(.bss) for lcddev
    main.o(i.ctp_test) refers to main.o(i.lcd_draw_bline) for lcd_draw_bline
    main.o(i.ctp_test) refers to easyui.o(i.UI_TouchHandler) for UI_TouchHandler
    main.o(i.ctp_test) refers to main.o(i.Load_Drow_Dialog) for Load_Drow_Dialog
    main.o(i.ctp_test) refers to delay.o(i.delay_ms) for delay_ms
    main.o(i.ctp_test) refers to lcd.o(.bss) for lcddev
    main.o(i.ctp_test) refers to touch.o(.data) for tp_dev
    main.o(i.ctp_test) refers to main.o(.constdata) for POINT_COLOR_TBL
    main.o(i.gui_draw_hline) refers to lcd.o(i.LCD_Fill) for LCD_Fill
    main.o(i.gui_draw_hline) refers to lcd.o(.bss) for lcddev
    main.o(i.gui_fill_circle) refers to main.o(i.gui_draw_hline) for gui_draw_hline
    main.o(i.lcd_draw_bline) refers to main.o(i.gui_fill_circle) for gui_fill_circle
    main.o(i.main) refers to stm32f4xx_hal.o(i.HAL_Init) for HAL_Init
    main.o(i.main) refers to sys.o(i.Stm32_Clock_Init) for Stm32_Clock_Init
    main.o(i.main) refers to delay.o(i.delay_init) for delay_init
    main.o(i.main) refers to usart.o(i.uart_init) for uart_init
    main.o(i.main) refers to led.o(i.LED_Init) for LED_Init
    main.o(i.main) refers to key.o(i.KEY_Init) for KEY_Init
    main.o(i.main) refers to sdram.o(i.SDRAM_Init) for SDRAM_Init
    main.o(i.main) refers to lcd.o(i.LCD_Init) for LCD_Init
    main.o(i.main) refers to easyui.o(i.UI_Init) for UI_Init
    main.o(i.main) refers to main.o(i.ctp_test) for ctp_test
    main.o(i.main) refers to touch.o(.data) for tp_dev
    main.o(i.main) refers to lcd.o(.data) for POINT_COLOR
    stm32f4xx_it.o(i.SysTick_Handler) refers to stm32f4xx_hal.o(i.HAL_IncTick) for HAL_IncTick
    system_stm32f4xx.o(i.SystemCoreClockUpdate) refers to system_stm32f4xx.o(.data) for SystemCoreClock
    startup_stm32f429xx.o(STACK) refers (Special) to heapauxi.o(.text) for __use_two_region_memory
    startup_stm32f429xx.o(HEAP) refers (Special) to heapauxi.o(.text) for __use_two_region_memory
    startup_stm32f429xx.o(RESET) refers (Special) to heapauxi.o(.text) for __use_two_region_memory
    startup_stm32f429xx.o(RESET) refers to startup_stm32f429xx.o(STACK) for __initial_sp
    startup_stm32f429xx.o(RESET) refers to startup_stm32f429xx.o(.text) for Reset_Handler
    startup_stm32f429xx.o(RESET) refers to stm32f4xx_it.o(i.NMI_Handler) for NMI_Handler
    startup_stm32f429xx.o(RESET) refers to stm32f4xx_it.o(i.HardFault_Handler) for HardFault_Handler
    startup_stm32f429xx.o(RESET) refers to stm32f4xx_it.o(i.MemManage_Handler) for MemManage_Handler
    startup_stm32f429xx.o(RESET) refers to stm32f4xx_it.o(i.BusFault_Handler) for BusFault_Handler
    startup_stm32f429xx.o(RESET) refers to stm32f4xx_it.o(i.UsageFault_Handler) for UsageFault_Handler
    startup_stm32f429xx.o(RESET) refers to stm32f4xx_it.o(i.SVC_Handler) for SVC_Handler
    startup_stm32f429xx.o(RESET) refers to stm32f4xx_it.o(i.DebugMon_Handler) for DebugMon_Handler
    startup_stm32f429xx.o(RESET) refers to stm32f4xx_it.o(i.PendSV_Handler) for PendSV_Handler
    startup_stm32f429xx.o(RESET) refers to stm32f4xx_it.o(i.SysTick_Handler) for SysTick_Handler
    startup_stm32f429xx.o(RESET) refers to usart.o(i.USART1_IRQHandler) for USART1_IRQHandler
    startup_stm32f429xx.o(RESET) refers to rs485.o(i.USART2_IRQHandler) for USART2_IRQHandler
    startup_stm32f429xx.o(.text) refers (Special) to heapauxi.o(.text) for __use_two_region_memory
    startup_stm32f429xx.o(.text) refers to system_stm32f4xx.o(i.SystemInit) for SystemInit
    startup_stm32f429xx.o(.text) refers to __main.o(!!!main) for __main
    startup_stm32f429xx.o(.text) refers to startup_stm32f429xx.o(HEAP) for Heap_Mem
    startup_stm32f429xx.o(.text) refers to startup_stm32f429xx.o(STACK) for Stack_Mem
    stm32f4xx_hal.o(i.HAL_DeInit) refers to stm32f4xx_hal.o(i.HAL_MspDeInit) for HAL_MspDeInit
    stm32f4xx_hal.o(i.HAL_Delay) refers to stm32f4xx_hal.o(i.HAL_GetTick) for HAL_GetTick
    stm32f4xx_hal.o(i.HAL_GetTick) refers to stm32f4xx_hal.o(.data) for uwTick
    stm32f4xx_hal.o(i.HAL_IncTick) refers to stm32f4xx_hal.o(.data) for uwTick
    stm32f4xx_hal.o(i.HAL_Init) refers to stm32f4xx_hal_cortex.o(i.HAL_NVIC_SetPriorityGrouping) for HAL_NVIC_SetPriorityGrouping
    stm32f4xx_hal.o(i.HAL_Init) refers to stm32f4xx_hal.o(i.HAL_InitTick) for HAL_InitTick
    stm32f4xx_hal.o(i.HAL_Init) refers to stm32f4xx_hal.o(i.HAL_MspInit) for HAL_MspInit
    stm32f4xx_hal.o(i.HAL_InitTick) refers to stm32f4xx_hal_rcc.o(i.HAL_RCC_GetHCLKFreq) for HAL_RCC_GetHCLKFreq
[...]
    .constdata                               0x0800f5ce   Section      206  gt9271.o(.constdata)
    .constdata                               0x0800f69c   Section       10  ott2001a.o(.constdata)
    .constdata                               0x0800f6a6   Section       40  _printf_hex_int.o(.constdata)
    uc_hextab                                0x0800f6a6   Data          20  _printf_hex_int.o(.constdata)
    lc_hextab                                0x0800f6ba   Data          20  _printf_hex_int.o(.constdata)
    .conststring                             0x0800f6d0   Section      121  touch.o(.conststring)
    .data                                    0x20000000   Section       20  system_stm32f4xx.o(.data)
    .data                                    0x20000014   Section        4  stm32f4xx_hal.o(.data)
    uwTick                                   0x20000014   Data           4  stm32f4xx_hal.o(.data)
    .data                                    0x20000018   Section        4  delay.o(.data)
    fac_us                                   0x20000018   Data           4  delay.o(.data)
    .data                                    0x2000001c   Section        7  usart.o(.data)
    .data                                    0x20000023   Section        1  rs485.o(.data)
    .data                                    0x20000024   Section        1  easyui.o(.data)
    current_screen                           0x20000024   Data           1  easyui.o(.data)
    .data                                    0x20000028   Section       12  lcd.o(.data)
    .data                                    0x20000034   Section        7  ft5206.o(.data)
    t                                        0x2000003a   Data           1  ft5206.o(.data)
    .data                                    0x2000003c   Section       74  touch.o(.data)
    .data                                    0x20000088   Section        8  ltdc.o(.data)
    .data                                    0x20000090   Section        1  gt9147.o(.data)
    t                                        0x20000090   Data           1  gt9147.o(.data)
    .data                                    0x20000091   Section        1  gt9271.o(.data)
    t                                        0x20000091   Data           1  gt9271.o(.data)
    .data                                    0x20000092   Section        1  ott2001a.o(.data)
    t                                        0x20000092   Data           1  ott2001a.o(.data)
    .bss                                     0x20000094   Section      264  usart.o(.bss)
    .bss                                     0x2000019c   Section      128  rs485.o(.bss)
    .bss                                     0x2000021c   Section       94  lcd.o(.bss)
    .bss                                     0x2000027c   Section      264  ltdc.o(.bss)
    .bss                                     0x20000384   Section       52  sdram.o(.bss)
    .bss                                     0x200003b8   Section       96  libspace.o(.bss)
    HEAP                                     0x20000418   Section      512  startup_stm32f429xx.o(HEAP)
    Heap_Mem                                 0x20000418   Data         512  startup_stm32f429xx.o(HEAP)
    STACK                                    0x20000618   Section     1024  startup_stm32f429xx.o(STACK)
    Stack_Mem                                0x20000618   Data        1024  startup_stm32f429xx.o(STACK)
    __initial_sp                             0x20000a18   Data           0  startup_stm32f429xx.o(STACK)
    .ARM.__AT_0xC0000000                     0xc0000000   Section    2048000  ltdc.o(.ARM.__AT_0xC0000000)

    Global Symbols

    Symbol Name                              Value     Ov Type        Size  Object(Section)

    BuildAttributes$$THM_ISAv4$E$P$D$K$B$S$7EM$VFPi3$EXTD16$VFPS$VFMA$PE$A:L22UL41UL21$X:L11$S22US41US21$IEEE1$IW$USESV6$~STKCKD$USESV7$~SHL$OTIME$ROPI$IEEEJ$EBA8$UX$STANDARDLIB$REQ8$PRES8$EABIv2 0x00000000   Number         0  anon$$obj.o ABSOLUTE
    __ARM_use_no_argv                        0x00000000   Number         0  main.o ABSOLUTE
    __ARM_exceptions_init                     - Undefined Weak Reference
    __alloca_initialize                       - Undefined Weak Reference
    __arm_preinit_                            - Undefined Weak Reference
    __cpp_initialize__aeabi_                  - Undefined Weak Reference
    __cxa_finalize                            - Undefined Weak Reference
    __rt_locale                               - Undefined Weak Reference
    __sigvec_lookup                           - Undefined Weak Reference
    _atexit_init                              - Undefined Weak Reference
    _call_atexit_fns                          - Undefined Weak Reference
    _clock_init                               - Undefined Weak Reference
    _fp_trap_init                             - Undefined Weak Reference
    _fp_trap_shutdown                         - Undefined Weak Reference
    _get_lc_collate                           - Undefined Weak Reference
    _get_lc_ctype                             - Undefined Weak Reference
    _get_lc_monetary                          - Undefined Weak Reference
    _get_lc_numeric                           - Undefined Weak Reference
    _get_lc_time                              - Undefined Weak Reference
    _getenv_init                              - Undefined Weak Reference
    _handle_redirection                       - Undefined Weak Reference
    _init_alloc                               - Undefined Weak Reference
    _init_user_alloc                          - Undefined Weak Reference
    _initio                                   - Undefined Weak Reference
    _mutex_acquire                            - Undefined Weak Reference
    _mutex_release                            - Undefined Weak Reference
    _printf_mbtowc                            - Undefined Weak Reference
    _printf_post_padding                      - Undefined Weak Reference
    _printf_pre_padding                       - Undefined Weak Reference
    _printf_truncate_signed                   - Undefined Weak Reference
    _printf_truncate_unsigned                 - Undefined Weak Reference
    _rand_init                                - Undefined Weak Reference
    _signal_finish                            - Undefined Weak Reference
    _signal_init                              - Undefined Weak Reference
    _terminate_alloc                          - Undefined Weak Reference
    _terminate_user_alloc                     - Undefined Weak Reference
    _terminateio                              - Undefined Weak Reference
    __Vectors_Size                           0x000001ac   Number         0  startup_stm32f429xx.o ABSOLUTE
    __Vectors                                0x08000000   Data           4  startup_stm32f429xx.o(RESET)
    __Vectors_End                            0x080001ac   Data           0  startup_stm32f429xx.o(RESET)
    __main                                   0x080001ad   Thumb Code     8  __main.o(!!!main)
    __scatterload                            0x080001b5   Thumb Code     0  __scatter.o(!!!scatter)
    __scatterload_rt2                        0x080001b5   Thumb Code    44  __scatter.o(!!!scatter)
    __scatterload_rt2_thumb_only             0x080001b5   Thumb Code     0  __scatter.o(!!!scatter)
    __scatterload_null                       0x080001c3   Thumb Code     0  __scatter.o(!!!scatter)
    __scatterload_copy                       0x080001e9   Thumb Code    26  __scatter_copy.o(!!handler_copy)
    __scatterload_zeroinit                   0x08000205   Thumb Code    28  __scatter_zi.o(!!handler_zi)
    _printf_d                                0x08000221   Thumb Code     0  _printf_d.o(.ARM.Collect$$_printf_percent$$00000009)
    _printf_percent                          0x08000221   Thumb Code     0  _printf_percent.o(.ARM.Collect$$_printf_percent$$00000000)
    _printf_x                                0x08000227   Thumb Code     0  _printf_x.o(.ARM.Collect$$_printf_percent$$0000000C)
    _printf_s                                0x0800022d   Thumb Code     0  _printf_s.o(.ARM.Collect$$_printf_percent$$00000014)
    _printf_percent_end                      0x08000233   Thumb Code     0  _printf_percent_end.o(.ARM.Collect$$_printf_percent$$00000017)
    __rt_lib_init                            0x08000237   Thumb Code     0  libinit.o(.ARM.Collect$$libinit$$00000000)
    __rt_lib_init_fp_1                       0x08000239   Thumb Code     0  libinit2.o(.ARM.Collect$$libinit$$00000001)
    __rt_lib_init_alloca_1                   0x0800023d   Thumb Code     0  libinit2.o(.ARM.Collect$$libinit$$0000002E)
    __rt_lib_init_argv_1                     0x0800023d   Thumb Code     0  libinit2.o(.ARM.Collect$$libinit$$0000002C)
    __rt_lib_init_atexit_1                   0x0800023d   Thumb Code     0  libinit2.o(.ARM.Collect$$libinit$$0000001B)
    __rt_lib_init_clock_1                    0x0800023d   Thumb Code     0  libinit2.o(.ARM.Collect$$libinit$$00000021)
    __rt_lib_init_cpp_1                      0x0800023d   Thumb Code     0  libinit2.o(.ARM.Collect$$libinit$$00000032)
    __rt_lib_init_exceptions_1               0x0800023d   Thumb Code     0  libinit2.o(.ARM.Collect$$libinit$$00000030)
    __rt_lib_init_fp_trap_1                  0x0800023d   Thumb Code     0  libinit2.o(.ARM.Collect$$libinit$$0000001F)
    __rt_lib_init_getenv_1                   0x0800023d   Thumb Code     0  libinit2.o(.ARM.Collect$$libinit$$00000023)
    __rt_lib_init_heap_1                     0x0800023d   Thumb Code     0  libinit2.o(.ARM.Collect$$libinit$$0000000A)
    __rt_lib_init_lc_collate_1               0x0800023d   Thumb Code     0  libinit2.o(.ARM.Collect$$libinit$$00000011)
    __rt_lib_init_lc_ctype_1                 0x0800023d   Thumb Code     0  libinit2.o(.ARM.Collect$$libinit$$00000013)
    __rt_lib_init_lc_monetary_1              0x0800023d   Thumb Code     0  libinit2.o(.ARM.Collect$$libinit$$00000015)
    __rt_lib_init_lc_numeric_1               0x0800023d   Thumb Code     0  libinit2.o(.ARM.Collect$$libinit$$00000017)
    __rt_lib_init_lc_time_1                  0x0800023d   Thumb Code     0  libinit2.o(.ARM.Collect$$libinit$$00000019)
    __rt_lib_init_preinit_1                  0x0800023d   Thumb Code     0  libinit2.o(.ARM.Collect$$libinit$$00000004)
    __rt_lib_init_rand_1                     0x0800023d   Thumb Code     0  libinit2.o(.ARM.Collect$$libinit$$0000000E)
    __rt_lib_init_return                     0x0800023d   Thumb Code     0  libinit2.o(.ARM.Collect$$libinit$$00000033)
    __rt_lib_init_signal_1                   0x0800023d   Thumb Code     0  libinit2.o(.ARM.Collect$$libinit$$0000001D)
    __rt_lib_init_stdio_1                    0x0800023d   Thumb Code     0  libinit2.o(.ARM.Collect$$libinit$$00000025)
    __rt_lib_init_user_alloc_1               0x0800023d   Thumb Code     0  libinit2.o(.ARM.Collect$$libinit$$0000000C)
    __rt_lib_shutdown                        0x0800023f   Thumb Code     0  libshutdown.o(.ARM.Collect$$libshutdown$$00000000)
    __rt_lib_shutdown_cpp_1                  0x08000241   Thumb Code     0  libshutdown2.o(.ARM.Collect$$libshutdown$$00000002)
    __rt_lib_shutdown_fp_trap_1              0x08000241   Thumb Code     0  libshutdown2.o(.ARM.Collect$$libshutdown$$00000007)
    __rt_lib_shutdown_heap_1                 0x08000241   Thumb Code     0  libshutdown2.o(.ARM.Collect$$libshutdown$$0000000F)
    __rt_lib_shutdown_return                 0x08000241   Thumb Code     0  libshutdown2.o(.ARM.Collect$$libshutdown$$00000010)
    __rt_lib_shutdown_signal_1               0x08000241   Thumb Code     0  libshutdown2.o(.ARM.Collect$$libshutdown$$0000000A)
    __rt_lib_shutdown_stdio_1                0x08000241   Thumb Code     0  libshutdown2.o(.ARM.Collect$$libshutdown$$00000004)
    __rt_lib_shutdown_user_alloc_1           0x08000241   Thumb Code     0  libshutdown2.o(.ARM.Collect$$libshutdown$$0000000C)
    __rt_entry                               0x08000243   Thumb Code     0  __rtentry.o(.ARM.Collect$$rtentry$$00000000)
    __rt_entry_presh_1                       0x08000243   Thumb Code     0  __rtentry2.o(.ARM.Collect$$rtentry$$00000002)
    __rt_entry_sh                            0x08000243   Thumb Code     0  __rtentry4.o(.ARM.Collect$$rtentry$$00000004)
    __rt_entry_li                            0x08000249   Thumb Code     0  __rtentry2.o(.ARM.Collect$$rtentry$$0000000A)
    __rt_entry_postsh_1                      0x08000249   Thumb Code     0  __rtentry2.o(.ARM.Collect$$rtentry$$00000009)
    __rt_entry_main                          0x0800024d   Thumb Code     0  __rtentry2.o(.ARM.Collect$$rtentry$$0000000D)
    __rt_entry_postli_1                      0x0800024d   Thumb Code     0  __rtentry2.o(.ARM.Collect$$rtentry$$0000000C)
    __rt_exit                                0x08000255   Thumb Code     0  rtexit.o(.ARM.Collect$$rtexit$$00000000)
    __rt_exit_ls                             0x08000257   Thumb Code     0  rtexit2.o(.ARM.Collect$$rtexit$$00000003)
    __rt_exit_prels_1                        0x08000257   Thumb Code     0  rtexit2.o(.ARM.Collect$$rtexit$$00000002)
    __rt_exit_exit                           0x0800025b   Thumb Code     0  rtexit2.o(.ARM.Collect$$rtexit$$00000004)
    Reset_Handler                            0x08000261   Thumb Code     8  startup_stm32f429xx.o(.text)
    ADC_IRQHandler                           0x0800027b   Thumb Code     0  startup_stm32f429xx.o(.text)
    CAN1_RX0_IRQHandler                      0x0800027b   Thumb Code     0  startup_stm32f429xx.o(.text)
    CAN1_RX1_IRQHandler                      0x0800027b   Thumb Code     0  startup_stm32f429xx.o(.text)
    CAN1_SCE_IRQHandler                      0x0800027b   Thumb Code     0  startup_stm32f429xx.o(.text)
    CAN1_TX_IRQHandler                       0x0800027b   Thumb Code     0  startup_stm32f429xx.o(.text)
    CAN2_RX0_IRQHandler                      0x0800027b   Thumb Code     0  startup_stm32f429xx.o(.text)
    CAN2_RX1_IRQHandler                      0x0800027b   Thumb Code     0  startup_stm32f429xx.o(.text)
    CAN2_SCE_IRQHandler                      0x0800027b   Thumb Code     0  startup_stm32f429xx.o(.text)
    CAN2_TX_IRQHandler                       0x0800027b   Thumb Code     0  startup_stm32f429xx.o(.text)
    DCMI_IRQHandler                          0x0800027b   Thumb Code     0  startup_stm32f429xx.o(.text)
    DMA1_Stream0_IRQHandler                  0x0800027b   Thumb Code     0  startup_stm32f429xx.o(.text)
    DMA1_Stream1_IRQHandler                  0x0800027b   Thumb Code     0  startup_stm32f429xx.o(.text)
    DMA1_Stream2_IRQHandler                  0x0800027b   Thumb Code     0  startup_stm32f429xx.o(.text)
    DMA1_Stream3_IRQHandler                  0x0800027b   Thumb Code     0  startup_stm32f429xx.o(.text)
    DMA1_Stream4_IRQHandler                  0x0800027b   Thumb Code     0  startup_stm32f429xx.o(.text)
    DMA1_Stream5_IRQHandler                  0x0800027b   Thumb Code     0  startup_stm32f429xx.o(.text)
    DMA1_Stream6_IRQHandler                  0x0800027b   Thumb Code     0  startup_stm32f429xx.o(.text)
    DMA1_Stream7_IRQHandler                  0x0800027b   Thumb Code     0  startup_stm32f429xx.o(.text)
    DMA2D_IRQHandler                         0x0800027b   Thumb Code     0  startup_stm32f429xx.o(.text)
    DMA2_Stream0_IRQHandler                  0x0800027b   Thumb Code     0  startup_stm32f429xx.o(.text)
    DMA2_Stream1_IRQHandler                  0x0800027b   Thumb Code     0  startup_stm32f429xx.o(.text)
    DMA2_Stream2_IRQHandler                  0x0800027b   Thumb Code     0  startup_stm32f429xx.o(.text)
    DMA2_Stream3_IRQHandler                  0x0800027b   Thumb Code     0  startup_stm32f429xx.o(.text)
    DMA2_Stream4_IRQHandler                  0x0800027b   Thumb Code     0  startup_stm32f429xx.o(.text)
    DMA2_Stream5_IRQHandler                  0x0800027b   Thumb Code     0  startup_stm32f429xx.o(.text)
    DMA2_Stream6_IRQHandler                  0x0800027b   Thumb Code     0  startup_stm32f429xx.o(.text)
    DMA2_Stream7_IRQHandler                  0x0800027b   Thumb Code     0  startup_stm32f429xx.o(.text)
    ETH_IRQHandler                           0x0800027b   Thumb Code     0  startup_stm32f429xx.o(.text)
    ETH_WKUP_IRQHandler                      0x0800027b   Thumb Code     0  startup_stm32f429xx.o(.text)
    EXTI0_IRQHandler                         0x0800027b   Thumb Code     0  startup_stm32f429xx.o(.text)
    EXTI15_10_IRQHandler                     0x0800027b   Thumb Code     0  startup_stm32f429xx.o(.text)
    EXTI1_IRQHandler                         0x0800027b   Thumb Code     0  startup_stm32f429xx.o(.text)
    EXTI2_IRQHandler                         0x0800027b   Thumb Code     0  startup_stm32f429xx.o(.text)
    EXTI3_IRQHandler                         0x0800027b   Thumb Code     0  startup_stm32f429xx.o(.text)
    EXTI4_IRQHandler                         0x0800027b   Thumb Code     0  startup_stm32f429xx.o(.text)
    EXTI9_5_IRQHandler                       0x0800027b   Thumb Code     0  startup_stm32f429xx.o(.text)
    FLASH_IRQHandler                         0x0800027b   Thumb Code     0  startup_stm32f429xx.o(.text)
    FMC_IRQHandler                           0x0800027b   Thumb Code     0  startup_stm32f429xx.o(.text)
    FPU_IRQHandler                           0x0800027b   Thumb Code     0  startup_stm32f429xx.o(.text)
    HASH_RNG_IRQHandler                      0x0800027b   Thumb Code     0  startup_stm32f429xx.o(.text)
    I2C1_ER_IRQHandler                       0x0800027b   Thumb Code     0  startup_stm32f429xx.o(.text)
    I2C1_EV_IRQHandler                       0x0800027b   Thumb Code     0  startup_stm32f429xx.o(.text)
    I2C2_ER_IRQHandler                       0x0800027b   Thumb Code     0  startup_stm32f429xx.o(.text)
    I2C2_EV_IRQHandler                       0x0800027b   Thumb Code     0  startup_stm32f429xx.o(.text)
    I2C3_ER_IRQHandler                       0x0800027b   Thumb Code     0  startup_stm32f429xx.o(.text)
    I2C3_EV_IRQHandler                       0x0800027b   Thumb Code     0  startup_stm32f429xx.o(.text)
    LTDC_ER_IRQHandler                       0x0800027b   Thumb Code     0  startup_stm32f429xx.o(.text)
    LTDC_IRQHandler                          0x0800027b   Thumb Code     0  startup_stm32f429xx.o(.text)
    OTG_FS_IRQHandler                        0x0800027b   Thumb Code     0  startup_stm32f429xx.o(.text)
    OTG_FS_WKUP_IRQHandler                   0x0800027b   Thumb Code     0  startup_stm32f429xx.o(.text)
    OTG_HS_EP1_IN_IRQHandler                 0x0800027b   Thumb Code     0  startup_stm32f429xx.o(.text)
    OTG_HS_EP1_OUT_IRQHandler                0x0800027b   Thumb Code     0  startup_stm32f429xx.o(.text)
    OTG_HS_IRQHandler                        0x0800027b   Thumb Code     0  startup_stm32f429xx.o(.text)
    OTG_HS_WKUP_IRQHandler                   0x0800027b   Thumb Code     0  startup_stm32f429xx.o(.text)
    PVD_IRQHandler                           0x0800027b   Thumb Code     0  startup_stm32f429xx.o(.text)
    RCC_IRQHandler                           0x0800027b   Thumb Code     0  startup_stm32f429xx.o(.text)
    RTC_Alarm_IRQHandler                     0x0800027b   Thumb Code     0  startup_stm32f429xx.o(.text)
    RTC_WKUP_IRQHandler                      0x0800027b   Thumb Code     0  startup_stm32f429xx.o(.text)
    SAI1_IRQHandler                          0x0800027b   Thumb Code     0  startup_stm32f429xx.o(.text)
    SDIO_IRQHandler                          0x0800027b   Thumb Code     0  startup_stm32f429xx.o(.text)
    SPI1_IRQHandler                          0x0800027b   Thumb Code     0  startup_stm32f429xx.o(.text)
    SPI2_IRQHandler                          0x0800027b   Thumb Code     0  startup_stm32f429xx.o(.text)
    SPI3_IRQHandler                          0x0800027b   Thumb Code     0  startup_stm32f429xx.o(.text)
    SPI4_IRQHandler                          0x0800027b   Thumb Code     0  startup_stm32f429xx.o(.text)
    SPI5_IRQHandler                          0x0800027b   Thumb Code     0  startup_stm32f429xx.o(.text)
    SPI6_IRQHandler                          0x0800027b   Thumb Code     0  startup_stm32f429xx.o(.text)
    TAMP_STAMP_IRQHandler                    0x0800027b   Thumb Code     0  startup_stm32f429xx.o(.text)
    TIM1_BRK_TIM9_IRQHandler                 0x0800027b   Thumb Code     0  startup_stm32f429xx.o(.text)
    TIM1_CC_IRQHandler                       0x0800027b   Thumb Code     0  startup_stm32f429xx.o(.text)
    TIM1_TRG_COM_TIM11_IRQHandler            0x0800027b   Thumb Code     0  startup_stm32f429xx.o(.text)
    TIM1_UP_TIM10_IRQHandler                 0x0800027b   Thumb Code     0  startup_stm32f429xx.o(.text)
    TIM2_IRQHandler                          0x0800027b   Thumb Code     0  startup_stm32f429xx.o(.text)
    TIM3_IRQHandler                          0x0800027b   Thumb Code     0  startup_stm32f429xx.o(.text)
    TIM4_IRQHandler                          0x0800027b   Thumb Code     0  startup_stm32f429xx.o(.text)
    TIM5_IRQHandler                          0x0800027b   Thumb Code     0  startup_stm32f429xx.o(.text)
    TIM6_DAC_IRQHandler                      0x0800027b   Thumb Code     0  startup_stm32f429xx.o(.text)
    TIM7_IRQHandler                          0x0800027b   Thumb Code     0  startup_stm32f429xx.o(.text)
    TIM8_BRK_TIM12_IRQHandler                0x0800027b   Thumb Code     0  startup_stm32f429xx.o(.text)
    TIM8_CC_IRQHandler                       0x0800027b   Thumb Code     0  startup_stm32f429xx.o(.text)
    TIM8_TRG_COM_TIM14_IRQHandler            0x0800027b   Thumb Code     0  startup_stm32f429xx.o(.text)
    TIM8_UP_TIM13_IRQHandler                 0x0800027b   Thumb Code     0  startup_stm32f429xx.o(.text)
    UART4_IRQHandler                         0x0800027b   Thumb Code     0  startup_stm32f429xx.o(.text)
    UART5_IRQHandler                         0x0800027b   Thumb Code     0  startup_stm32f429xx.o(.text)
    UART7_IRQHandler                         0x0800027b   Thumb Code     0  startup_stm32f429xx.o(.text)
    UART8_IRQHandler                         0x0800027b   Thumb Code     0  startup_stm32f429xx.o(.text)
    USART3_IRQHandler                        0x0800027b   Thumb Code     0  startup_stm32f429xx.o(.text)
    USART6_IRQHandler                        0x0800027b   Thumb Code     0  startup_stm32f429xx.o(.text)
    WWDG_IRQHandler                          0x0800027b   Thumb Code     0  startup_stm32f429xx.o(.text)
    __user_initial_stackheap                 0x0800027d   Thumb Code     0  startup_stm32f429xx.o(.text)
    __use_no_semihosting                     0x080002a1   Thumb Code     2  use_no_semi_2.o(.text)
    __2printf                                0x080002a5   Thumb Code    20  noretval__2printf.o(.text)
    __printf                                 0x080002bd   Thumb Code   104  __printf.o(.text)
    _printf_str                              0x08000325   Thumb Code    82  _printf_str.o(.text)
    _printf_int_dec                          0x08000379   Thumb Code   104  _printf_dec.o(.text)
    _printf_int_hex                          0x080003f1   Thumb Code    84  _printf_hex_int.o(.text)
    _printf_longlong_hex                     0x080003f1   Thumb Code     0  _printf_hex_int.o(.text)
    __aeabi_memcpy4                          0x08000449   Thumb Code     0  rt_memcpy_w.o(.text)
    __aeabi_memcpy8                          0x08000449   Thumb Code     0  rt_memcpy_w.o(.text)
    __rt_memcpy_w                            0x08000449   Thumb Code   100  rt_memcpy_w.o(.text)
    _memcpy_lastbytes_aligned                0x08000491   Thumb Code     0  rt_memcpy_w.o(.text)
    strcmp                                   0x080004ad   Thumb Code   128  strcmpv7m.o(.text)
    __use_two_region_memory                  0x0800052d   Thumb Code     2  heapauxi.o(.text)
    __rt_heap_escrow$2region                 0x0800052f   Thumb Code     2  heapauxi.o(.text)
    __rt_heap_expand$2region                 0x08000531   Thumb Code     2  heapauxi.o(.text)
    __I$use$semihosting                      0x08000533   Thumb Code     0  use_no_semi.o(.text)
    __use_no_semihosting_swi                 0x08000533   Thumb Code     2  use_no_semi.o(.text)
    __read_errno                             0x08000535   Thumb Code    10  _rserrno.o(.text)
    __set_errno                              0x0800053f   Thumb Code    12  _rserrno.o(.text)
    _printf_int_common                       0x0800054b   Thumb Code   178  _printf_intcommon.o(.text)
    _printf_cs_common                        0x080005fd   Thumb Code    20  _printf_char.o(.text)
    _printf_char                             0x08000611   Thumb Code    16  _printf_char.o(.text)
    _printf_string                           0x08000621   Thumb Code     8  _printf_char.o(.text)
    _printf_char_file                        0x08000629   Thumb Code    32  _printf_char_file.o(.text)
    __aeabi_errno_addr                       0x0800064d   Thumb Code     8  rt_errno_addr_intlibspace.o(.text)
    __errno$intlibspace                      0x0800064d   Thumb Code     0  rt_errno_addr_intlibspace.o(.text)
    __rt_errno_addr$intlibspace              0x0800064d   Thumb Code     0  rt_errno_addr_intlibspace.o(.text)
    _printf_char_common                      0x0800065f   Thumb Code    32  _printf_char_common.o(.text)
    ferror                                   0x08000685   Thumb Code     8  ferror.o(.text)
    __user_libspace                          0x0800068d   Thumb Code     8  libspace.o(.text)
    __user_perproc_libspace                  0x0800068d   Thumb Code     0  libspace.o(.text)
    __user_perthread_libspace                0x0800068d   Thumb Code     0  libspace.o(.text)
    __user_setup_stackheap                   0x08000695   Thumb Code    74  sys_stackheap_outer.o(.text)
    exit                                     0x080006df   Thumb Code    18  exit.o(.text)
    AT24CXX_Init                             0x080006f1   Thumb Code     8  24cxx.o(i.AT24CXX_Init)
    AT24CXX_Read                             0x080006f9   Thumb Code    34  24cxx.o(i.AT24CXX_Read)
    AT24CXX_ReadOneByte                      0x0800071b   Thumb Code    88  24cxx.o(i.AT24CXX_ReadOneByte)
    AT24CXX_Write                            0x08000773   Thumb Code    36  24cxx.o(i.AT24CXX_Write)
    AT24CXX_WriteOneByte                     0x08000797   Thumb Code    80  24cxx.o(i.AT24CXX_WriteOneByte)
    BusFault_Handler                         0x080007e7   Thumb Code     4  stm32f4xx_it.o(i.BusFault_Handler)
    CT_Delay                                 0x080007eb   Thumb Code    10  ctiic.o(i.CT_Delay)
    CT_IIC_Ack                               0x080007f5   Thumb Code    48  ctiic.o(i.CT_IIC_Ack)
    CT_IIC_Init                              0x08000835   Thumb Code   118  ctiic.o(i.CT_IIC_Init)
    CT_IIC_NAck                              0x080008c1   Thumb Code    36  ctiic.o(i.CT_IIC_NAck)
    CT_IIC_Read_Byte                         0x080008f1   Thumb Code    70  ctiic.o(i.CT_IIC_Read_Byte)
    CT_IIC_Send_Byte                         0x08000941   Thumb Code    56  ctiic.o(i.CT_IIC_Send_Byte)
    CT_IIC_Start                             0x08000985   Thumb Code    42  ctiic.o(i.CT_IIC_Start)
    CT_IIC_Stop                              0x080009b9   Thumb Code    36  ctiic.o(i.CT_IIC_Stop)
    CT_IIC_Wait_Ack                          0x080009e5   Thumb Code    76  ctiic.o(i.CT_IIC_Wait_Ack)
    DebugMon_Handler                         0x08000a3d   Thumb Code     2  stm32f4xx_it.o(i.DebugMon_Handler)
    FMC_NORSRAM_Extended_Timing_Init         0x08000a41   Thumb Code    66  stm32f4xx_ll_fmc.o(i.FMC_NORSRAM_Extended_Timing_Init)
    FMC_NORSRAM_Init                         0x08000a89   Thumb Code   122  stm32f4xx_ll_fmc.o(i.FMC_NORSRAM_Init)
    FMC_NORSRAM_Timing_Init                  0x08000b09   Thumb Code    94  stm32f4xx_ll_fmc.o(i.FMC_NORSRAM_Timing_Init)
    FMC_SDRAM_Init                           0x08000b67   Thumb Code   116  stm32f4xx_ll_fmc.o(i.FMC_SDRAM_Init)
    FMC_SDRAM_ProgramRefreshRate             0x08000bdb   Thumb Code    14  stm32f4xx_ll_fmc.o(i.FMC_SDRAM_ProgramRefreshRate)
    FMC_SDRAM_SendCommand                    0x08000be9   Thumb Code    82  stm32f4xx_ll_fmc.o(i.FMC_SDRAM_SendCommand)
    FMC_SDRAM_Timing_Init                    0x08000c3b   Thumb Code   152  stm32f4xx_ll_fmc.o(i.FMC_SDRAM_Timing_Init)
    FT5206_Init                              0x08000cd5   Thumb Code   354  ft5206.o(i.FT5206_Init)
    FT5206_RD_Reg                            0x08000e69   Thumb Code    88  ft5206.o(i.FT5206_RD_Reg)
    FT5206_Scan                              0x08000ec1   Thumb Code   838  ft5206.o(i.FT5206_Scan)
    FT5206_WR_Reg                            0x08001229   Thumb Code    82  ft5206.o(i.FT5206_WR_Reg)
    GT9147_Init                              0x0800127d   Thumb Code   334  gt9147.o(i.GT9147_Init)
    GT9147_RD_Reg                            0x0800141d   Thumb Code    98  gt9147.o(i.GT9147_RD_Reg)
    GT9147_Scan                              0x08001481   Thumb Code   844  gt9147.o(i.GT9147_Scan)
    GT9147_Send_Cfg                          0x080017dd   Thumb Code    86  gt9147.o(i.GT9147_Send_Cfg)
    GT9147_WR_Reg                            0x08001839   Thumb Code    92  gt9147.o(i.GT9147_WR_Reg)
    GT9271_Init                              0x08001895   Thumb Code   298  gt9271.o(i.GT9271_Init)
    GT9271_RD_Reg                            0x080019f9   Thumb Code    98  gt9271.o(i.GT9271_RD_Reg)
    GT9271_Scan                              0x08001a5d   Thumb Code   510  gt9271.o(i.GT9271_Scan)
    GT9271_Send_Cfg                          0x08001c6d   Thumb Code    86  gt9271.o(i.GT9271_Send_Cfg)
    GT9271_WR_Reg                            0x08001cc9   Thumb Code    92  gt9271.o(i.GT9271_WR_Reg)
    HAL_GPIO_Init                            0x08001d25   Thumb Code   486  stm32f4xx_hal_gpio.o(i.HAL_GPIO_Init)
    HAL_GPIO_ReadPin                         0x08001f41   Thumb Code    16  stm32f4xx_hal_gpio.o(i.HAL_GPIO_ReadPin)
    HAL_GPIO_WritePin                        0x08001f51   Thumb Code    12  stm32f4xx_hal_gpio.o(i.HAL_GPIO_WritePin)
    HAL_GetTick                              0x08001f5d   Thumb Code     6  stm32f4xx_hal.o(i.HAL_GetTick)
    HAL_IncTick                              0x08001f69   Thumb Code    12  stm32f4xx_hal.o(i.HAL_IncTick)
    HAL_Init                                 0x08001f79   Thumb Code    54  stm32f4xx_hal.o(i.HAL_Init)
    HAL_InitTick                             0x08001fb5   Thumb Code    36  stm32f4xx_hal.o(i.HAL_InitTick)
    HAL_LTDC_ConfigLayer                     0x08001fd9   Thumb Code    94  stm32f4xx_hal_ltdc.o(i.HAL_LTDC_ConfigLayer)
    HAL_LTDC_Init                            0x08002039   Thumb Code   290  stm32f4xx_hal_ltdc.o(i.HAL_LTDC_Init)
    HAL_LTDC_MspInit                         0x08002161   Thumb Code   322  ltdc.o(i.HAL_LTDC_MspInit)
    HAL_LTDC_SetWindowPosition               0x080022bd   Thumb Code   108  stm32f4xx_hal_ltdc.o(i.HAL_LTDC_SetWindowPosition)
    HAL_LTDC_SetWindowSize                   0x08002329   Thumb Code   116  stm32f4xx_hal_ltdc.o(i.HAL_LTDC_SetWindowSize)
    HAL_MspInit                              0x0800239d   Thumb Code    10  stm32f4xx_hal.o(i.HAL_MspInit)
    HAL_NVIC_EnableIRQ                       0x080023a7   Thumb Code    26  stm32f4xx_hal_cortex.o(i.HAL_NVIC_EnableIRQ)
    HAL_NVIC_SetPriority                     0x080023c1   Thumb Code   124  stm32f4xx_hal_cortex.o(i.HAL_NVIC_SetPriority)
    HAL_NVIC_SetPriorityGrouping             0x0800243d   Thumb Code    32  stm32f4xx_hal_cortex.o(i.HAL_NVIC_SetPriorityGrouping)
    HAL_PWREx_EnableOverDrive                0x08002465   Thumb Code   152  stm32f4xx_hal_pwr_ex.o(i.HAL_PWREx_EnableOverDrive)
    HAL_RCCEx_PeriphCLKConfig                0x08002509   Thumb Code   848  stm32f4xx_hal_rcc_ex.o(i.HAL_RCCEx_PeriphCLKConfig)
    HAL_RCC_ClockConfig                      0x08002871   Thumb Code   680  stm32f4xx_hal_rcc.o(i.HAL_RCC_ClockConfig)
    HAL_RCC_GetHCLKFreq                      0x08002b21   Thumb Code    42  stm32f4xx_hal_rcc.o(i.HAL_RCC_GetHCLKFreq)
    HAL_RCC_GetPCLK1Freq                     0x08002b59   Thumb Code    36  stm32f4xx_hal_rcc.o(i.HAL_RCC_GetPCLK1Freq)
    HAL_RCC_GetPCLK2Freq                     0x08002b85   Thumb Code    36  stm32f4xx_hal_rcc.o(i.HAL_RCC_GetPCLK2Freq)
    HAL_RCC_GetSysClockFreq                  0x08002bb1   Thumb Code   168  stm32f4xx_hal_rcc.o(i.HAL_RCC_GetSysClockFreq)
    HAL_RCC_OscConfig                        0x08002c65   Thumb Code  1032  stm32f4xx_hal_rcc.o(i.HAL_RCC_OscConfig)
    HAL_SDRAM_Init                           0x0800306d   Thumb Code    64  stm32f4xx_hal_sdram.o(i.HAL_SDRAM_Init)
    HAL_SDRAM_MspInit                        0x080030ad   Thumb Code   282  sdram.o(i.HAL_SDRAM_MspInit)
    HAL_SDRAM_ProgramRefreshRate             0x080031e1   Thumb Code    40  stm32f4xx_hal_sdram.o(i.HAL_SDRAM_ProgramRefreshRate)
    HAL_SDRAM_SendCommand                    0x08003209   Thumb Code    58  stm32f4xx_hal_sdram.o(i.HAL_SDRAM_SendCommand)
    HAL_SRAM_Init                            0x08003243   Thumb Code    88  stm32f4xx_hal_sram.o(i.HAL_SRAM_Init)
    HAL_SRAM_MspInit                         0x0800329d   Thumb Code   152  lcd.o(i.HAL_SRAM_MspInit)
    HAL_SYSTICK_CLKSourceConfig              0x08003341   Thumb Code    40  stm32f4xx_hal_cortex.o(i.HAL_SYSTICK_CLKSourceConfig)
    HAL_SYSTICK_Config                       0x08003369   Thumb Code    52  stm32f4xx_hal_cortex.o(i.HAL_SYSTICK_Config)
    HAL_UART_ErrorCallback                   0x0800339d   Thumb Code     2  stm32f4xx_hal_uart.o(i.HAL_UART_ErrorCallback)
    HAL_UART_GetState                        0x0800339f   Thumb Code     8  stm32f4xx_hal_uart.o(i.HAL_UART_GetState)
    HAL_UART_IRQHandler                      0x080033a7   Thumb Code   304  stm32f4xx_hal_uart.o(i.HAL_UART_IRQHandler)
    HAL_UART_Init                            0x080034d7   Thumb Code   110  stm32f4xx_hal_uart.o(i.HAL_UART_Init)
    HAL_UART_MspInit                         0x08003545   Thumb Code   144  usart.o(i.HAL_UART_MspInit)
    HAL_UART_Receive                         0x080035e1   Thumb Code   248  stm32f4xx_hal_uart.o(i.HAL_UART_Receive)
    HAL_UART_Receive_IT                      0x080036d9   Thumb Code   134  stm32f4xx_hal_uart.o(i.HAL_UART_Receive_IT)
    HAL_UART_RxCpltCallback                  0x08003761   Thumb Code   120  usart.o(i.HAL_UART_RxCpltCallback)
    HAL_UART_TxCpltCallback                  0x080037e9   Thumb Code     2  stm32f4xx_hal_uart.o(i.HAL_UART_TxCpltCallback)
    HardFault_Handler                        0x080037eb   Thumb Code     4  stm32f4xx_it.o(i.HardFault_Handler)
    IIC_Ack                                  0x080037f1   Thumb Code    66  myiic.o(i.IIC_Ack)
    IIC_Init                                 0x08003841   Thumb Code    74  myiic.o(i.IIC_Init)
    IIC_NAck                                 0x0800389d   Thumb Code    66  myiic.o(i.IIC_NAck)
    IIC_Read_Byte                            0x080038ed   Thumb Code    94  myiic.o(i.IIC_Read_Byte)
    IIC_Send_Byte                            0x08003959   Thumb Code    90  myiic.o(i.IIC_Send_Byte)
    IIC_Start                                0x080039c1   Thumb Code    64  myiic.o(i.IIC_Start)
    IIC_Stop                                 0x08003a0d   Thumb Code    64  myiic.o(i.IIC_Stop)
    IIC_Wait_Ack                             0x08003a59   Thumb Code    82  myiic.o(i.IIC_Wait_Ack)
    KEY_Init                                 0x08003ab9   Thumb Code   162  key.o(i.KEY_Init)
    LCD_Clear                                0x08003b6d   Thumb Code    58  lcd.o(i.LCD_Clear)
    LCD_Display_Dir                          0x08003bb5   Thumb Code   390  lcd.o(i.LCD_Display_Dir)
    LCD_DrawLine                             0x08003d45   Thumb Code   176  lcd.o(i.LCD_DrawLine)
    LCD_DrawPoint                            0x08003df5   Thumb Code    48  lcd.o(i.LCD_DrawPoint)
    LCD_DrawRectangle                        0x08003e31   Thumb Code    64  lcd.o(i.LCD_DrawRectangle)
    LCD_Draw_Circle                          0x08003e71   Thumb Code   152  lcd.o(i.LCD_Draw_Circle)
    LCD_Fast_DrawPoint                       0x08003f09   Thumb Code   254  lcd.o(i.LCD_Fast_DrawPoint)
    LCD_Fill                                 0x08004015   Thumb Code   104  lcd.o(i.LCD_Fill)
    LCD_GetCursor                            0x08004085   Thumb Code    14  lcd.o(i.LCD_GetCursor)
    LCD_Init                                 0x0800409d   Thumb Code 11398  lcd.o(i.LCD_Init)
    LCD_Pow                                  0x08006d31   Thumb Code    22  lcd.o(i.LCD_Pow)
    LCD_RD_DATA                              0x08006d49   Thumb Code    14  lcd.o(i.LCD_RD_DATA)
    LCD_SSD_BackLightSet                     0x08006d5d   Thumb Code    88  lcd.o(i.LCD_SSD_BackLightSet)
    LCD_Scan_Dir                             0x08006dbd   Thumb Code   568  lcd.o(i.LCD_Scan_Dir)
    LCD_SetCursor                            0x08006ff9   Thumb Code   290  lcd.o(i.LCD_SetCursor)
    LCD_ShowChar                             0x08007129   Thumb Code   288  lcd.o(i.LCD_ShowChar)
    LCD_ShowNum                              0x08007265   Thumb Code   148  lcd.o(i.LCD_ShowNum)
    LCD_ShowString                           0x080072f9   Thumb Code   102  lcd.o(i.LCD_ShowString)
    LCD_WR_DATA                              0x08007361   Thumb Code    18  lcd.o(i.LCD_WR_DATA)
    LCD_WR_REG                               0x08007379   Thumb Code    18  lcd.o(i.LCD_WR_REG)
    LCD_WriteRAM_Prepare                     0x08007391   Thumb Code    10  lcd.o(i.LCD_WriteRAM_Prepare)
    LCD_WriteReg                             0x080073a5   Thumb Code    10  lcd.o(i.LCD_WriteReg)
    LED_Init                                 0x080073b5   Thumb Code    82  led.o(i.LED_Init)
    LTDC_Clear                               0x08007411   Thumb Code    32  ltdc.o(i.LTDC_Clear)
    LTDC_Clk_Set                             0x08007435   Thumb Code    38  ltdc.o(i.LTDC_Clk_Set)
    LTDC_Display_Dir                         0x0800745d   Thumb Code    40  ltdc.o(i.LTDC_Display_Dir)
    LTDC_Draw_Point                          0x08007489   Thumb Code    70  ltdc.o(i.LTDC_Draw_Point)
    LTDC_Fill                                0x080074d9   Thumb Code   340  ltdc.o(i.LTDC_Fill)
    LTDC_Init                                0x0800763d   Thumb Code   646  ltdc.o(i.LTDC_Init)
    LTDC_Layer_Parameter_Config              0x080078e1   Thumb Code   114  ltdc.o(i.LTDC_Layer_Parameter_Config)
    LTDC_Layer_Window_Config                 0x0800795d   Thumb Code    44  ltdc.o(i.LTDC_Layer_Window_Config)
    LTDC_PanelID_Read                        0x0800798d   Thumb Code   198  ltdc.o(i.LTDC_PanelID_Read)
    LTDC_Select_Layer                        0x08007a61   Thumb Code     6  ltdc.o(i.LTDC_Select_Layer)
    Load_Drow_Dialog                         0x08007c81   Thumb Code    52  main.o(i.Load_Drow_Dialog)
    MemManage_Handler                        0x08007cc1   Thumb Code     4  stm32f4xx_it.o(i.MemManage_Handler)
    NMI_Handler                              0x08007cc5   Thumb Code     2  stm32f4xx_it.o(i.NMI_Handler)
    OTT2001A_Init                            0x08007d01   Thumb Code   186  ott2001a.o(i.OTT2001A_Init)
    OTT2001A_RD_Reg                          0x08007ddd   Thumb Code    98  ott2001a.o(i.OTT2001A_RD_Reg)
    OTT2001A_Scan                            0x08007e41   Thumb Code   468  ott2001a.o(i.OTT2001A_Scan)
    OTT2001A_SensorControl                   0x08008039   Thumb Code    28  ott2001a.o(i.OTT2001A_SensorControl)
    OTT2001A_WR_Reg                          0x08008055   Thumb Code    92  ott2001a.o(i.OTT2001A_WR_Reg)
    PendSV_Handler                           0x080080b1   Thumb Code     2  stm32f4xx_it.o(i.PendSV_Handler)
    SDRAM_Init                               0x080080b5   Thumb Code    96  sdram.o(i.SDRAM_Init)
    SDRAM_Initialization_Sequence            0x0800811d   Thumb Code    78  sdram.o(i.SDRAM_Initialization_Sequence)
    SDRAM_Send_Cmd                           0x08008171   Thumb Code    68  sdram.o(i.SDRAM_Send_Cmd)
    SVC_Handler                              0x080081b9   Thumb Code     2  stm32f4xx_it.o(i.SVC_Handler)
    Stm32_Clock_Init                         0x080081bd   Thumb Code   176  sys.o(i.Stm32_Clock_Init)
    SysTick_Handler                          0x08008275   Thumb Code     8  stm32f4xx_it.o(i.SysTick_Handler)
    SystemInit                               0x0800827d   Thumb Code    82  system_stm32f4xx.o(i.SystemInit)
    TP_Adj_Info_Show                         0x080082e1   Thumb Code   374  touch.o(i.TP_Adj_Info_Show)
    TP_Adjust                                0x08008489   Thumb Code  2272  touch.o(i.TP_Adjust)
    TP_Drow_Touch_Point                      0x08008d89   Thumb Code   108  touch.o(i.TP_Drow_Touch_Point)
    TP_Get_Adjdata                           0x08008df9   Thumb Code    68  touch.o(i.TP_Get_Adjdata)
    TP_Init                                  0x08008e49   Thumb Code   516  touch.o(i.TP_Init)
    TP_Read_AD                               0x08009075   Thumb Code   130  touch.o(i.TP_Read_AD)
    TP_Read_XOY                              0x0800910d   Thumb Code   120  touch.o(i.TP_Read_XOY)
    TP_Read_XY                               0x08009185   Thumb Code    38  touch.o(i.TP_Read_XY)
    TP_Read_XY2                              0x080091b5   Thumb Code   192  touch.o(i.TP_Read_XY2)
    TP_Save_Adjdata                          0x08009275   Thumb Code    22  touch.o(i.TP_Save_Adjdata)
    TP_Scan                                  0x08009291   Thumb Code   236  touch.o(i.TP_Scan)
    TP_Write_Byte                            0x08009385   Thumb Code    64  touch.o(i.TP_Write_Byte)
    UI_100                                   0x0800984d   Thumb Code   248  easyui.o(i.UI_100)
    UI_200                                   0x08009991   Thumb Code   256  easyui.o(i.UI_200)
    UI_300                                   0x08009acd   Thumb Code   256  easyui.o(i.UI_300)
    UI_Init                                  0x08009c19   Thumb Code    22  easyui.o(i.UI_Init)
    UI_Main                                  0x08009c35   Thumb Code   340  easyui.o(i.UI_Main)
    UI_TouchHandler                          0x08009e19   Thumb Code   188  easyui.o(i.UI_TouchHandler)
    USART1_IRQHandler                        0x08009ed9   Thumb Code    66  usart.o(i.USART1_IRQHandler)
    USART2_IRQHandler                        0x08009f29   Thumb Code    60  rs485.o(i.USART2_IRQHandler)
    UsageFault_Handler                       0x08009f71   Thumb Code     4  stm32f4xx_it.o(i.UsageFault_Handler)
    __hardfp_sqrt                            0x08009f75   Thumb Code   122  sqrt.o(i.__hardfp_sqrt)
    _sys_exit                                0x08009fef   Thumb Code     4  usart.o(i._sys_exit)
    ctp_test                                 0x08009ff5   Thumb Code   310  main.o(i.ctp_test)
    delay_init                               0x0800a13d   Thumb Code    16  delay.o(i.delay_init)
    delay_ms                                 0x0800a151   Thumb Code    24  delay.o(i.delay_ms)
    delay_us                                 0x0800a169   Thumb Code    68  delay.o(i.delay_us)
    fputc                                    0x0800a1b1   Thumb Code    22  usart.o(i.fputc)
    gui_draw_hline                           0x0800a1cd   Thumb Code    74  main.o(i.gui_draw_hline)
    gui_fill_circle                          0x0800a21d   Thumb Code   176  main.o(i.gui_fill_circle)
    lcd_draw_bline                           0x0800a2cd   Thumb Code   212  main.o(i.lcd_draw_bline)
    main                                     0x0800a3a1   Thumb Code    70  main.o(i.main)
    uart_init                                0x0800a3f1   Thumb Code    44  usart.o(i.uart_init)
    __aeabi_dadd                             0x0800a429   Thumb Code     0  daddsub_clz.o(x$fpl$dadd)
    _dadd                                    0x0800a429   Thumb Code   332  daddsub_clz.o(x$fpl$dadd)
    __fpl_dcmp_Inf                           0x0800a579   Thumb Code    24  dcmpi.o(x$fpl$dcmpinf)
    __aeabi_d2uiz                            0x0800a591   Thumb Code     0  dfixu.o(x$fpl$dfixu)
    _dfixu                                   0x0800a591   Thumb Code    90  dfixu.o(x$fpl$dfixu)
    __aeabi_i2d                              0x0800a5eb   Thumb Code     0  dflt_clz.o(x$fpl$dflt)
    _dflt                                    0x0800a5eb   Thumb Code    46  dflt_clz.o(x$fpl$dflt)
    __aeabi_ui2d                             0x0800a619   Thumb Code     0  dflt_clz.o(x$fpl$dfltu)
    _dfltu                                   0x0800a619   Thumb Code    38  dflt_clz.o(x$fpl$dfltu)
    __aeabi_cdcmple                          0x0800a641   Thumb Code     0  dleqf.o(x$fpl$dleqf)
    _dcmple                                  0x0800a641   Thumb Code   120  dleqf.o(x$fpl$dleqf)
    __fpl_dcmple_InfNaN                      0x0800a6a3   Thumb Code     0  dleqf.o(x$fpl$dleqf)
    __aeabi_dmul                             0x0800a6b9   Thumb Code     0  dmul.o(x$fpl$dmul)
    _dmul                                    0x0800a6b9   Thumb Code   332  dmul.o(x$fpl$dmul)
    __fpl_dnaninf                            0x0800a80d   Thumb Code   156  dnaninf.o(x$fpl$dnaninf)
    __fpl_dretinf                            0x0800a8a9   Thumb Code    12  dretinf.o(x$fpl$dretinf)
    __aeabi_cdrcmple                         0x0800a8b5   Thumb Code     0  drleqf.o(x$fpl$drleqf)
    _drcmple                                 0x0800a8b5   Thumb Code   108  drleqf.o(x$fpl$drleqf)
    __aeabi_drsub                            0x0800a921   Thumb Code     0  daddsub_clz.o(x$fpl$drsb)
    _drsb                                    0x0800a921   Thumb Code    22  daddsub_clz.o(x$fpl$drsb)
    _dsqrt                                   0x0800a939   Thumb Code   404  dsqrt_umaal.o(x$fpl$dsqrt)
    __aeabi_dsub                             0x0800aad1   Thumb Code     0  daddsub_clz.o(x$fpl$dsub)
    _dsub                                    0x0800aad1   Thumb Code   464  daddsub_clz.o(x$fpl$dsub)
    __aeabi_f2d                              0x0800aca5   Thumb Code     0  f2d.o(x$fpl$f2d)
    _f2d                                     0x0800aca5   Thumb Code    86  f2d.o(x$fpl$f2d)
    __fpl_fnaninf                            0x0800acfb   Thumb Code   140  fnaninf.o(x$fpl$fnaninf)
    _fp_init                                 0x0800ad87   Thumb Code    10  fpinit.o(x$fpl$fpinit)
    __fplib_config_fpu_vfp                   0x0800ad8f   Thumb Code     0  fpinit.o(x$fpl$fpinit)
    __fplib_config_pureend_doubles           0x0800ad8f   Thumb Code     0  fpinit.o(x$fpl$fpinit)
    POINT_COLOR_TBL                          0x0800ad90   Data          20  main.o(.constdata)
    __I$use$fp                               0x0800ad90   Number         0  usenofp.o(x$fpl$usenofp)
    APBAHBPrescTable                         0x0800ada4   Data          16  stm32f4xx_hal_rcc.o(.constdata)
    asc2_1206                                0x0800adb4   Data        1140  lcd.o(.constdata)
    asc2_1608                                0x0800b228   Data        1520  lcd.o(.constdata)
    asc2_2412                                0x0800b818   Data        3420  lcd.o(.constdata)
    asc2_3216                                0x0800c574   Data       12160  lcd.o(.constdata)
    FT5206_TPX_TBL                           0x0800f4f4   Data          10  ft5206.o(.constdata)
    GT911_TPX_TBL                            0x0800f4fe   Data          10  ft5206.o(.constdata)
    TP_REMIND_MSG_TBL                        0x0800f508   Data           4  touch.o(.constdata)
    GT9147_CFG_TBL                           0x0800f50c   Data         184  gt9147.o(.constdata)
    GT9147_TPX_TBL                           0x0800f5c4   Data          10  gt9147.o(.constdata)
    GT9271_CFG_TBL                           0x0800f5ce   Data         186  gt9271.o(.constdata)
    GT9271_TPX_TBL                           0x0800f688   Data          20  gt9271.o(.constdata)
    OTT_TPX_TBL                              0x0800f69c   Data          10  ott2001a.o(.constdata)
    Region$$Table$$Base                      0x0800f74c   Number         0  anon$$obj.o(Region$$Table)
    Region$$Table$$Limit                     0x0800f76c   Number         0  anon$$obj.o(Region$$Table)
    SystemCoreClock                          0x20000000   Data           4  system_stm32f4xx.o(.data)
    AHBPrescTable                            0x20000004   Data          16  system_stm32f4xx.o(.data)
    __stdout                                 0x2000001c   Data           4  usart.o(.data)
    USART_RX_STA                             0x20000020   Data           2  usart.o(.data)
    aRxBuffer                                0x20000022   Data           1  usart.o(.data)
    RS485_RX_CNT                             0x20000023   Data           1  rs485.o(.data)
    POINT_COLOR                              0x20000028   Data           4  lcd.o(.data)
    BACK_COLOR                               0x2000002c   Data           4  lcd.o(.data)
    g_curX                                   0x20000030   Data           2  lcd.o(.data)
    g_curY                                   0x20000032   Data           2  lcd.o(.data)
    CIP                                      0x20000034   Data           5  ft5206.o(.data)
    g_gt_tnum                                0x20000039   Data           1  ft5206.o(.data)
    tp_dev                                   0x2000003c   Data          72  touch.o(.data)
    CMD_RDX                                  0x20000084   Data           1  touch.o(.data)
    CMD_RDY                                  0x20000085   Data           1  touch.o(.data)
    ltdc_framebuf                            0x20000088   Data           8  ltdc.o(.data)
    USART_RX_BUF                             0x20000094   Data         200  usart.o(.bss)
    UART1_Handler                            0x2000015c   Data          64  usart.o(.bss)
    USART2_RS485Handler                      0x2000019c   Data          64  rs485.o(.bss)
    RS485_RX_BUF                             0x200001dc   Data          64  rs485.o(.bss)
    SRAM_Handler                             0x2000021c   Data          80  lcd.o(.bss)
    lcddev                                   0x2000026c   Data          14  lcd.o(.bss)
    LTDC_Handler                             0x2000027c   Data         168  ltdc.o(.bss)
    DMA2D_Handler                            0x20000324   Data          64  ltdc.o(.bss)
    lcdltdc                                  0x20000364   Data          32  ltdc.o(.bss)
    SDRAM_Handler                            0x20000384   Data          52  sdram.o(.bss)
    __libspace_start                         0x200003b8   Data          96  libspace.o(.bss)
    __temporary_stack_top$libspace           0x20000418   Data           0  libspace.o(.bss)
    ltdc_lcd_framebuf                        0xc0000000   Data       2048000  ltdc.o(.ARM.__AT_0xC0000000)



==============================================================================

Memory Map of the image

  Image Entry point : 0x080001ad

  Load Region LR_IROM1 (Base: 0x08000000, Size: 0x0000f800, Max: 0x00100000, ABSOLUTE)

    Execution Region ER_IROM1 (Exec base: 0x08000000, Load base: 0x08000000, Size: 0x0000f76c, Max: 0x00100000, ABSOLUTE)

    Exec Addr    Load Addr    Size         Type   Attr      Idx    E Section Name        Object

    0x08000000   0x08000000   0x000001ac   Data   RO          546    RESET               startup_stm32f429xx.o
    0x080001ac   0x080001ac   0x00000008   Code   RO         6288  * !!!main             c_w.l(__main.o)
    0x080001b4   0x080001b4   0x00000034   Code   RO         6524    !!!scatter          c_w.l(__scatter.o)
    0x080001e8   0x080001e8   0x0000001a   Code   RO         6526    !!handler_copy      c_w.l(__scatter_copy.o)
    0x08000202   0x08000202   0x00000002   PAD
    0x08000204   0x08000204   0x0000001c   Code   RO         6528    !!handler_zi        c_w.l(__scatter_zi.o)
    0x08000220   0x08000220   0x00000000   Code   RO         6281    .ARM.Collect$$_printf_percent$$00000000  c_w.l(_printf_percent.o)
    0x08000220   0x08000220   0x00000006   Code   RO         6280    .ARM.Collect$$_printf_percent$$00000009  c_w.l(_printf_d.o)
    0x08000226   0x08000226   0x00000006   Code   RO         6279    .ARM.Collect$$_printf_percent$$0000000C  c_w.l(_printf_x.o)
    0x0800022c   0x0800022c   0x00000006   Code   RO         6278    .ARM.Collect$$_printf_percent$$00000014  c_w.l(_printf_s.o)
    0x08000232   0x08000232   0x00000004   Code   RO         6349    .ARM.Collect$$_printf_percent$$00000017  c_w.l(_printf_percent_end.o)
    0x08000236   0x08000236   0x00000002   Code   RO         6401    .ARM.Collect$$libinit$$00000000  c_w.l(libinit.o)
    0x08000238   0x08000238   0x00000004   Code   RO         6404    .ARM.Collect$$libinit$$00000001  c_w.l(libinit2.o)
    0x0800023c   0x0800023c   0x00000000   Code   RO         6407    .ARM.Collect$$libinit$$00000004  c_w.l(libinit2.o)
    0x0800023c   0x0800023c   0x00000000   Code   RO         6410    .ARM.Collect$$libinit$$0000000A  c_w.l(libinit2.o)
    0x0800023c   0x0800023c   0x00000000   Code   RO         6412    .ARM.Collect$$libinit$$0000000C  c_w.l(libinit2.o)
    0x0800023c   0x0800023c   0x00000000   Code   RO         6414    .ARM.Collect$$libinit$$0000000E  c_w.l(libinit2.o)
    0x0800023c   0x0800023c   0x00000000   Code   RO         6417    .ARM.Collect$$libinit$$00000011  c_w.l(libinit2.o)
    0x0800023c   0x0800023c   0x00000000   Code   RO         6419    .ARM.Collect$$libinit$$00000013  c_w.l(libinit2.o)
    0x0800023c   0x0800023c   0x00000000   Code   RO         6421    .ARM.Collect$$libinit$$00000015  c_w.l(libinit2.o)
    0x0800023c   0x0800023c   0x00000000   Code   RO         6423    .ARM.Collect$$libinit$$00000017  c_w.l(libinit2.o)
    0x0800023c   0x0800023c   0x00000000   Code   RO         6425    .ARM.Collect$$libinit$$00000019  c_w.l(libinit2.o)
    0x0800023c   0x0800023c   0x00000000   Code   RO         6427    .ARM.Collect$$libinit$$0000001B  c_w.l(libinit2.o)
    0x0800023c   0x0800023c   0x00000000   Code   RO         6429    .ARM.Collect$$libinit$$0000001D  c_w.l(libinit2.o)
    0x0800023c   0x0800023c   0x00000000   Code   RO         6431    .ARM.Collect$$libinit$$0000001F  c_w.l(libinit2.o)
    0x0800023c   0x0800023c   0x00000000   Code   RO         6433    .ARM.Collect$$libinit$$00000021  c_w.l(libinit2.o)
    0x0800023c   0x0800023c   0x00000000   Code   RO         6435    .ARM.Collect$$libinit$$00000023  c_w.l(libinit2.o)
    0x0800023c   0x0800023c   0x00000000   Code   RO         6437    .ARM.Collect$$libinit$$00000025  c_w.l(libinit2.o)
    0x0800023c   0x0800023c   0x00000000   Code   RO         6441    .ARM.Collect$$libinit$$0000002C  c_w.l(libinit2.o)
    0x0800023c   0x0800023c   0x00000000   Code   RO         6443    .ARM.Collect$$libinit$$0000002E  c_w.l(libinit2.o)
    0x0800023c   0x0800023c   0x00000000   Code   RO         6445    .ARM.Collect$$libinit$$00000030  c_w.l(libinit2.o)
    0x0800023c   0x0800023c   0x00000000   Code   RO         6447    .ARM.Collect$$libinit$$00000032  c_w.l(libinit2.o)
    0x0800023c   0x0800023c   0x00000002   Code   RO         6448    .ARM.Collect$$libinit$$00000033  c_w.l(libinit2.o)
    0x0800023e   0x0800023e   0x00000002   Code   RO         6466    .ARM.Collect$$libshutdown$$00000000  c_w.l(libshutdown.o)
    0x08000240   0x08000240   0x00000000   Code   RO         6476    .ARM.Collect$$libshutdown$$00000002  c_w.l(libshutdown2.o)
    0x08000240   0x08000240   0x00000000   Code   RO         6478    .ARM.Collect$$libshutdown$$00000004  c_w.l(libshutdown2.o)
    0x08000240   0x08000240   0x00000000   Code   RO         6481    .ARM.Collect$$libshutdown$$00000007  c_w.l(libshutdown2.o)
    0x08000240   0x08000240   0x00000000   Code   RO         6484    .ARM.Collect$$libshutdown$$0000000A  c_w.l(libshutdown2.o)
    0x08000240   0x08000240   0x00000000   Code   RO         6486    .ARM.Collect$$libshutdown$$0000000C  c_w.l(libshutdown2.o)
    0x08000240   0x08000240   0x00000000   Code   RO         6489    .ARM.Collect$$libshutdown$$0000000F  c_w.l(libshutdown2.o)
    0x08000240   0x08000240   0x00000002   Code   RO         6490    .ARM.Collect$$libshutdown$$00000010  c_w.l(libshutdown2.o)
    0x08000242   0x08000242   0x00000000   Code   RO         6340    .ARM.Collect$$rtentry$$00000000  c_w.l(__rtentry.o)
    0x08000242   0x08000242   0x00000000   Code   RO         6362    .ARM.Collect$$rtentry$$00000002  c_w.l(__rtentry2.o)
    0x08000242   0x08000242   0x00000006   Code   RO         6374    .ARM.Collect$$rtentry$$00000004  c_w.l(__rtentry4.o)
    0x08000248   0x08000248   0x00000000   Code   RO         6364    .ARM.Collect$$rtentry$$00000009  c_w.l(__rtentry2.o)
    0x08000248   0x08000248   0x00000004   Code   RO         6365    .ARM.Collect$$rtentry$$0000000A  c_w.l(__rtentry2.o)
    0x0800024c   0x0800024c   0x00000000   Code   RO         6367    .ARM.Collect$$rtentry$$0000000C  c_w.l(__rtentry2.o)
    0x0800024c   0x0800024c   0x00000008   Code   RO         6368    .ARM.Collect$$rtentry$$0000000D  c_w.l(__rtentry2.o)
    0x08000254   0x08000254   0x00000002   Code   RO         6402    .ARM.Collect$$rtexit$$00000000  c_w.l(rtexit.o)
    0x08000256   0x08000256   0x00000000   Code   RO         6450    .ARM.Collect$$rtexit$$00000002  c_w.l(rtexit2.o)
    0x08000256   0x08000256   0x00000004   Code   RO         6451    .ARM.Collect$$rtexit$$00000003  c_w.l(rtexit2.o)
    0x0800025a   0x0800025a   0x00000006   Code   RO         6452    .ARM.Collect$$rtexit$$00000004  c_w.l(rtexit2.o)
    0x08000260   0x08000260   0x00000040   Code   RO          547    .text               startup_stm32f429xx.o
    0x080002a0   0x080002a0   0x00000002   Code   RO         6225    .text               c_w.l(use_no_semi_2.o)
    0x080002a2   0x080002a2   0x00000002   PAD
    0x080002a4   0x080002a4   0x00000018   Code   RO         6229    .text               c_w.l(noretval__2printf.o)
    0x080002bc   0x080002bc   0x00000068   Code   RO         6231    .text               c_w.l(__printf.o)
    0x08000324   0x08000324   0x00000052   Code   RO         6233    .text               c_w.l(_printf_str.o)
    0x08000376   0x08000376   0x00000002   PAD
    0x08000378   0x08000378   0x00000078   Code   RO         6235    .text               c_w.l(_printf_dec.o)
    0x080003f0   0x080003f0   0x00000058   Code   RO         6240    .text               c_w.l(_printf_hex_int.o)
    0x08000448   0x08000448   0x00000064   Code   RO         6282    .text               c_w.l(rt_memcpy_w.o)
    0x080004ac   0x080004ac   0x00000080   Code   RO         6284    .text               c_w.l(strcmpv7m.o)
    0x0800052c   0x0800052c   0x00000006   Code   RO         6286    .text               c_w.l(heapauxi.o)
    0x08000532   0x08000532   0x00000002   Code   RO         6338    .text               c_w.l(use_no_semi.o)
    0x08000534   0x08000534   0x00000016   Code   RO         6341    .text               c_w.l(_rserrno.o)
    0x0800054a   0x0800054a   0x000000b2   Code   RO         6343    .text               c_w.l(_printf_intcommon.o)
    0x080005fc   0x080005fc   0x0000002c   Code   RO         6345    .text               c_w.l(_printf_char.o)
    0x08000628   0x08000628   0x00000024   Code   RO         6347    .text               c_w.l(_printf_char_file.o)
    0x0800064c   0x0800064c   0x00000008   Code   RO         6379    .text               c_w.l(rt_errno_addr_intlibspace.o)
    0x08000654   0x08000654   0x00000030   Code   RO         6381    .text               c_w.l(_printf_char_common.o)
    0x08000684   0x08000684   0x00000008   Code   RO         6383    .text               c_w.l(ferror.o)
    0x0800068c   0x0800068c   0x00000008   Code   RO         6387    .text               c_w.l(libspace.o)
    0x08000694   0x08000694   0x0000004a   Code   RO         6390    .text               c_w.l(sys_stackheap_outer.o)
    0x080006de   0x080006de   0x00000012   Code   RO         6394    .text               c_w.l(exit.o)
    0x080006f0   0x080006f0   0x00000008   Code   RO         5945    i.AT24CXX_Init      24cxx.o
    0x080006f8   0x080006f8   0x00000022   Code   RO         5946    i.AT24CXX_Read      24cxx.o
    0x0800071a   0x0800071a   0x00000058   Code   RO         5948    i.AT24CXX_ReadOneByte  24cxx.o
    0x08000772   0x08000772   0x00000024   Code   RO         5949    i.AT24CXX_Write     24cxx.o
    0x08000796   0x08000796   0x00000050   Code   RO         5951    i.AT24CXX_WriteOneByte  24cxx.o
    0x080007e6   0x080007e6   0x00000004   Code   RO          333    i.BusFault_Handler  stm32f4xx_it.o
    0x080007ea   0x080007ea   0x0000000a   Code   RO         5600    i.CT_Delay          ctiic.o
    0x080007f4   0x080007f4   0x00000040   Code   RO         5601    i.CT_IIC_Ack        ctiic.o
    0x08000834   0x08000834   0x0000008c   Code   RO         5602    i.CT_IIC_Init       ctiic.o
    0x080008c0   0x080008c0   0x00000030   Code   RO         5603    i.CT_IIC_NAck       ctiic.o
    0x080008f0   0x080008f0   0x00000050   Code   RO         5604    i.CT_IIC_Read_Byte  ctiic.o
    0x08000940   0x08000940   0x00000044   Code   RO         5605    i.CT_IIC_Send_Byte  ctiic.o
    0x08000984   0x08000984   0x00000034   Code   RO         5606    i.CT_IIC_Start      ctiic.o
    0x080009b8   0x080009b8   0x0000002c   Code   RO         5607    i.CT_IIC_Stop       ctiic.o
    0x080009e4   0x080009e4   0x00000058   Code   RO         5608    i.CT_IIC_Wait_Ack   ctiic.o
    0x08000a3c   0x08000a3c   0x00000002   Code   RO          334    i.DebugMon_Handler  stm32f4xx_it.o
    0x08000a3e   0x08000a3e   0x00000002   PAD
    0x08000a40   0x08000a40   0x00000048   Code   RO         4617    i.FMC_NORSRAM_Extended_Timing_Init  stm32f4xx_ll_fmc.o
    0x08000a88   0x08000a88   0x00000080   Code   RO         4618    i.FMC_NORSRAM_Init  stm32f4xx_ll_fmc.o
    0x08000b08   0x08000b08   0x0000005e   Code   RO         4619    i.FMC_NORSRAM_Timing_Init  stm32f4xx_ll_fmc.o
    0x08000b66   0x08000b66   0x00000074   Code   RO         4629    i.FMC_SDRAM_Init    stm32f4xx_ll_fmc.o
    0x08000bda   0x08000bda   0x0000000e   Code   RO         4630    i.FMC_SDRAM_ProgramRefreshRate  stm32f4xx_ll_fmc.o
    0x08000be8   0x08000be8   0x00000052   Code   RO         4631    i.FMC_SDRAM_SendCommand  stm32f4xx_ll_fmc.o
    0x08000c3a   0x08000c3a   0x00000098   Code   RO         4633    i.FMC_SDRAM_Timing_Init  stm32f4xx_ll_fmc.o
    0x08000cd2   0x08000cd2   0x00000002   PAD
    0x08000cd4   0x08000cd4   0x00000194   Code   RO         5675    i.FT5206_Init       ft5206.o
    0x08000e68   0x08000e68   0x00000058   Code   RO         5676    i.FT5206_RD_Reg     ft5206.o
    0x08000ec0   0x08000ec0   0x00000368   Code   RO         5677    i.FT5206_Scan       ft5206.o
    0x08001228   0x08001228   0x00000052   Code   RO         5678    i.FT5206_WR_Reg     ft5206.o
    0x0800127a   0x0800127a   0x00000002   PAD
    0x0800127c   0x0800127c   0x000001a0   Code   RO         6010    i.GT9147_Init       gt9147.o
    0x0800141c   0x0800141c   0x00000062   Code   RO         6011    i.GT9147_RD_Reg     gt9147.o
    0x0800147e   0x0800147e   0x00000002   PAD
    0x08001480   0x08001480   0x0000035c   Code   RO         6012    i.GT9147_Scan       gt9147.o
    0x080017dc   0x080017dc   0x0000005c   Code   RO         6013    i.GT9147_Send_Cfg   gt9147.o
    0x08001838   0x08001838   0x0000005c   Code   RO         6014    i.GT9147_WR_Reg     gt9147.o
    0x08001894   0x08001894   0x00000164   Code   RO         6062    i.GT9271_Init       gt9271.o
    0x080019f8   0x080019f8   0x00000062   Code   RO         6063    i.GT9271_RD_Reg     gt9271.o
    0x08001a5a   0x08001a5a   0x00000002   PAD
    0x08001a5c   0x08001a5c   0x00000210   Code   RO         6064    i.GT9271_Scan       gt9271.o
    0x08001c6c   0x08001c6c   0x0000005c   Code   RO         6065    i.GT9271_Send_Cfg   gt9271.o
    0x08001cc8   0x08001cc8   0x0000005c   Code   RO         6066    i.GT9271_WR_Reg     gt9271.o
    0x08001d24   0x08001d24   0x0000021c   Code   RO          843    i.HAL_GPIO_Init     stm32f4xx_hal_gpio.o
    0x08001f40   0x08001f40   0x00000010   Code   RO          845    i.HAL_GPIO_ReadPin  stm32f4xx_hal_gpio.o
    0x08001f50   0x08001f50   0x0000000c   Code   RO          847    i.HAL_GPIO_WritePin  stm32f4xx_hal_gpio.o
    0x08001f5c   0x08001f5c   0x0000000c   Code   RO          569    i.HAL_GetTick       stm32f4xx_hal.o
    0x08001f68   0x08001f68   0x00000010   Code   RO          570    i.HAL_IncTick       stm32f4xx_hal.o
    0x08001f78   0x08001f78   0x0000003c   Code   RO          571    i.HAL_Init          stm32f4xx_hal.o
    0x08001fb4   0x08001fb4   0x00000024   Code   RO          572    i.HAL_InitTick      stm32f4xx_hal.o
    0x08001fd8   0x08001fd8   0x0000005e   Code   RO         2747    i.HAL_LTDC_ConfigLayer  stm32f4xx_hal_ltdc.o
    0x08002036   0x08002036   0x00000002   PAD
    0x08002038   0x08002038   0x00000128   Code   RO         2759    i.HAL_LTDC_Init     stm32f4xx_hal_ltdc.o
    0x08002160   0x08002160   0x0000015c   Code   RO         5828    i.HAL_LTDC_MspInit  ltdc.o
    0x080022bc   0x080022bc   0x0000006c   Code   RO         2768    i.HAL_LTDC_SetWindowPosition  stm32f4xx_hal_ltdc.o
    0x08002328   0x08002328   0x00000074   Code   RO         2769    i.HAL_LTDC_SetWindowSize  stm32f4xx_hal_ltdc.o
    0x0800239c   0x0800239c   0x0000000a   Code   RO          574    i.HAL_MspInit       stm32f4xx_hal.o
    0x080023a6   0x080023a6   0x0000001a   Code   RO          715    i.HAL_NVIC_EnableIRQ  stm32f4xx_hal_cortex.o
    0x080023c0   0x080023c0   0x0000007c   Code   RO          721    i.HAL_NVIC_SetPriority  stm32f4xx_hal_cortex.o
    0x0800243c   0x0800243c   0x00000028   Code   RO          722    i.HAL_NVIC_SetPriorityGrouping  stm32f4xx_hal_cortex.o
    0x08002464   0x08002464   0x000000a4   Code   RO         1032    i.HAL_PWREx_EnableOverDrive  stm32f4xx_hal_pwr_ex.o
    0x08002508   0x08002508   0x00000368   Code   RO         1204    i.HAL_RCCEx_PeriphCLKConfig  stm32f4xx_hal_rcc_ex.o
    0x08002870   0x08002870   0x000002b0   Code   RO         1099    i.HAL_RCC_ClockConfig  stm32f4xx_hal_rcc.o
    0x08002b20   0x08002b20   0x00000038   Code   RO         1104    i.HAL_RCC_GetHCLKFreq  stm32f4xx_hal_rcc.o
    0x08002b58   0x08002b58   0x0000002c   Code   RO         1106    i.HAL_RCC_GetPCLK1Freq  stm32f4xx_hal_rcc.o
    0x08002b84   0x08002b84   0x0000002c   Code   RO         1107    i.HAL_RCC_GetPCLK2Freq  stm32f4xx_hal_rcc.o
    0x08002bb0   0x08002bb0   0x000000b4   Code   RO         1108    i.HAL_RCC_GetSysClockFreq  stm32f4xx_hal_rcc.o
    0x08002c64   0x08002c64   0x00000408   Code   RO         1111    i.HAL_RCC_OscConfig  stm32f4xx_hal_rcc.o
    0x0800306c   0x0800306c   0x00000040   Code   RO         2942    i.HAL_SDRAM_Init    stm32f4xx_hal_sdram.o
    0x080030ac   0x080030ac   0x00000134   Code   RO         6168    i.HAL_SDRAM_MspInit  sdram.o
    0x080031e0   0x080031e0   0x00000028   Code   RO         2945    i.HAL_SDRAM_ProgramRefreshRate  stm32f4xx_hal_sdram.o
    0x08003208   0x08003208   0x0000003a   Code   RO         2951    i.HAL_SDRAM_SendCommand  stm32f4xx_hal_sdram.o
    0x08003242   0x08003242   0x00000058   Code   RO         3096    i.HAL_SRAM_Init     stm32f4xx_hal_sram.o
    0x0800329a   0x0800329a   0x00000002   PAD
    0x0800329c   0x0800329c   0x000000a4   Code   RO         5369    i.HAL_SRAM_MspInit  lcd.o
    0x08003340   0x08003340   0x00000028   Code   RO          724    i.HAL_SYSTICK_CLKSourceConfig  stm32f4xx_hal_cortex.o
    0x08003368   0x08003368   0x00000034   Code   RO          726    i.HAL_SYSTICK_Config  stm32f4xx_hal_cortex.o
    0x0800339c   0x0800339c   0x00000002   Code   RO         1251    i.HAL_UART_ErrorCallback  stm32f4xx_hal_uart.o
    0x0800339e   0x0800339e   0x00000008   Code   RO         1253    i.HAL_UART_GetState  stm32f4xx_hal_uart.o
    0x080033a6   0x080033a6   0x00000130   Code   RO         1254    i.HAL_UART_IRQHandler  stm32f4xx_hal_uart.o
    0x080034d6   0x080034d6   0x0000006e   Code   RO         1255    i.HAL_UART_Init     stm32f4xx_hal_uart.o
    0x08003544   0x08003544   0x0000009c   Code   RO         4855    i.HAL_UART_MspInit  usart.o
    0x080035e0   0x080035e0   0x000000f8   Code   RO         1258    i.HAL_UART_Receive  stm32f4xx_hal_uart.o
    0x080036d8   0x080036d8   0x00000086   Code   RO         1260    i.HAL_UART_Receive_IT  stm32f4xx_hal_uart.o
    0x0800375e   0x0800375e   0x00000002   PAD
    0x08003760   0x08003760   0x00000088   Code   RO         4856    i.HAL_UART_RxCpltCallback  usart.o
    0x080037e8   0x080037e8   0x00000002   Code   RO         1266    i.HAL_UART_TxCpltCallback  stm32f4xx_hal_uart.o
    0x080037ea   0x080037ea   0x00000004   Code   RO          335    i.HardFault_Handler  stm32f4xx_it.o
    0x080037ee   0x080037ee   0x00000002   PAD
    0x080037f0   0x080037f0   0x00000050   Code   RO         5141    i.IIC_Ack           myiic.o
    0x08003840   0x08003840   0x0000005c   Code   RO         5142    i.IIC_Init          myiic.o
    0x0800389c   0x0800389c   0x00000050   Code   RO         5143    i.IIC_NAck          myiic.o
    0x080038ec   0x080038ec   0x0000006c   Code   RO         5144    i.IIC_Read_Byte     myiic.o
    0x08003958   0x08003958   0x00000068   Code   RO         5145    i.IIC_Send_Byte     myiic.o
    0x080039c0   0x080039c0   0x0000004c   Code   RO         5146    i.IIC_Start         myiic.o
    0x08003a0c   0x08003a0c   0x0000004c   Code   RO         5147    i.IIC_Stop          myiic.o
    0x08003a58   0x08003a58   0x00000060   Code   RO         5148    i.IIC_Wait_Ack      myiic.o
    0x08003ab8   0x08003ab8   0x000000b4   Code   RO         4920    i.KEY_Init          key.o
    0x08003b6c   0x08003b6c   0x00000048   Code   RO         5371    i.LCD_Clear         lcd.o
    0x08003bb4   0x08003bb4   0x00000190   Code   RO         5375    i.LCD_Display_Dir   lcd.o
    0x08003d44   0x08003d44   0x000000b0   Code   RO         5376    i.LCD_DrawLine      lcd.o
    0x08003df4   0x08003df4   0x0000003c   Code   RO         5377    i.LCD_DrawPoint     lcd.o
    0x08003e30   0x08003e30   0x00000040   Code   RO         5378    i.LCD_DrawRectangle  lcd.o
    0x08003e70   0x08003e70   0x00000098   Code   RO         5379    i.LCD_Draw_Circle   lcd.o
    0x08003f08   0x08003f08   0x0000010c   Code   RO         5380    i.LCD_Fast_DrawPoint  lcd.o
    0x08004014   0x08004014   0x00000070   Code   RO         5381    i.LCD_Fill          lcd.o
    0x08004084   0x08004084   0x00000018   Code   RO         5382    i.LCD_GetCursor     lcd.o
    0x0800409c   0x0800409c   0x00002c94   Code   RO         5383    i.LCD_Init          lcd.o
    0x08006d30   0x08006d30   0x00000016   Code   RO         5384    i.LCD_Pow           lcd.o
    0x08006d46   0x08006d46   0x00000002   PAD
    0x08006d48   0x08006d48   0x00000014   Code   RO         5385    i.LCD_RD_DATA       lcd.o
    0x08006d5c   0x08006d5c   0x00000060   Code   RO         5388    i.LCD_SSD_BackLightSet  lcd.o
    0x08006dbc   0x08006dbc   0x0000023c   Code   RO         5389    i.LCD_Scan_Dir      lcd.o
    0x08006ff8   0x08006ff8   0x00000130   Code   RO         5390    i.LCD_SetCursor     lcd.o
    0x08007128   0x08007128   0x0000013c   Code   RO         5392    i.LCD_ShowChar      lcd.o
    0x08007264   0x08007264   0x00000094   Code   RO         5393    i.LCD_ShowNum       lcd.o
    0x080072f8   0x080072f8   0x00000066   Code   RO         5394    i.LCD_ShowString    lcd.o
    0x0800735e   0x0800735e   0x00000002   PAD
    0x08007360   0x08007360   0x00000018   Code   RO         5396    i.LCD_WR_DATA       lcd.o
    0x08007378   0x08007378   0x00000018   Code   RO         5397    i.LCD_WR_REG        lcd.o
    0x08007390   0x08007390   0x00000014   Code   RO         5399    i.LCD_WriteRAM_Prepare  lcd.o
    0x080073a4   0x080073a4   0x00000010   Code   RO         5400    i.LCD_WriteReg      lcd.o
    0x080073b4   0x080073b4   0x0000005c   Code   RO         5008    i.LED_Init          led.o
    0x08007410   0x08007410   0x00000024   Code   RO         5829    i.LTDC_Clear        ltdc.o
    0x08007434   0x08007434   0x00000026   Code   RO         5830    i.LTDC_Clk_Set      ltdc.o
    0x0800745a   0x0800745a   0x00000002   PAD
    0x0800745c   0x0800745c   0x0000002c   Code   RO         5832    i.LTDC_Display_Dir  ltdc.o
    0x08007488   0x08007488   0x00000050   Code   RO         5833    i.LTDC_Draw_Point   ltdc.o
    0x080074d8   0x080074d8   0x00000164   Code   RO         5834    i.LTDC_Fill         ltdc.o
    0x0800763c   0x0800763c   0x000002a4   Code   RO         5835    i.LTDC_Init         ltdc.o
    0x080078e0   0x080078e0   0x0000007c   Code   RO         5836    i.LTDC_Layer_Parameter_Config  ltdc.o
    0x0800795c   0x0800795c   0x00000030   Code   RO         5838    i.LTDC_Layer_Window_Config  ltdc.o
    0x0800798c   0x0800798c   0x000000d4   Code   RO         5839    i.LTDC_PanelID_Read  ltdc.o
    0x08007a60   0x08007a60   0x0000000c   Code   RO         5841    i.LTDC_Select_Layer  ltdc.o
    0x08007a6c   0x08007a6c   0x00000212   Code   RO         2770    i.LTDC_SetConfig    stm32f4xx_hal_ltdc.o
    0x08007c7e   0x08007c7e   0x00000002   PAD
    0x08007c80   0x08007c80   0x00000040   Code   RO            4    i.Load_Drow_Dialog  main.o
    0x08007cc0   0x08007cc0   0x00000004   Code   RO          336    i.MemManage_Handler  stm32f4xx_it.o
    0x08007cc4   0x08007cc4   0x00000002   Code   RO          337    i.NMI_Handler       stm32f4xx_it.o
    0x08007cc6   0x08007cc6   0x00000002   PAD
    0x08007cc8   0x08007cc8   0x00000010   Code   RO          728    i.NVIC_GetPriorityGrouping  stm32f4xx_hal_cortex.o
    0x08007cd8   0x08007cd8   0x00000028   Code   RO          729    i.NVIC_SetPriority  stm32f4xx_hal_cortex.o
    0x08007d00   0x08007d00   0x000000dc   Code   RO         6114    i.OTT2001A_Init     ott2001a.o
    0x08007ddc   0x08007ddc   0x00000062   Code   RO         6115    i.OTT2001A_RD_Reg   ott2001a.o
    0x08007e3e   0x08007e3e   0x00000002   PAD
    0x08007e40   0x08007e40   0x000001f8   Code   RO         6116    i.OTT2001A_Scan     ott2001a.o
    0x08008038   0x08008038   0x0000001c   Code   RO         6117    i.OTT2001A_SensorControl  ott2001a.o
    0x08008054   0x08008054   0x0000005c   Code   RO         6118    i.OTT2001A_WR_Reg   ott2001a.o
    0x080080b0   0x080080b0   0x00000002   Code   RO          338    i.PendSV_Handler    stm32f4xx_it.o
    0x080080b2   0x080080b2   0x00000002   PAD
    0x080080b4   0x080080b4   0x00000068   Code   RO         6169    i.SDRAM_Init        sdram.o
    0x0800811c   0x0800811c   0x00000054   Code   RO         6170    i.SDRAM_Initialization_Sequence  sdram.o
    0x08008170   0x08008170   0x00000048   Code   RO         6171    i.SDRAM_Send_Cmd    sdram.o
    0x080081b8   0x080081b8   0x00000002   Code   RO          339    i.SVC_Handler       stm32f4xx_it.o
    0x080081ba   0x080081ba   0x00000002   PAD
    0x080081bc   0x080081bc   0x000000b8   Code   RO         4828    i.Stm32_Clock_Init  sys.o
    0x08008274   0x08008274   0x00000008   Code   RO          340    i.SysTick_Handler   stm32f4xx_it.o
    0x0800827c   0x0800827c   0x00000064   Code   RO          412    i.SystemInit        system_stm32f4xx.o
    0x080082e0   0x080082e0   0x000001a8   Code   RO         5721    i.TP_Adj_Info_Show  touch.o
    0x08008488   0x08008488   0x00000900   Code   RO         5722    i.TP_Adjust         touch.o
    0x08008d88   0x08008d88   0x00000070   Code   RO         5724    i.TP_Drow_Touch_Point  touch.o
    0x08008df8   0x08008df8   0x00000050   Code   RO         5725    i.TP_Get_Adjdata    touch.o
    0x08008e48   0x08008e48   0x0000022c   Code   RO         5726    i.TP_Init           touch.o
    0x08009074   0x08009074   0x00000098   Code   RO         5727    i.TP_Read_AD        touch.o
    0x0800910c   0x0800910c   0x00000078   Code   RO         5728    i.TP_Read_XOY       touch.o
    0x08009184   0x08009184   0x00000030   Code   RO         5729    i.TP_Read_XY        touch.o
    0x080091b4   0x080091b4   0x000000c0   Code   RO         5730    i.TP_Read_XY2       touch.o
    0x08009274   0x08009274   0x0000001c   Code   RO         5731    i.TP_Save_Adjdata   touch.o
    0x08009290   0x08009290   0x000000f4   Code   RO         5732    i.TP_Scan           touch.o
    0x08009384   0x08009384   0x0000004c   Code   RO         5733    i.TP_Write_Byte     touch.o
    0x080093d0   0x080093d0   0x00000030   Code   RO         1273    i.UART_EndTransmit_IT  stm32f4xx_hal_uart.o
    0x08009400   0x08009400   0x000000bc   Code   RO         1274    i.UART_Receive_IT   stm32f4xx_hal_uart.o
    0x080094bc   0x080094bc   0x00000224   Code   RO         1275    i.UART_SetConfig    stm32f4xx_hal_uart.o
    0x080096e0   0x080096e0   0x00000070   Code   RO         1276    i.UART_Transmit_IT  stm32f4xx_hal_uart.o
    0x08009750   0x08009750   0x000000fa   Code   RO         1277    i.UART_WaitOnFlagUntilTimeout  stm32f4xx_hal_uart.o
    0x0800984a   0x0800984a   0x00000002   PAD
    0x0800984c   0x0800984c   0x00000144   Code   RO         5310    i.UI_100            easyui.o
    0x08009990   0x08009990   0x0000013c   Code   RO         5311    i.UI_200            easyui.o
    0x08009acc   0x08009acc   0x0000014c   Code   RO         5312    i.UI_300            easyui.o
    0x08009c18   0x08009c18   0x0000001c   Code   RO         5313    i.UI_Init           easyui.o
    0x08009c34   0x08009c34   0x000001e4   Code   RO         5314    i.UI_Main           easyui.o
    0x08009e18   0x08009e18   0x000000c0   Code   RO         5315    i.UI_TouchHandler   easyui.o
    0x08009ed8   0x08009ed8   0x00000050   Code   RO         4857    i.USART1_IRQHandler  usart.o
    0x08009f28   0x08009f28   0x00000048   Code   RO         5090    i.USART2_IRQHandler  rs485.o
    0x08009f70   0x08009f70   0x00000004   Code   RO          341    i.UsageFault_Handler  stm32f4xx_it.o
    0x08009f74   0x08009f74   0x0000007a   Code   RO         6314    i.__hardfp_sqrt     m_wm.l(sqrt.o)
    0x08009fee   0x08009fee   0x00000004   Code   RO         4858    i._sys_exit         usart.o
    0x08009ff2   0x08009ff2   0x00000002   PAD
    0x08009ff4   0x08009ff4   0x00000148   Code   RO            5    i.ctp_test          main.o
    0x0800a13c   0x0800a13c   0x00000014   Code   RO         4789    i.delay_init        delay.o
    0x0800a150   0x0800a150   0x00000018   Code   RO         4790    i.delay_ms          delay.o
    0x0800a168   0x0800a168   0x00000048   Code   RO         4791    i.delay_us          delay.o
    0x0800a1b0   0x0800a1b0   0x0000001c   Code   RO         4859    i.fputc             usart.o
    0x0800a1cc   0x0800a1cc   0x00000050   Code   RO            6    i.gui_draw_hline    main.o
    0x0800a21c   0x0800a21c   0x000000b0   Code   RO            7    i.gui_fill_circle   main.o
    0x0800a2cc   0x0800a2cc   0x000000d4   Code   RO            8    i.lcd_draw_bline    main.o
    0x0800a3a0   0x0800a3a0   0x00000050   Code   RO            9    i.main              main.o
    0x0800a3f0   0x0800a3f0   0x00000038   Code   RO         4860    i.uart_init         usart.o
    0x0800a428   0x0800a428   0x00000150   Code   RO         6290    x$fpl$dadd          fz_wm.l(daddsub_clz.o)
    0x0800a578   0x0800a578   0x00000018   Code   RO         6350    x$fpl$dcmpinf       fz_wm.l(dcmpi.o)
    0x0800a590   0x0800a590   0x0000005a   Code   RO         6296    x$fpl$dfixu         fz_wm.l(dfixu.o)
    0x0800a5ea   0x0800a5ea   0x0000002e   Code   RO         6301    x$fpl$dflt          fz_wm.l(dflt_clz.o)
    0x0800a618   0x0800a618   0x00000026   Code   RO         6300    x$fpl$dfltu         fz_wm.l(dflt_clz.o)
    0x0800a63e   0x0800a63e   0x00000002   PAD
    0x0800a640   0x0800a640   0x00000078   Code   RO         6306    x$fpl$dleqf         fz_wm.l(dleqf.o)
    0x0800a6b8   0x0800a6b8   0x00000154   Code   RO         6308    x$fpl$dmul          fz_wm.l(dmul.o)
    0x0800a80c   0x0800a80c   0x0000009c   Code   RO         6352    x$fpl$dnaninf       fz_wm.l(dnaninf.o)
    0x0800a8a8   0x0800a8a8   0x0000000c   Code   RO         6354    x$fpl$dretinf       fz_wm.l(dretinf.o)
    0x0800a8b4   0x0800a8b4   0x0000006c   Code   RO         6310    x$fpl$drleqf        fz_wm.l(drleqf.o)
    0x0800a920   0x0800a920   0x00000016   Code   RO         6291    x$fpl$drsb          fz_wm.l(daddsub_clz.o)
    0x0800a936   0x0800a936   0x00000002   PAD
    0x0800a938   0x0800a938   0x00000198   Code   RO         6356    x$fpl$dsqrt         fz_wm.l(dsqrt_umaal.o)
    0x0800aad0   0x0800aad0   0x000001d4   Code   RO         6292    x$fpl$dsub          fz_wm.l(daddsub_clz.o)
    0x0800aca4   0x0800aca4   0x00000056   Code   RO         6312    x$fpl$f2d           fz_wm.l(f2d.o)
    0x0800acfa   0x0800acfa   0x0000008c   Code   RO         6358    x$fpl$fnaninf       fz_wm.l(fnaninf.o)
    0x0800ad86   0x0800ad86   0x0000000a   Code   RO         6458    x$fpl$fpinit        fz_wm.l(fpinit.o)
    0x0800ad90   0x0800ad90   0x00000000   Code   RO         6360    x$fpl$usenofp       fz_wm.l(usenofp.o)
    0x0800ad90   0x0800ad90   0x00000014   Data   RO           11    .constdata          main.o
    0x0800ada4   0x0800ada4   0x00000010   Data   RO         1112    .constdata          stm32f4xx_hal_rcc.o
    0x0800adb4   0x0800adb4   0x00004740   Data   RO         5403    .constdata          lcd.o
    0x0800f4f4   0x0800f4f4   0x00000014   Data   RO         5679    .constdata          ft5206.o
    0x0800f508   0x0800f508   0x00000004   Data   RO         5734    .constdata          touch.o
    0x0800f50c   0x0800f50c   0x000000c2   Data   RO         6015    .constdata          gt9147.o
    0x0800f5ce   0x0800f5ce   0x000000ce   Data   RO         6067    .constdata          gt9271.o
    0x0800f69c   0x0800f69c   0x0000000a   Data   RO         6119    .constdata          ott2001a.o
    0x0800f6a6   0x0800f6a6   0x00000028   Data   RO         6241    .constdata          c_w.l(_printf_hex_int.o)
    0x0800f6ce   0x0800f6ce   0x00000002   PAD
    0x0800f6d0   0x0800f6d0   0x00000079   Data   RO         5735    .conststring        touch.o
    0x0800f749   0x0800f749   0x00000003   PAD
    0x0800f74c   0x0800f74c   0x00000020   Data   RO         6522    Region$$Table       anon$$obj.o


    Execution Region RW_IRAM1 (Exec base: 0x20000000, Load base: 0x0800f76c, Size: 0x00000a18, Max: 0x00030000, ABSOLUTE)

    Exec Addr    Load Addr    Size         Type   Attr      Idx    E Section Name        Object

    0x20000000   0x0800f76c   0x00000014   Data   RW          413    .data               system_stm32f4xx.o
    0x20000014   0x0800f780   0x00000004   Data   RW          577    .data               stm32f4xx_hal.o
    0x20000018   0x0800f784   0x00000004   Data   RW         4792    .data               delay.o
    0x2000001c   0x0800f788   0x00000007   Data   RW         4862    .data               usart.o
    0x20000023   0x0800f78f   0x00000001   Data   RW         5092    .data               rs485.o
    0x20000024   0x0800f790   0x00000001   Data   RW         5316    .data               easyui.o
    0x20000025   0x0800f791   0x00000003   PAD
    0x20000028   0x0800f794   0x0000000c   Data   RW         5404    .data               lcd.o
    0x20000034   0x0800f7a0   0x00000007   Data   RW         5680    .data               ft5206.o
    0x2000003b   0x0800f7a7   0x00000001   PAD
    0x2000003c   0x0800f7a8   0x0000004a   Data   RW         5736    .data               touch.o
    0x20000086   0x0800f7f2   0x00000002   PAD
    0x20000088   0x0800f7f4   0x00000008   Data   RW         5845    .data               ltdc.o
    0x20000090   0x0800f7fc   0x00000001   Data   RW         6016    .data               gt9147.o
    0x20000091   0x0800f7fd   0x00000001   Data   RW         6068    .data               gt9271.o
    0x20000092   0x0800f7fe   0x00000001   Data   RW         6120    .data               ott2001a.o
    0x20000093   0x0800f7ff   0x00000001   PAD
    0x20000094        -       0x00000108   Zero   RW         4861    .bss                usart.o
    0x2000019c        -       0x00000080   Zero   RW         5091    .bss                rs485.o
    0x2000021c        -       0x0000005e   Zero   RW         5402    .bss                lcd.o
    0x2000027a   0x0800f7ff   0x00000002   PAD
    0x2000027c        -       0x00000108   Zero   RW         5844    .bss                ltdc.o
    0x20000384        -       0x00000034   Zero   RW         6172    .bss                sdram.o
    0x200003b8        -       0x00000060   Zero   RW         6388    .bss                c_w.l(libspace.o)
    0x20000418        -       0x00000200   Zero   RW          545    HEAP                startup_stm32f429xx.o
    0x20000618        -       0x00000400   Zero   RW          544    STACK               startup_stm32f429xx.o



  Load Region LR$$.ARM.__AT_0xC0000000 (Base: 0xc0000000, Size: 0x00000000, Max: 0x001f4000, ABSOLUTE)

    Execution Region ER$$.ARM.__AT_0xC0000000 (Exec base: 0xc0000000, Load base: 0xc0000000, Size: 0x001f4000, Max: 0x001f4000, ABSOLUTE, UNINIT)

    Exec Addr    Load Addr    Size         Type   Attr      Idx    E Section Name        Object

    0xc0000000        -       0x001f4000   Zero   RW         5843    .ARM.__AT_0xC0000000  ltdc.o


==============================================================================

Image component sizes


      Code (inc. data)   RO Data    RW Data    ZI Data      Debug   Object Name

       246          0          0          0          0       3299   24cxx.o
       594        102          0          0          0       5185   ctiic.o
       116          8          0          4          0       1847   delay.o
      1676        366          0          1          0       3357   easyui.o
      1446         84         20          7          0       4037   ft5206.o
      1558        104        194          1          0       4642   gt9147.o
      1166         82        206          1          0       4502   gt9271.o
       180         18          0          0          0        947   key.o
     14568        248      18240         12         94      24697   lcd.o
        92         10          0          0          0        811   led.o
      1974        130          0          8    2048264       9518   ltdc.o
       940         46         20          0          0     410455   main.o
       712        112          0          0          0       4658   myiic.o
       942         70         10          1          0       4215   ott2001a.o
        72         12          0          1        128       1160   rs485.o
       568         44          0          0         52       3406   sdram.o
        64         26        428          0       1536        808   startup_stm32f429xx.o
       134         16          0          4          0       3992   stm32f4xx_hal.o
       338         22          0          0          0      31221   stm32f4xx_hal_cortex.o
       568         54          0          0          0       3003   stm32f4xx_hal_gpio.o
      1144          6          0          0          0       4541   stm32f4xx_hal_ltdc.o
       164         12          0          0          0       1232   stm32f4xx_hal_pwr_ex.o
      2044         66         16          0          0       5819   stm32f4xx_hal_rcc.o
       872         24          0          0          0       1516   stm32f4xx_hal_rcc_ex.o
       162          0          0          0          0       2640   stm32f4xx_hal_sdram.o
        88          0          0          0          0       1160   stm32f4xx_hal_sram.o
      1954         10          0          0          0       9326   stm32f4xx_hal_uart.o
        32          0          0          0          0       3826   stm32f4xx_it.o
       658         12          0          0          0       5696   stm32f4xx_ll_fmc.o
       184          8          0          0          0       1179   sys.o
       100         18          0         20          0        961   system_stm32f4xx.o
      4336        282        125         74          0      10425   touch.o
       460         60          0          7        264       5245   usart.o

    ----------------------------------------------------------------------
     40190       2052      19294        148    2050340     579326   Object Totals
         0          0         32          0          0          0   (incl. Generated)
        38          0          3          7          2          0   (incl. Padding)

    ----------------------------------------------------------------------

      Code (inc. data)   RO Data    RW Data    ZI Data      Debug   Library Member Name

         8          0          0          0          0         68   __main.o
       104          0          0          0          0         84   __printf.o
         0          0          0          0          0          0   __rtentry.o
        12          0          0          0          0          0   __rtentry2.o
         6          0          0          0          0          0   __rtentry4.o
        52          8          0          0          0          0   __scatter.o
        26          0          0          0          0          0   __scatter_copy.o
        28          0          0          0          0          0   __scatter_zi.o
        44          0          0          0          0        108   _printf_char.o
        48          6          0          0          0         96   _printf_char_common.o
        36          4          0          0          0         80   _printf_char_file.o
         6          0          0          0          0          0   _printf_d.o
       120         16          0          0          0         92   _printf_dec.o
        88          4         40          0          0         88   _printf_hex_int.o
       178          0          0          0          0         88   _printf_intcommon.o
         0          0          0          0          0          0   _printf_percent.o
         4          0          0          0          0          0   _printf_percent_end.o
         6          0          0          0          0          0   _printf_s.o
        82          0          0          0          0         80   _printf_str.o
         6          0          0          0          0          0   _printf_x.o
        22          0          0          0          0        100   _rserrno.o
        18          0          0          0          0         80   exit.o
         8          0          0          0          0         68   ferror.o
         6          0          0          0          0        152   heapauxi.o
         2          0          0          0          0          0   libinit.o
         6          0          0          0          0          0   libinit2.o
         2          0          0          0          0          0   libshutdown.o
         2          0          0          0          0          0   libshutdown2.o
         8          4          0          0         96         68   libspace.o
        24          4          0          0          0         84   noretval__2printf.o
         8          4          0          0          0         68   rt_errno_addr_intlibspace.o
       100          0          0          0          0         80   rt_memcpy_w.o
         2          0          0          0          0          0   rtexit.o
        10          0          0          0          0          0   rtexit2.o
       128          0          0          0          0         68   strcmpv7m.o
        74          0          0          0          0         80   sys_stackheap_outer.o
         2          0          0          0          0         68   use_no_semi.o
         2          0          0          0          0         68   use_no_semi_2.o
       826         16          0          0          0        492   daddsub_clz.o
        24          0          0          0          0        116   dcmpi.o
        90          4          0          0          0        140   dfixu.o
        84          0          0          0          0        232   dflt_clz.o
       120          4          0          0          0        140   dleqf.o
       340         12          0          0          0        152   dmul.o
       156          4          0          0          0        140   dnaninf.o
        12          0          0          0          0        116   dretinf.o
       108          0          0          0          0        128   drleqf.o
       408         56          0          0          0        168   dsqrt_umaal.o
        86          4          0          0          0        132   f2d.o
       140          4          0          0          0        132   fnaninf.o
        10          0          0          0          0        116   fpinit.o
         0          0          0          0          0          0   usenofp.o
       122          0          0          0          0        148   sqrt.o

    ----------------------------------------------------------------------
      3814        154         42          0         96       4120   Library Totals
        10          0          2          0          0          0   (incl. Padding)

    ----------------------------------------------------------------------

      Code (inc. data)   RO Data    RW Data    ZI Data      Debug   Library Name

      1278         50         40          0         96       1768   c_w.l
      2404        104          0          0          0       2204   fz_wm.l
       122          0          0          0          0        148   m_wm.l

    ----------------------------------------------------------------------
      3814        154         42          0         96       4120   Library Totals

    ----------------------------------------------------------------------

==============================================================================


      Code (inc. data)   RO Data    RW Data    ZI Data      Debug   

     44004       2206      19336        148    2050436     564062   Grand Totals
     44004       2206      19336        148    2050436     564062   ELF Image Totals
     44004       2206      19336        148          0          0   ROM Totals

==============================================================================

    Total RO  Size (Code + RO Data)                63340 (  61.86kB)
    Total RW  Size (RW Data + ZI Data)           2050584 (2002.52kB)
    Total ROM Size (Code + RO Data + RW Data)      63488 (  62.00kB)

==============================================================================

