Component: ARM Compiler 5.06 update 5 (build 528) Tool: armlink [4d35e2]

==============================================================================

Section Cross References

    main.o(i.Load_Drow_Dialog) refers to lcd.o(i.LCD_Clear) for LCD_Clear
    main.o(i.Load_Drow_Dialog) refers to lcd.o(i.LCD_ShowString) for LCD_ShowString
    main.o(i.Load_Drow_Dialog) refers to lcd.o(.data) for POINT_COLOR
    main.o(i.Load_Drow_Dialog) refers to lcd.o(.bss) for lcddev
    main.o(i.ctp_test) refers to main.o(i.lcd_draw_bline) for lcd_draw_bline
    main.o(i.ctp_test) refers to easyui.o(i.UI_TouchHandler) for UI_TouchHandler
    main.o(i.ctp_test) refers to main.o(i.Load_Drow_Dialog) for Load_Drow_Dialog
    main.o(i.ctp_test) refers to delay.o(i.delay_ms) for delay_ms
    main.o(i.ctp_test) refers to easyui.o(i.UI_DATA_Show) for UI_DATA_Show
    main.o(i.ctp_test) refers to lcd.o(.bss) for lcddev
    main.o(i.ctp_test) refers to touch.o(.data) for tp_dev
    main.o(i.ctp_test) refers to main.o(.constdata) for POINT_COLOR_TBL
    main.o(i.gui_draw_hline) refers to lcd.o(i.LCD_Fill) for LCD_Fill
    main.o(i.gui_draw_hline) refers to lcd.o(.bss) for lcddev
    main.o(i.gui_fill_circle) refers to main.o(i.gui_draw_hline) for gui_draw_hline
    main.o(i.lcd_draw_bline) refers to main.o(i.gui_fill_circle) for gui_fill_circle
    main.o(i.main) refers to stm32f4xx_hal.o(i.HAL_Init) for HAL_Init
    main.o(i.main) refers to sys.o(i.Stm32_Clock_Init) for Stm32_Clock_Init
    main.o(i.main) refers to delay.o(i.delay_init) for delay_init
    main.o(i.main) refers to usart.o(i.uart_init) for uart_init
    main.o(i.main) refers to led.o(i.LED_Init) for LED_Init
    main.o(i.main) refers to key.o(i.KEY_Init) for KEY_Init
    main.o(i.main) refers to sdram.o(i.SDRAM_Init) for SDRAM_Init
    main.o(i.main) refers to lcd.o(i.LCD_Init) for LCD_Init
    main.o(i.main) refers to pcf8574.o(i.PCF8574_Init) for PCF8574_Init
    main.o(i.main) refers to pcf8574.o(i.PCF8574_ReadBit) for PCF8574_ReadBit
    main.o(i.main) refers to dht11.o(i.DHT11_Init) for DHT11_Init
    main.o(i.main) refers to fontupd.o(i.font_init) for font_init
    main.o(i.main) refers to malloc.o(i.my_mem_init) for my_mem_init
    main.o(i.main) refers to exfuns.o(i.exfuns_init) for exfuns_init
    main.o(i.main) refers to w25qxx.o(i.W25QXX_Init) for W25QXX_Init
    main.o(i.main) refers to rtc.o(i.RTC_Init) for RTC_Init
    main.o(i.main) refers to esp8266.o(i.ESP8266_Init) for ESP8266_Init
    main.o(i.main) refers to ff.o(i.f_mount) for f_mount
    main.o(i.main) refers to easyui.o(i.UI_Init) for UI_Init
    main.o(i.main) refers to main.o(i.ctp_test) for ctp_test
    main.o(i.main) refers to touch.o(.data) for tp_dev
    main.o(i.main) refers to lcd.o(.data) for POINT_COLOR
    main.o(i.main) refers to exfuns.o(.bss) for fs
    stm32f4xx_it.o(i.SysTick_Handler) refers to stm32f4xx_hal.o(i.HAL_IncTick) for HAL_IncTick
    system_stm32f4xx.o(i.SystemCoreClockUpdate) refers to system_stm32f4xx.o(.data) for SystemCoreClock
    startup_stm32f429xx.o(STACK) refers (Special) to heapauxi.o(.text) for __use_two_region_memory
    startup_stm32f429xx.o(HEAP) refers (Special) to heapauxi.o(.text) for __use_two_region_memory
    startup_stm32f429xx.o(RESET) refers (Special) to heapauxi.o(.text) for __use_two_region_memory
    startup_stm32f429xx.o(RESET) refers to startup_stm32f429xx.o(STACK) for __initial_sp
    startup_stm32f429xx.o(RESET) refers to startup_stm32f429xx.o(.text) for Reset_Handler
    startup_stm32f429xx.o(RESET) refers to stm32f4xx_it.o(i.NMI_Handler) for NMI_Handler
    startup_stm32f429xx.o(RESET) refers to stm32f4xx_it.o(i.HardFault_Handler) for HardFault_Handler
    startup_stm32f429xx.o(RESET) refers to stm32f4xx_it.o(i.MemManage_Handler) for MemManage_Handler
    startup_stm32f429xx.o(RESET) refers to stm32f4xx_it.o(i.BusFault_Handler) for BusFault_Handler
    startup_stm32f429xx.o(RESET) refers to stm32f4xx_it.o(i.UsageFault_Handler) for UsageFault_Handler
    startup_stm32f429xx.o(RESET) refers to stm32f4xx_it.o(i.SVC_Handler) for SVC_Handler
    startup_stm32f429xx.o(RESET) refers to stm32f4xx_it.o(i.DebugMon_Handler) for DebugMon_Handler
    startup_stm32f429xx.o(RESET) refers to stm32f4xx_it.o(i.PendSV_Handler) for PendSV_Handler
    startup_stm32f429xx.o(RESET) refers to stm32f4xx_it.o(i.SysTick_Handler) for SysTick_Handler
    startup_stm32f429xx.o(RESET) refers to rtc.o(i.RTC_WKUP_IRQHandler) for RTC_WKUP_IRQHandler
    startup_stm32f429xx.o(RESET) refers to usmart.o(i.TIM4_IRQHandler) for TIM4_IRQHandler
    startup_stm32f429xx.o(RESET) refers to usart.o(i.USART1_IRQHandler) for USART1_IRQHandler
    startup_stm32f429xx.o(RESET) refers to rs485.o(i.USART2_IRQHandler) for USART2_IRQHandler
    startup_stm32f429xx.o(RESET) refers to esp8266.o(i.USART3_IRQHandler) for USART3_IRQHandler
    startup_stm32f429xx.o(RESET) refers to rtc.o(i.RTC_Alarm_IRQHandler) for RTC_Alarm_IRQHandler
[...]
    UI_310                                   0x0800f1c5   Thumb Code   302  easyui.o(i.UI_310)
    UI_400                                   0x0800f321   Thumb Code   190  easyui.o(i.UI_400)
    UI_410                                   0x0800f42d   Thumb Code   310  easyui.o(i.UI_410)
    UI_411                                   0x0800f5c5   Thumb Code   232  easyui.o(i.UI_411)
    UI_420                                   0x0800f6f5   Thumb Code   262  easyui.o(i.UI_420)
    UI_421                                   0x0800f83d   Thumb Code   310  easyui.o(i.UI_421)
    UI_422                                   0x0800f9d5   Thumb Code   304  easyui.o(i.UI_422)
    UI_430                                   0x0800fb5d   Thumb Code   120  easyui.o(i.UI_430)
    UI_600                                   0x0800fbfd   Thumb Code   226  easyui.o(i.UI_600)
    UI_610                                   0x0800fd3d   Thumb Code   190  easyui.o(i.UI_610)
    UI_611                                   0x0800fe3d   Thumb Code  1154  easyui.o(i.UI_611)
    UI_620                                   0x080102c5   Thumb Code   310  easyui.o(i.UI_620)
    UI_621                                   0x0801046d   Thumb Code   162  easyui.o(i.UI_621)
    UI_630                                   0x0801053d   Thumb Code   190  easyui.o(i.UI_630)
    UI_640                                   0x08010641   Thumb Code    84  easyui.o(i.UI_640)
    UI_650                                   0x080106ad   Thumb Code   154  easyui.o(i.UI_650)
    UI_660                                   0x08010779   Thumb Code   154  easyui.o(i.UI_660)
    UI_DATA_Show                             0x08010841   Thumb Code    18  easyui.o(i.UI_DATA_Show)
    UI_ESP8266                               0x08010859   Thumb Code   202  easyui.o(i.UI_ESP8266)
    UI_Init                                  0x080109c9   Thumb Code    26  easyui.o(i.UI_Init)
    UI_Main                                  0x080109e9   Thumb Code   332  easyui.o(i.UI_Main)
    UI_Main_show                             0x08010bc5   Thumb Code   194  easyui.o(i.UI_Main_show)
    UI_TouchHandler                          0x08010ca9   Thumb Code  5894  easyui.o(i.UI_TouchHandler)
    USART1_IRQHandler                        0x080123f1   Thumb Code    66  usart.o(i.USART1_IRQHandler)
    USART2_IRQHandler                        0x08012441   Thumb Code    60  rs485.o(i.USART2_IRQHandler)
    USART3_IRQHandler                        0x08012489   Thumb Code    62  esp8266.o(i.USART3_IRQHandler)
    UsageFault_Handler                       0x080124d5   Thumb Code     4  stm32f4xx_it.o(i.UsageFault_Handler)
    W25QXX_Erase_Sector                      0x080124d9   Thumb Code    78  w25qxx.o(i.W25QXX_Erase_Sector)
    W25QXX_Init                              0x08012531   Thumb Code   132  w25qxx.o(i.W25QXX_Init)
    W25QXX_Read                              0x080125c9   Thumb Code    92  w25qxx.o(i.W25QXX_Read)
    W25QXX_ReadID                            0x0801262d   Thumb Code    64  w25qxx.o(i.W25QXX_ReadID)
    W25QXX_ReadSR                            0x08012675   Thumb Code    72  w25qxx.o(i.W25QXX_ReadSR)
    W25QXX_Wait_Busy                         0x080126c5   Thumb Code    20  w25qxx.o(i.W25QXX_Wait_Busy)
    W25QXX_Write                             0x080126d9   Thumb Code   180  w25qxx.o(i.W25QXX_Write)
    W25QXX_Write_Enable                      0x08012791   Thumb Code    24  w25qxx.o(i.W25QXX_Write_Enable)
    W25QXX_Write_NoCheck                     0x080127b1   Thumb Code    70  w25qxx.o(i.W25QXX_Write_NoCheck)
    W25QXX_Write_Page                        0x080127f9   Thumb Code    98  w25qxx.o(i.W25QXX_Write_Page)
    __hardfp_sqrt                            0x08012865   Thumb Code   122  sqrt.o(i.__hardfp_sqrt)
    _is_digit                                0x080128df   Thumb Code    14  __printf_wp.o(i._is_digit)
    _sys_exit                                0x080128ed   Thumb Code     4  usart.o(i._sys_exit)
    ctp_test                                 0x08012991   Thumb Code   318  main.o(i.ctp_test)
    delay_init                               0x08012ae1   Thumb Code    16  delay.o(i.delay_init)
    delay_ms                                 0x08012af5   Thumb Code    24  delay.o(i.delay_ms)
    delay_us                                 0x08012b0d   Thumb Code    68  delay.o(i.delay_us)
    disk_initialize                          0x08012b55   Thumb Code    56  diskio.o(i.disk_initialize)
    disk_read                                0x08012b8d   Thumb Code   144  diskio.o(i.disk_read)
    disk_status                              0x08012c1d   Thumb Code     6  diskio.o(i.disk_status)
    disk_write                               0x08012c23   Thumb Code   144  diskio.o(i.disk_write)
    exfuns_init                              0x08012cb5   Thumb Code   114  exfuns.o(i.exfuns_init)
    f_mount                                  0x08012d39   Thumb Code    86  ff.o(i.f_mount)
    font_init                                0x080131ed   Thumb Code    64  fontupd.o(i.font_init)
    fputc                                    0x08013231   Thumb Code    22  usart.o(i.fputc)
    gui_draw_hline                           0x08013299   Thumb Code    74  main.o(i.gui_draw_hline)
    gui_fill_circle                          0x080132e9   Thumb Code   176  main.o(i.gui_fill_circle)
    lcd_draw_bline                           0x08013399   Thumb Code   212  main.o(i.lcd_draw_bline)
    main                                     0x080134f5   Thumb Code   150  main.o(i.main)
    my_mem_free                              0x080135f9   Thumb Code    96  malloc.o(i.my_mem_free)
    my_mem_init                              0x08013665   Thumb Code    34  malloc.o(i.my_mem_init)
    my_mem_malloc                            0x08013691   Thumb Code   156  malloc.o(i.my_mem_malloc)
    my_mem_perused                           0x08013739   Thumb Code    56  malloc.o(i.my_mem_perused)
    myfree                                   0x08013779   Thumb Code    30  malloc.o(i.myfree)
    mymalloc                                 0x0801379d   Thumb Code    34  malloc.o(i.mymalloc)
    mymemset                                 0x080137c5   Thumb Code    20  malloc.o(i.mymemset)
    read_addr                                0x080137d9   Thumb Code     6  usmart.o(i.read_addr)
    uart_init                                0x08013831   Thumb Code    44  usart.o(i.uart_init)
    usmart_cmd_rec                           0x08013869   Thumb Code   170  usmart.o(i.usmart_cmd_rec)
    usmart_exe                               0x08013919   Thumb Code   632  usmart.o(i.usmart_exe)
    usmart_get_aparm                         0x08013bed   Thumb Code   200  usmart_str.o(i.usmart_get_aparm)
    usmart_get_cmdname                       0x08013cb5   Thumb Code    54  usmart_str.o(i.usmart_get_cmdname)
    usmart_get_fname                         0x08013ced   Thumb Code   440  usmart_str.o(i.usmart_get_fname)
    usmart_get_fparam                        0x08013ead   Thumb Code   262  usmart_str.o(i.usmart_get_fparam)
    usmart_get_parmpos                       0x08013fb9   Thumb Code    26  usmart_str.o(i.usmart_get_parmpos)
    usmart_get_runtime                       0x08013fd9   Thumb Code    58  usmart.o(i.usmart_get_runtime)
    usmart_init                              0x0801401d   Thumb Code    36  usmart.o(i.usmart_init)
    usmart_pow                               0x08014045   Thumb Code    22  usmart_str.o(i.usmart_pow)
    usmart_reset_runtime                     0x0801405d   Thumb Code    44  usmart.o(i.usmart_reset_runtime)
    usmart_scan                              0x08014091   Thumb Code   120  usmart.o(i.usmart_scan)
    usmart_search_nextc                      0x0801414d   Thumb Code    22  usmart_str.o(i.usmart_search_nextc)
    usmart_str2num                           0x08014163   Thumb Code   202  usmart_str.o(i.usmart_str2num)
    usmart_strcmp                            0x0801422d   Thumb Code    34  usmart_str.o(i.usmart_strcmp)
    usmart_strcopy                           0x0801424f   Thumb Code    22  usmart_str.o(i.usmart_strcopy)
    usmart_strlen                            0x08014265   Thumb Code    24  usmart_str.o(i.usmart_strlen)
    usmart_sys_cmd_exe                       0x0801427d   Thumb Code  1570  usmart.o(i.usmart_sys_cmd_exe)
    write_addr                               0x08014971   Thumb Code     4  usmart.o(i.write_addr)
    __aeabi_dadd                             0x08014975   Thumb Code     0  daddsub_clz.o(x$fpl$dadd)
    _dadd                                    0x08014975   Thumb Code   332  daddsub_clz.o(x$fpl$dadd)
    __fpl_dcmp_Inf                           0x08014ac5   Thumb Code    24  dcmpi.o(x$fpl$dcmpinf)
    __aeabi_d2uiz                            0x08014add   Thumb Code     0  dfixu.o(x$fpl$dfixu)
    _dfixu                                   0x08014add   Thumb Code    90  dfixu.o(x$fpl$dfixu)
    __aeabi_i2d                              0x08014b37   Thumb Code     0  dflt_clz.o(x$fpl$dflt)
    _dflt                                    0x08014b37   Thumb Code    46  dflt_clz.o(x$fpl$dflt)
    __aeabi_ui2d                             0x08014b65   Thumb Code     0  dflt_clz.o(x$fpl$dfltu)
    _dfltu                                   0x08014b65   Thumb Code    38  dflt_clz.o(x$fpl$dfltu)
    __aeabi_cdcmple                          0x08014b8d   Thumb Code     0  dleqf.o(x$fpl$dleqf)
    _dcmple                                  0x08014b8d   Thumb Code   120  dleqf.o(x$fpl$dleqf)
    __fpl_dcmple_InfNaN                      0x08014bef   Thumb Code     0  dleqf.o(x$fpl$dleqf)
    __aeabi_dmul                             0x08014c05   Thumb Code     0  dmul.o(x$fpl$dmul)
    _dmul                                    0x08014c05   Thumb Code   332  dmul.o(x$fpl$dmul)
    __fpl_dnaninf                            0x08014d59   Thumb Code   156  dnaninf.o(x$fpl$dnaninf)
    __fpl_dretinf                            0x08014df5   Thumb Code    12  dretinf.o(x$fpl$dretinf)
    __aeabi_cdrcmple                         0x08014e01   Thumb Code     0  drleqf.o(x$fpl$drleqf)
    _drcmple                                 0x08014e01   Thumb Code   108  drleqf.o(x$fpl$drleqf)
    __aeabi_drsub                            0x08014e6d   Thumb Code     0  daddsub_clz.o(x$fpl$drsb)
    _drsb                                    0x08014e6d   Thumb Code    22  daddsub_clz.o(x$fpl$drsb)
    _dsqrt                                   0x08014e85   Thumb Code   404  dsqrt_umaal.o(x$fpl$dsqrt)
    __aeabi_dsub                             0x0801501d   Thumb Code     0  daddsub_clz.o(x$fpl$dsub)
    _dsub                                    0x0801501d   Thumb Code   464  daddsub_clz.o(x$fpl$dsub)
    __aeabi_f2d                              0x080151f1   Thumb Code     0  f2d.o(x$fpl$f2d)
    _f2d                                     0x080151f1   Thumb Code    86  f2d.o(x$fpl$f2d)
    __fpl_fnaninf                            0x08015247   Thumb Code   140  fnaninf.o(x$fpl$fnaninf)
    _fp_init                                 0x080152d3   Thumb Code    10  fpinit.o(x$fpl$fpinit)
    __fplib_config_fpu_vfp                   0x080152db   Thumb Code     0  fpinit.o(x$fpl$fpinit)
    __fplib_config_pureend_doubles           0x080152db   Thumb Code     0  fpinit.o(x$fpl$fpinit)
    POINT_COLOR_TBL                          0x080152dc   Data          20  main.o(.constdata)
    __I$use$fp                               0x080152dc   Number         0  usenofp.o(x$fpl$usenofp)
    APBAHBPrescTable                         0x080152f0   Data          16  stm32f4xx_hal_rcc.o(.constdata)
    asc2_1206                                0x08015300   Data        1140  lcd.o(.constdata)
    asc2_1608                                0x08015774   Data        1520  lcd.o(.constdata)
    asc2_2412                                0x08015d64   Data        3420  lcd.o(.constdata)
    asc2_3216                                0x08016ac0   Data       12160  lcd.o(.constdata)
    FT5206_TPX_TBL                           0x08019a40   Data          10  ft5206.o(.constdata)
    GT911_TPX_TBL                            0x08019a4a   Data          10  ft5206.o(.constdata)
    TP_REMIND_MSG_TBL                        0x08019a54   Data           4  touch.o(.constdata)
    GT9147_CFG_TBL                           0x08019a58   Data         184  gt9147.o(.constdata)
    GT9147_TPX_TBL                           0x08019b10   Data          10  gt9147.o(.constdata)
    GT9271_CFG_TBL                           0x08019b1a   Data         186  gt9271.o(.constdata)
    GT9271_TPX_TBL                           0x08019bd4   Data          20  gt9271.o(.constdata)
    OTT_TPX_TBL                              0x08019be8   Data          10  ott2001a.o(.constdata)
    memtblsize                               0x08019bf4   Data          12  malloc.o(.constdata)
    memblksize                               0x08019c00   Data          12  malloc.o(.constdata)
    memsize                                  0x08019c0c   Data          12  malloc.o(.constdata)
    Region$$Table$$Base                      0x08019e24   Number         0  anon$$obj.o(Region$$Table)
    Region$$Table$$Limit                     0x08019e44   Number         0  anon$$obj.o(Region$$Table)
    mem3base                                 0x10000000   Data       61440  malloc.o(.ARM.__AT_0x10000000)
    mem3mapbase                              0x1000f000   Data        3840  malloc.o(.ARM.__AT_0x1000F000)
    SystemCoreClock                          0x20000000   Data           4  system_stm32f4xx.o(.data)
    AHBPrescTable                            0x20000004   Data          16  system_stm32f4xx.o(.data)
    __stdout                                 0x2000001c   Data           4  usart.o(.data)
    USART_RX_STA                             0x20000020   Data           2  usart.o(.data)
    aRxBuffer                                0x20000022   Data           1  usart.o(.data)
    RS485_RX_CNT                             0x20000023   Data           1  rs485.o(.data)
    POINT_COLOR                              0x20000034   Data           4  lcd.o(.data)
    BACK_COLOR                               0x20000038   Data           4  lcd.o(.data)
    g_curX                                   0x2000003c   Data           2  lcd.o(.data)
    g_curY                                   0x2000003e   Data           2  lcd.o(.data)
    CIP                                      0x20000044   Data           5  ft5206.o(.data)
    g_gt_tnum                                0x20000049   Data           1  ft5206.o(.data)
    tp_dev                                   0x2000004c   Data          72  touch.o(.data)
    CMD_RDX                                  0x20000094   Data           1  touch.o(.data)
    CMD_RDY                                  0x20000095   Data           1  touch.o(.data)
    ltdc_framebuf                            0x20000098   Data           8  ltdc.o(.data)
    W25QXX_TYPE                              0x200000a8   Data           2  w25qxx.o(.data)
    ESP8266_RX_CNT                           0x200000aa   Data           2  esp8266.o(.data)
    file                                     0x200000ac   Data           4  exfuns.o(.data)
    ftemp                                    0x200000b0   Data           4  exfuns.o(.data)
    br                                       0x200000b4   Data           4  exfuns.o(.data)
    bw                                       0x200000b8   Data           4  exfuns.o(.data)
    fatbuf                                   0x200000bc   Data           4  exfuns.o(.data)
    mallco_dev                               0x200000c4   Data          36  malloc.o(.data)
    sys_cmd_tab                              0x200000e8   Data          28  usmart.o(.data)
    usmart_nametab                           0x20000104   Data          64  usmart_config.o(.data)
    usmart_dev                               0x20000144   Data         244  usmart_config.o(.data)
    USART_RX_BUF                             0x20000238   Data         200  usart.o(.bss)
    UART1_Handler                            0x20000300   Data          64  usart.o(.bss)
    USART2_RS485Handler                      0x20000340   Data          64  rs485.o(.bss)
    RS485_RX_BUF                             0x20000380   Data          64  rs485.o(.bss)
    SRAM_Handler                             0x200004c0   Data          80  lcd.o(.bss)
    lcddev                                   0x20000510   Data          14  lcd.o(.bss)
    LTDC_Handler                             0x20000520   Data         168  ltdc.o(.bss)
    DMA2D_Handler                            0x200005c8   Data          64  ltdc.o(.bss)
    lcdltdc                                  0x20000608   Data          32  ltdc.o(.bss)
    SDRAM_Handler                            0x20000628   Data          52  sdram.o(.bss)
    NAND_Handler                             0x2000065c   Data          56  nand.o(.bss)
    nand_dev                                 0x20000694   Data          92  nand.o(.bss)
    SDCARD_Handler                           0x200006f0   Data          96  sdio_sdcard.o(.bss)
    SDCardInfo                               0x20000750   Data          88  sdio_sdcard.o(.bss)
    SDTxDMAHandler                           0x200007a8   Data          88  sdio_sdcard.o(.bss)
    SDRxDMAHandler                           0x20000800   Data          88  sdio_sdcard.o(.bss)
    SDIO_DATA_BUFFER                         0x20000858   Data         512  sdio_sdcard.o(.bss)
    W25QXX_BUFFER                            0x20000a58   Data        4096  w25qxx.o(.bss)
    SPI5_Handler                             0x20001a58   Data          88  spi.o(.bss)
    RTC_Handler                              0x20001ab0   Data          32  rtc.o(.bss)
    ESP8266_UART_Handler                     0x20001ad0   Data          64  esp8266.o(.bss)
    ESP8266_RX_BUF                           0x20001b10   Data         512  esp8266.o(.bss)
    ftinfo                                   0x20001d10   Data          41  fontupd.o(.bss)
    fs                                       0x20001d40   Data          12  exfuns.o(.bss)
    fileinfo                                 0x20001d50   Data         288  exfuns.o(.bss)
    dir                                      0x20001e70   Data          72  exfuns.o(.bss)
    mem1base                                 0x20001ee0   Data       163840  malloc.o(.bss)
    mem1mapbase                              0x20029ee0   Data       10240  malloc.o(.bss)
    TIM4_Handler                             0x2002c6e0   Data          60  usmart.o(.bss)
    __libspace_start                         0x2002c71c   Data          96  libspace.o(.bss)
    __temporary_stack_top$libspace           0x2002c77c   Data           0  libspace.o(.bss)
    ltdc_lcd_framebuf                        0xc0000000   Data       2048000  ltdc.o(.ARM.__AT_0xC0000000)
    mem2base                                 0xc01f4000   Data       29605888  malloc.o(.ARM.__AT_0xC01F4000)
    mem2mapbase                              0xc1e30000   Data       1850368  malloc.o(.ARM.__AT_0xC1E30000)



==============================================================================

Memory Map of the image

  Image Entry point : 0x080001ad

  Load Region LR_IROM1 (Base: 0x08000000, Size: 0x0001a07c, Max: 0x00100000, ABSOLUTE, COMPRESSED[0x00019ef8])

    Execution Region ER_IROM1 (Exec base: 0x08000000, Load base: 0x08000000, Size: 0x00019e44, Max: 0x00100000, ABSOLUTE)

    Exec Addr    Load Addr    Size         Type   Attr      Idx    E Section Name        Object

    0x08000000   0x08000000   0x000001ac   Data   RO          605    RESET               startup_stm32f429xx.o
    0x080001ac   0x080001ac   0x00000008   Code   RO         9070  * !!!main             c_w.l(__main.o)
    0x080001b4   0x080001b4   0x00000034   Code   RO         9320    !!!scatter          c_w.l(__scatter.o)
    0x080001e8   0x080001e8   0x0000005a   Code   RO         9318    !!dczerorl2         c_w.l(__dczerorl2.o)
    0x08000242   0x08000242   0x00000002   PAD
    0x08000244   0x08000244   0x0000001c   Code   RO         9322    !!handler_zi        c_w.l(__scatter_zi.o)
    0x08000260   0x08000260   0x00000000   Code   RO         9049    .ARM.Collect$$_printf_percent$$00000000  c_w.l(_printf_percent.o)
    0x08000260   0x08000260   0x00000006   Code   RO         9047    .ARM.Collect$$_printf_percent$$00000009  c_w.l(_printf_d.o)
    0x08000266   0x08000266   0x00000006   Code   RO         9048    .ARM.Collect$$_printf_percent$$0000000A  c_w.l(_printf_u.o)
    0x0800026c   0x0800026c   0x00000006   Code   RO         9046    .ARM.Collect$$_printf_percent$$0000000C  c_w.l(_printf_x.o)
    0x08000272   0x08000272   0x00000006   Code   RO         9044    .ARM.Collect$$_printf_percent$$00000013  c_w.l(_printf_c.o)
    0x08000278   0x08000278   0x00000006   Code   RO         9045    .ARM.Collect$$_printf_percent$$00000014  c_w.l(_printf_s.o)
    0x0800027e   0x0800027e   0x00000004   Code   RO         9139    .ARM.Collect$$_printf_percent$$00000017  c_w.l(_printf_percent_end.o)
    0x08000282   0x08000282   0x00000002   Code   RO         9195    .ARM.Collect$$libinit$$00000000  c_w.l(libinit.o)
    0x08000284   0x08000284   0x00000004   Code   RO         9204    .ARM.Collect$$libinit$$00000001  c_w.l(libinit2.o)
    0x08000288   0x08000288   0x00000000   Code   RO         9207    .ARM.Collect$$libinit$$00000004  c_w.l(libinit2.o)
    0x08000288   0x08000288   0x00000000   Code   RO         9210    .ARM.Collect$$libinit$$0000000A  c_w.l(libinit2.o)
    0x08000288   0x08000288   0x00000000   Code   RO         9212    .ARM.Collect$$libinit$$0000000C  c_w.l(libinit2.o)
    0x08000288   0x08000288   0x00000000   Code   RO         9214    .ARM.Collect$$libinit$$0000000E  c_w.l(libinit2.o)
    0x08000288   0x08000288   0x00000000   Code   RO         9217    .ARM.Collect$$libinit$$00000011  c_w.l(libinit2.o)
    0x08000288   0x08000288   0x00000000   Code   RO         9219    .ARM.Collect$$libinit$$00000013  c_w.l(libinit2.o)
    0x08000288   0x08000288   0x00000000   Code   RO         9221    .ARM.Collect$$libinit$$00000015  c_w.l(libinit2.o)
    0x08000288   0x08000288   0x00000000   Code   RO         9223    .ARM.Collect$$libinit$$00000017  c_w.l(libinit2.o)
    0x08000288   0x08000288   0x00000000   Code   RO         9225    .ARM.Collect$$libinit$$00000019  c_w.l(libinit2.o)
    0x08000288   0x08000288   0x00000000   Code   RO         9227    .ARM.Collect$$libinit$$0000001B  c_w.l(libinit2.o)
    0x08000288   0x08000288   0x00000000   Code   RO         9229    .ARM.Collect$$libinit$$0000001D  c_w.l(libinit2.o)
    0x08000288   0x08000288   0x00000000   Code   RO         9231    .ARM.Collect$$libinit$$0000001F  c_w.l(libinit2.o)
    0x08000288   0x08000288   0x00000000   Code   RO         9233    .ARM.Collect$$libinit$$00000021  c_w.l(libinit2.o)
    0x08000288   0x08000288   0x00000000   Code   RO         9235    .ARM.Collect$$libinit$$00000023  c_w.l(libinit2.o)
    0x08000288   0x08000288   0x00000000   Code   RO         9237    .ARM.Collect$$libinit$$00000025  c_w.l(libinit2.o)
    0x08000288   0x08000288   0x00000000   Code   RO         9241    .ARM.Collect$$libinit$$0000002C  c_w.l(libinit2.o)
    0x08000288   0x08000288   0x00000000   Code   RO         9243    .ARM.Collect$$libinit$$0000002E  c_w.l(libinit2.o)
    0x08000288   0x08000288   0x00000000   Code   RO         9245    .ARM.Collect$$libinit$$00000030  c_w.l(libinit2.o)
    0x08000288   0x08000288   0x00000000   Code   RO         9247    .ARM.Collect$$libinit$$00000032  c_w.l(libinit2.o)
    0x08000288   0x08000288   0x00000002   Code   RO         9248    .ARM.Collect$$libinit$$00000033  c_w.l(libinit2.o)
    0x0800028a   0x0800028a   0x00000002   Code   RO         9274    .ARM.Collect$$libshutdown$$00000000  c_w.l(libshutdown.o)
    0x0800028c   0x0800028c   0x00000000   Code   RO         9301    .ARM.Collect$$libshutdown$$00000002  c_w.l(libshutdown2.o)
    0x0800028c   0x0800028c   0x00000000   Code   RO         9303    .ARM.Collect$$libshutdown$$00000004  c_w.l(libshutdown2.o)
    0x0800028c   0x0800028c   0x00000000   Code   RO         9306    .ARM.Collect$$libshutdown$$00000007  c_w.l(libshutdown2.o)
    0x0800028c   0x0800028c   0x00000000   Code   RO         9309    .ARM.Collect$$libshutdown$$0000000A  c_w.l(libshutdown2.o)
    0x0800028c   0x0800028c   0x00000000   Code   RO         9311    .ARM.Collect$$libshutdown$$0000000C  c_w.l(libshutdown2.o)
    0x0800028c   0x0800028c   0x00000000   Code   RO         9314    .ARM.Collect$$libshutdown$$0000000F  c_w.l(libshutdown2.o)
    0x0800028c   0x0800028c   0x00000002   Code   RO         9315    .ARM.Collect$$libshutdown$$00000010  c_w.l(libshutdown2.o)
    0x0800028e   0x0800028e   0x00000000   Code   RO         9122    .ARM.Collect$$rtentry$$00000000  c_w.l(__rtentry.o)
    0x0800028e   0x0800028e   0x00000000   Code   RO         9152    .ARM.Collect$$rtentry$$00000002  c_w.l(__rtentry2.o)
    0x0800028e   0x0800028e   0x00000006   Code   RO         9164    .ARM.Collect$$rtentry$$00000004  c_w.l(__rtentry4.o)
    0x08000294   0x08000294   0x00000000   Code   RO         9154    .ARM.Collect$$rtentry$$00000009  c_w.l(__rtentry2.o)
    0x08000294   0x08000294   0x00000004   Code   RO         9155    .ARM.Collect$$rtentry$$0000000A  c_w.l(__rtentry2.o)
    0x08000298   0x08000298   0x00000000   Code   RO         9157    .ARM.Collect$$rtentry$$0000000C  c_w.l(__rtentry2.o)
    0x08000298   0x08000298   0x00000008   Code   RO         9158    .ARM.Collect$$rtentry$$0000000D  c_w.l(__rtentry2.o)
    0x080002a0   0x080002a0   0x00000002   Code   RO         9196    .ARM.Collect$$rtexit$$00000000  c_w.l(rtexit.o)
    0x080002a2   0x080002a2   0x00000000   Code   RO         9250    .ARM.Collect$$rtexit$$00000002  c_w.l(rtexit2.o)
    0x080002a2   0x080002a2   0x00000004   Code   RO         9251    .ARM.Collect$$rtexit$$00000003  c_w.l(rtexit2.o)
    0x080002a6   0x080002a6   0x00000006   Code   RO         9252    .ARM.Collect$$rtexit$$00000004  c_w.l(rtexit2.o)
    0x080002ac   0x080002ac   0x00000010   Code   RO         5748    .emb_text           sys.o
    0x080002bc   0x080002bc   0x00000040   Code   RO          606    .text               startup_stm32f429xx.o
    0x080002fc   0x080002fc   0x00000002   Code   RO         8983    .text               c_w.l(use_no_semi_2.o)
    0x080002fe   0x080002fe   0x000000ee   Code   RO         8985    .text               c_w.l(lludivv7m.o)
    0x080003ec   0x080003ec   0x00000018   Code   RO         8991    .text               c_w.l(noretval__2printf.o)
    0x08000404   0x08000404   0x00000028   Code   RO         8993    .text               c_w.l(noretval__2sprintf.o)
    0x0800042c   0x0800042c   0x0000004e   Code   RO         8997    .text               c_w.l(_printf_pad.o)
    0x0800047a   0x0800047a   0x00000052   Code   RO         8999    .text               c_w.l(_printf_str.o)
    0x080004cc   0x080004cc   0x00000078   Code   RO         9001    .text               c_w.l(_printf_dec.o)
    0x08000544   0x08000544   0x00000058   Code   RO         9006    .text               c_w.l(_printf_hex_int.o)
    0x0800059c   0x0800059c   0x00000188   Code   RO         9041    .text               c_w.l(__printf_flags_ss_wp.o)
    0x08000724   0x08000724   0x00000024   Code   RO         9050    .text               c_w.l(strstr.o)
    0x08000748   0x08000748   0x0000003e   Code   RO         9054    .text               c_w.l(strlen.o)
    0x08000786   0x08000786   0x0000008a   Code   RO         9058    .text               c_w.l(rt_memcpy_v6.o)
    0x08000810   0x08000810   0x00000064   Code   RO         9060    .text               c_w.l(rt_memcpy_w.o)
    0x08000874   0x08000874   0x00000044   Code   RO         9062    .text               c_w.l(rt_memclr.o)
    0x080008b8   0x080008b8   0x0000004e   Code   RO         9064    .text               c_w.l(rt_memclr_w.o)
    0x08000906   0x08000906   0x00000002   PAD
    0x08000908   0x08000908   0x00000080   Code   RO         9066    .text               c_w.l(strcmpv7m.o)
    0x08000988   0x08000988   0x00000006   Code   RO         9068    .text               c_w.l(heapauxi.o)
    0x0800098e   0x0800098e   0x00000002   Code   RO         9120    .text               c_w.l(use_no_semi.o)
    0x08000990   0x08000990   0x00000016   Code   RO         9127    .text               c_w.l(_rserrno.o)
    0x080009a6   0x080009a6   0x000000b2   Code   RO         9129    .text               c_w.l(_printf_intcommon.o)
    0x08000a58   0x08000a58   0x00000030   Code   RO         9131    .text               c_w.l(_printf_char_common.o)
    0x08000a88   0x08000a88   0x0000000a   Code   RO         9133    .text               c_w.l(_sputc.o)
    0x08000a92   0x08000a92   0x0000002c   Code   RO         9135    .text               c_w.l(_printf_char.o)
    0x08000abe   0x08000abe   0x00000002   PAD
    0x08000ac0   0x08000ac0   0x00000024   Code   RO         9137    .text               c_w.l(_printf_char_file.o)
    0x08000ae4   0x08000ae4   0x00000008   Code   RO         9171    .text               c_w.l(rt_errno_addr_intlibspace.o)
    0x08000aec   0x08000aec   0x00000008   Code   RO         9175    .text               c_w.l(ferror.o)
    0x08000af4   0x08000af4   0x00000008   Code   RO         9179    .text               c_w.l(libspace.o)
    0x08000afc   0x08000afc   0x0000004a   Code   RO         9182    .text               c_w.l(sys_stackheap_outer.o)
    0x08000b46   0x08000b46   0x00000012   Code   RO         9184    .text               c_w.l(exit.o)
    0x08000b58   0x08000b58   0x00000008   Code   RO         7058    i.AT24CXX_Init      24cxx.o
    0x08000b60   0x08000b60   0x00000022   Code   RO         7059    i.AT24CXX_Read      24cxx.o
    0x08000b82   0x08000b82   0x00000058   Code   RO         7061    i.AT24CXX_ReadOneByte  24cxx.o
    0x08000bda   0x08000bda   0x00000024   Code   RO         7062    i.AT24CXX_Write     24cxx.o
    0x08000bfe   0x08000bfe   0x00000050   Code   RO         7064    i.AT24CXX_WriteOneByte  24cxx.o
    0x08000c4e   0x08000c4e   0x00000004   Code   RO          392    i.BusFault_Handler  stm32f4xx_it.o
    0x08000c52   0x08000c52   0x0000000a   Code   RO         6713    i.CT_Delay          ctiic.o
    0x08000c5c   0x08000c5c   0x00000040   Code   RO         6714    i.CT_IIC_Ack        ctiic.o
    0x08000c9c   0x08000c9c   0x0000008c   Code   RO         6715    i.CT_IIC_Init       ctiic.o
    0x08000d28   0x08000d28   0x00000030   Code   RO         6716    i.CT_IIC_NAck       ctiic.o
    0x08000d58   0x08000d58   0x00000050   Code   RO         6717    i.CT_IIC_Read_Byte  ctiic.o
    0x08000da8   0x08000da8   0x00000044   Code   RO         6718    i.CT_IIC_Send_Byte  ctiic.o
    0x08000dec   0x08000dec   0x00000034   Code   RO         6719    i.CT_IIC_Start      ctiic.o
    0x08000e20   0x08000e20   0x0000002c   Code   RO         6720    i.CT_IIC_Stop       ctiic.o
    0x08000e4c   0x08000e4c   0x00000058   Code   RO         6721    i.CT_IIC_Wait_Ack   ctiic.o
    0x08000ea4   0x08000ea4   0x00000060   Code   RO         5872    i.DHT11_Check       dht11.o
    0x08000f04   0x08000f04   0x00000050   Code   RO         5873    i.DHT11_Init        dht11.o
    0x08000f54   0x08000f54   0x0000004c   Code   RO         5874    i.DHT11_Read_Bit    dht11.o
    0x08000fa0   0x08000fa0   0x0000001e   Code   RO         5875    i.DHT11_Read_Byte   dht11.o
    0x08000fbe   0x08000fbe   0x0000005e   Code   RO         5876    i.DHT11_Read_Data   dht11.o
    0x0800101c   0x0800101c   0x00000040   Code   RO         5877    i.DHT11_Rst         dht11.o
    0x0800105c   0x0800105c   0x00000002   Code   RO          393    i.DebugMon_Handler  stm32f4xx_it.o
    0x0800105e   0x0800105e   0x00000002   PAD
    0x08001060   0x08001060   0x0000001c   Code   RO         7937    i.ESP8266_Clear     esp8266.o
    0x0800107c   0x0800107c   0x000000c8   Code   RO         7938    i.ESP8266_Init      esp8266.o
    0x08001144   0x08001144   0x000000ec   Code   RO         7940    i.ESP8266_MQTT_Debug  esp8266.o
    0x08001230   0x08001230   0x0000003c   Code   RO         7941    i.ESP8266_Receive_Data  esp8266.o
    0x0800126c   0x0800126c   0x00000060   Code   RO         7942    i.ESP8266_SendCmd   esp8266.o
    0x080012cc   0x080012cc   0x00000036   Code   RO         4668    i.FMC_NAND_AttributeSpace_Timing_Init  stm32f4xx_ll_fmc.o
    0x08001302   0x08001302   0x00000036   Code   RO         4669    i.FMC_NAND_CommonSpace_Timing_Init  stm32f4xx_ll_fmc.o
    0x08001338   0x08001338   0x0000004c   Code   RO         4674    i.FMC_NAND_Init     stm32f4xx_ll_fmc.o
    0x08001384   0x08001384   0x00000048   Code   RO         4676    i.FMC_NORSRAM_Extended_Timing_Init  stm32f4xx_ll_fmc.o
    0x080013cc   0x080013cc   0x00000080   Code   RO         4677    i.FMC_NORSRAM_Init  stm32f4xx_ll_fmc.o
    0x0800144c   0x0800144c   0x0000005e   Code   RO         4678    i.FMC_NORSRAM_Timing_Init  stm32f4xx_ll_fmc.o
    0x080014aa   0x080014aa   0x00000074   Code   RO         4688    i.FMC_SDRAM_Init    stm32f4xx_ll_fmc.o
    0x0800151e   0x0800151e   0x0000000e   Code   RO         4689    i.FMC_SDRAM_ProgramRefreshRate  stm32f4xx_ll_fmc.o
    0x0800152c   0x0800152c   0x00000052   Code   RO         4690    i.FMC_SDRAM_SendCommand  stm32f4xx_ll_fmc.o
    0x0800157e   0x0800157e   0x00000098   Code   RO         4692    i.FMC_SDRAM_Timing_Init  stm32f4xx_ll_fmc.o
    0x08001616   0x08001616   0x00000002   PAD
    0x08001618   0x08001618   0x00000194   Code   RO         6788    i.FT5206_Init       ft5206.o
    0x080017ac   0x080017ac   0x00000058   Code   RO         6789    i.FT5206_RD_Reg     ft5206.o
    0x08001804   0x08001804   0x00000368   Code   RO         6790    i.FT5206_Scan       ft5206.o
    0x08001b6c   0x08001b6c   0x00000052   Code   RO         6791    i.FT5206_WR_Reg     ft5206.o
    0x08001bbe   0x08001bbe   0x00000002   PAD
    0x08001bc0   0x08001bc0   0x00000034   Code   RO         7339    i.FTL_BadBlockMark  ftl.o
    0x08001bf4   0x08001bf4   0x0000010c   Code   RO         7340    i.FTL_BlockCompare  ftl.o
    0x08001d00   0x08001d00   0x0000004c   Code   RO         7341    i.FTL_CheckBadBlock  ftl.o
    0x08001d4c   0x08001d4c   0x0000010c   Code   RO         7342    i.FTL_CopyAndWriteToBlock  ftl.o
    0x08001e58   0x08001e58   0x000000ec   Code   RO         7343    i.FTL_CreateLUT     ftl.o
    0x08001f44   0x08001f44   0x00000070   Code   RO         7344    i.FTL_FindSamePlaneUnusedBlock  ftl.o
    0x08001fb4   0x08001fb4   0x00000048   Code   RO         7345    i.FTL_FindUnusedBlock  ftl.o
    0x08001ffc   0x08001ffc   0x000000e4   Code   RO         7346    i.FTL_Format        ftl.o
    0x080020e0   0x080020e0   0x00000100   Code   RO         7347    i.FTL_Init          ftl.o
    0x080021e0   0x080021e0   0x00000024   Code   RO         7348    i.FTL_LBNToPBN      ftl.o
    0x08002204   0x08002204   0x00000150   Code   RO         7349    i.FTL_ReadSectors   ftl.o
    0x08002354   0x08002354   0x00000028   Code   RO         7351    i.FTL_UsedBlockMark  ftl.o
    0x0800237c   0x0800237c   0x00000178   Code   RO         7352    i.FTL_WriteSectors  ftl.o
    0x080024f4   0x080024f4   0x000001a0   Code   RO         7123    i.GT9147_Init       gt9147.o
    0x08002694   0x08002694   0x00000062   Code   RO         7124    i.GT9147_RD_Reg     gt9147.o
    0x080026f6   0x080026f6   0x00000002   PAD
    0x080026f8   0x080026f8   0x0000035c   Code   RO         7125    i.GT9147_Scan       gt9147.o
    0x08002a54   0x08002a54   0x0000005c   Code   RO         7126    i.GT9147_Send_Cfg   gt9147.o
    0x08002ab0   0x08002ab0   0x0000005c   Code   RO         7127    i.GT9147_WR_Reg     gt9147.o
    0x08002b0c   0x08002b0c   0x00000164   Code   RO         7175    i.GT9271_Init       gt9271.o
    0x08002c70   0x08002c70   0x00000062   Code   RO         7176    i.GT9271_RD_Reg     gt9271.o
    0x08002cd2   0x08002cd2   0x00000002   PAD
    0x08002cd4   0x08002cd4   0x00000210   Code   RO         7177    i.GT9271_Scan       gt9271.o
    0x08002ee4   0x08002ee4   0x0000005c   Code   RO         7178    i.GT9271_Send_Cfg   gt9271.o
    0x08002f40   0x08002f40   0x0000005c   Code   RO         7179    i.GT9271_WR_Reg     gt9271.o
    0x08002f9c   0x08002f9c   0x000000f0   Code   RO         8066    i.Get_HzMat         text.o
    0x0800308c   0x0800308c   0x0000001a   Code   RO          620    i.HAL_Delay         stm32f4xx_hal.o
    0x080030a6   0x080030a6   0x00000002   PAD
    0x080030a8   0x080030a8   0x0000021c   Code   RO          902    i.HAL_GPIO_Init     stm32f4xx_hal_gpio.o
    0x080032c4   0x080032c4   0x00000010   Code   RO          904    i.HAL_GPIO_ReadPin  stm32f4xx_hal_gpio.o
    0x080032d4   0x080032d4   0x0000000c   Code   RO          906    i.HAL_GPIO_WritePin  stm32f4xx_hal_gpio.o
    0x080032e0   0x080032e0   0x0000000c   Code   RO          628    i.HAL_GetTick       stm32f4xx_hal.o
    0x080032ec   0x080032ec   0x00000010   Code   RO          629    i.HAL_IncTick       stm32f4xx_hal.o
    0x080032fc   0x080032fc   0x0000003c   Code   RO          630    i.HAL_Init          stm32f4xx_hal.o
    0x08003338   0x08003338   0x00000024   Code   RO          631    i.HAL_InitTick      stm32f4xx_hal.o
    0x0800335c   0x0800335c   0x0000005e   Code   RO         2806    i.HAL_LTDC_ConfigLayer  stm32f4xx_hal_ltdc.o
    0x080033ba   0x080033ba   0x00000002   PAD
    0x080033bc   0x080033bc   0x00000128   Code   RO         2818    i.HAL_LTDC_Init     stm32f4xx_hal_ltdc.o
    0x080034e4   0x080034e4   0x0000015c   Code   RO         6941    i.HAL_LTDC_MspInit  ltdc.o
    0x08003640   0x08003640   0x0000006c   Code   RO         2827    i.HAL_LTDC_SetWindowPosition  stm32f4xx_hal_ltdc.o
    0x080036ac   0x080036ac   0x00000074   Code   RO         2828    i.HAL_LTDC_SetWindowSize  stm32f4xx_hal_ltdc.o
    0x08003720   0x08003720   0x0000000a   Code   RO          633    i.HAL_MspInit       stm32f4xx_hal.o
    0x0800372a   0x0800372a   0x00000066   Code   RO         5221    i.HAL_NAND_Init     stm32f4xx_hal_nand.o
    0x08003790   0x08003790   0x000000f0   Code   RO         7449    i.HAL_NAND_MspInit  nand.o
    0x08003880   0x08003880   0x0000001a   Code   RO          774    i.HAL_NVIC_EnableIRQ  stm32f4xx_hal_cortex.o
    0x0800389a   0x0800389a   0x0000007c   Code   RO          780    i.HAL_NVIC_SetPriority  stm32f4xx_hal_cortex.o
    0x08003916   0x08003916   0x00000002   PAD
    0x08003918   0x08003918   0x00000028   Code   RO          781    i.HAL_NVIC_SetPriorityGrouping  stm32f4xx_hal_cortex.o
    0x08003940   0x08003940   0x000000a4   Code   RO         1091    i.HAL_PWREx_EnableOverDrive  stm32f4xx_hal_pwr_ex.o
    0x080039e4   0x080039e4   0x00000018   Code   RO          972    i.HAL_PWR_EnableBkUpAccess  stm32f4xx_hal_pwr.o
    0x080039fc   0x080039fc   0x00000368   Code   RO         1263    i.HAL_RCCEx_PeriphCLKConfig  stm32f4xx_hal_rcc_ex.o
    0x08003d64   0x08003d64   0x000002b0   Code   RO         1158    i.HAL_RCC_ClockConfig  stm32f4xx_hal_rcc.o
    0x08004014   0x08004014   0x00000038   Code   RO         1163    i.HAL_RCC_GetHCLKFreq  stm32f4xx_hal_rcc.o
    0x0800404c   0x0800404c   0x0000002c   Code   RO         1165    i.HAL_RCC_GetPCLK1Freq  stm32f4xx_hal_rcc.o
    0x08004078   0x08004078   0x0000002c   Code   RO         1166    i.HAL_RCC_GetPCLK2Freq  stm32f4xx_hal_rcc.o
    0x080040a4   0x080040a4   0x000000b4   Code   RO         1167    i.HAL_RCC_GetSysClockFreq  stm32f4xx_hal_rcc.o
    0x08004158   0x08004158   0x00000408   Code   RO         1170    i.HAL_RCC_OscConfig  stm32f4xx_hal_rcc.o
    0x08004560   0x08004560   0x00000002   Code   RO         5482    i.HAL_RTCEx_AlarmBEventCallback  stm32f4xx_hal_rtc_ex.o
    0x08004562   0x08004562   0x00000012   Code   RO         5483    i.HAL_RTCEx_BKUPRead  stm32f4xx_hal_rtc_ex.o
    0x08004574   0x08004574   0x00000012   Code   RO         5484    i.HAL_RTCEx_BKUPWrite  stm32f4xx_hal_rtc_ex.o
    0x08004586   0x08004586   0x00000002   PAD
    0x08004588   0x08004588   0x0000012c   Code   RO         5510    i.HAL_RTCEx_SetWakeUpTimer_IT  stm32f4xx_hal_rtc_ex.o
    0x080046b4   0x080046b4   0x00000018   Code   RO         7820    i.HAL_RTCEx_WakeUpTimerEventCallback  rtc.o
    0x080046cc   0x080046cc   0x00000040   Code   RO         5516    i.HAL_RTCEx_WakeUpTimerIRQHandler  stm32f4xx_hal_rtc_ex.o
    0x0800470c   0x0800470c   0x00000018   Code   RO         7821    i.HAL_RTC_AlarmAEventCallback  rtc.o
    0x08004724   0x08004724   0x0000006c   Code   RO         5345    i.HAL_RTC_AlarmIRQHandler  stm32f4xx_hal_rtc.o
    0x08004790   0x08004790   0x0000004c   Code   RO         5349    i.HAL_RTC_GetDate   stm32f4xx_hal_rtc.o
    0x080047dc   0x080047dc   0x00000060   Code   RO         5351    i.HAL_RTC_GetTime   stm32f4xx_hal_rtc.o
    0x0800483c   0x0800483c   0x000000b4   Code   RO         5352    i.HAL_RTC_Init      stm32f4xx_hal_rtc.o
    0x080048f0   0x080048f0   0x0000005c   Code   RO         7822    i.HAL_RTC_MspInit   rtc.o
    0x0800494c   0x0800494c   0x00000228   Code   RO         5357    i.HAL_RTC_SetAlarm_IT  stm32f4xx_hal_rtc.o
    0x08004b74   0x08004b74   0x00000114   Code   RO         5358    i.HAL_RTC_SetDate   stm32f4xx_hal_rtc.o
    0x08004c88   0x08004c88   0x00000134   Code   RO         5359    i.HAL_RTC_SetTime   stm32f4xx_hal_rtc.o
    0x08004dbc   0x08004dbc   0x0000003a   Code   RO         5360    i.HAL_RTC_WaitForSynchro  stm32f4xx_hal_rtc.o
    0x08004df6   0x08004df6   0x00000040   Code   RO         3001    i.HAL_SDRAM_Init    stm32f4xx_hal_sdram.o
    0x08004e36   0x08004e36   0x00000002   PAD
    0x08004e38   0x08004e38   0x00000134   Code   RO         7281    i.HAL_SDRAM_MspInit  sdram.o
    0x08004f6c   0x08004f6c   0x00000028   Code   RO         3004    i.HAL_SDRAM_ProgramRefreshRate  stm32f4xx_hal_sdram.o
    0x08004f94   0x08004f94   0x0000003a   Code   RO         3010    i.HAL_SDRAM_SendCommand  stm32f4xx_hal_sdram.o
    0x08004fce   0x08004fce   0x000002ee   Code   RO         4858    i.HAL_SD_Get_CardInfo  stm32f4xx_hal_sd.o
    0x080052bc   0x080052bc   0x0000009c   Code   RO         4861    i.HAL_SD_Init       stm32f4xx_hal_sd.o
    0x08005358   0x08005358   0x000000c0   Code   RO         7599    i.HAL_SD_MspInit    sdio_sdcard.o
    0x08005418   0x08005418   0x000001f0   Code   RO         4864    i.HAL_SD_ReadBlocks  stm32f4xx_hal_sd.o
    0x08005608   0x08005608   0x00000036   Code   RO         4867    i.HAL_SD_StopTransfer  stm32f4xx_hal_sd.o
    0x0800563e   0x0800563e   0x0000007e   Code   RO         4868    i.HAL_SD_WideBusOperation_Config  stm32f4xx_hal_sd.o
    0x080056bc   0x080056bc   0x0000028a   Code   RO         4869    i.HAL_SD_WriteBlocks  stm32f4xx_hal_sd.o
    0x08005946   0x08005946   0x00000088   Code   RO         3552    i.HAL_SPI_Init      stm32f4xx_hal_spi.o
    0x080059ce   0x080059ce   0x00000002   PAD
    0x080059d0   0x080059d0   0x00000074   Code   RO         7772    i.HAL_SPI_MspInit   spi.o
    0x08005a44   0x08005a44   0x00000352   Code   RO         3561    i.HAL_SPI_TransmitReceive  stm32f4xx_hal_spi.o
    0x08005d96   0x08005d96   0x00000058   Code   RO         3155    i.HAL_SRAM_Init     stm32f4xx_hal_sram.o
    0x08005dee   0x08005dee   0x00000002   PAD
    0x08005df0   0x08005df0   0x000000a4   Code   RO         6482    i.HAL_SRAM_MspInit  lcd.o
    0x08005e94   0x08005e94   0x00000028   Code   RO          783    i.HAL_SYSTICK_CLKSourceConfig  stm32f4xx_hal_cortex.o
    0x08005ebc   0x08005ebc   0x00000034   Code   RO          785    i.HAL_SYSTICK_Config  stm32f4xx_hal_cortex.o
    0x08005ef0   0x08005ef0   0x00000034   Code   RO         3790    i.HAL_TIM_Base_Init  stm32f4xx_hal_tim.o
    0x08005f24   0x08005f24   0x00000002   Code   RO         3792    i.HAL_TIM_Base_MspInit  stm32f4xx_hal_tim.o
    0x08005f26   0x08005f26   0x0000001e   Code   RO         3795    i.HAL_TIM_Base_Start_IT  stm32f4xx_hal_tim.o
    0x08005f44   0x08005f44   0x00000002   Code   RO         1310    i.HAL_UART_ErrorCallback  stm32f4xx_hal_uart.o
    0x08005f46   0x08005f46   0x00000008   Code   RO         1312    i.HAL_UART_GetState  stm32f4xx_hal_uart.o
    0x08005f4e   0x08005f4e   0x00000130   Code   RO         1313    i.HAL_UART_IRQHandler  stm32f4xx_hal_uart.o
    0x0800607e   0x0800607e   0x0000006e   Code   RO         1314    i.HAL_UART_Init     stm32f4xx_hal_uart.o
    0x080060ec   0x080060ec   0x0000009c   Code   RO         5776    i.HAL_UART_MspInit  usart.o
    0x08006188   0x08006188   0x000000f8   Code   RO         1317    i.HAL_UART_Receive  stm32f4xx_hal_uart.o
    0x08006280   0x08006280   0x00000086   Code   RO         1319    i.HAL_UART_Receive_IT  stm32f4xx_hal_uart.o
    0x08006306   0x08006306   0x00000002   PAD
    0x08006308   0x08006308   0x00000088   Code   RO         5777    i.HAL_UART_RxCpltCallback  usart.o
    0x08006390   0x08006390   0x000000f0   Code   RO         1322    i.HAL_UART_Transmit  stm32f4xx_hal_uart.o
    0x08006480   0x08006480   0x00000002   Code   RO         1325    i.HAL_UART_TxCpltCallback  stm32f4xx_hal_uart.o
    0x08006482   0x08006482   0x00000004   Code   RO          394    i.HardFault_Handler  stm32f4xx_it.o
    0x08006486   0x08006486   0x00000002   PAD
    0x08006488   0x08006488   0x00000050   Code   RO         6053    i.IIC_Ack           myiic.o
    0x080064d8   0x080064d8   0x0000005c   Code   RO         6054    i.IIC_Init          myiic.o
    0x08006534   0x08006534   0x00000050   Code   RO         6055    i.IIC_NAck          myiic.o
    0x08006584   0x08006584   0x0000006c   Code   RO         6056    i.IIC_Read_Byte     myiic.o
    0x080065f0   0x080065f0   0x00000068   Code   RO         6057    i.IIC_Send_Byte     myiic.o
    0x08006658   0x08006658   0x0000004c   Code   RO         6058    i.IIC_Start         myiic.o
    0x080066a4   0x080066a4   0x0000004c   Code   RO         6059    i.IIC_Stop          myiic.o
    0x080066f0   0x080066f0   0x00000060   Code   RO         6060    i.IIC_Wait_Ack      myiic.o
    0x08006750   0x08006750   0x000000b4   Code   RO         5841    i.KEY_Init          key.o
    0x08006804   0x08006804   0x00000048   Code   RO         6484    i.LCD_Clear         lcd.o
    0x0800684c   0x0800684c   0x00000190   Code   RO         6488    i.LCD_Display_Dir   lcd.o
    0x080069dc   0x080069dc   0x000000b0   Code   RO         6489    i.LCD_DrawLine      lcd.o
    0x08006a8c   0x08006a8c   0x0000003c   Code   RO         6490    i.LCD_DrawPoint     lcd.o
    0x08006ac8   0x08006ac8   0x00000040   Code   RO         6491    i.LCD_DrawRectangle  lcd.o
    0x08006b08   0x08006b08   0x00000098   Code   RO         6492    i.LCD_Draw_Circle   lcd.o
    0x08006ba0   0x08006ba0   0x0000010c   Code   RO         6493    i.LCD_Fast_DrawPoint  lcd.o
    0x08006cac   0x08006cac   0x00000070   Code   RO         6494    i.LCD_Fill          lcd.o
    0x08006d1c   0x08006d1c   0x000000a4   Code   RO         6495    i.LCD_GetCursor     lcd.o
    0x08006dc0   0x08006dc0   0x00002c94   Code   RO         6496    i.LCD_Init          lcd.o
    0x08009a54   0x08009a54   0x00000016   Code   RO         6497    i.LCD_Pow           lcd.o
    0x08009a6a   0x08009a6a   0x00000002   PAD
    0x08009a6c   0x08009a6c   0x00000014   Code   RO         6498    i.LCD_RD_DATA       lcd.o
    0x08009a80   0x08009a80   0x00000060   Code   RO         6501    i.LCD_SSD_BackLightSet  lcd.o
    0x08009ae0   0x08009ae0   0x0000023c   Code   RO         6502    i.LCD_Scan_Dir      lcd.o
    0x08009d1c   0x08009d1c   0x00000130   Code   RO         6503    i.LCD_SetCursor     lcd.o
    0x08009e4c   0x08009e4c   0x0000013c   Code   RO         6505    i.LCD_ShowChar      lcd.o
    0x08009f88   0x08009f88   0x00000094   Code   RO         6506    i.LCD_ShowNum       lcd.o
    0x0800a01c   0x0800a01c   0x00000066   Code   RO         6507    i.LCD_ShowString    lcd.o
    0x0800a082   0x0800a082   0x00000002   PAD
    0x0800a084   0x0800a084   0x00000018   Code   RO         6509    i.LCD_WR_DATA       lcd.o
    0x0800a09c   0x0800a09c   0x00000018   Code   RO         6510    i.LCD_WR_REG        lcd.o
    0x0800a0b4   0x0800a0b4   0x00000014   Code   RO         6512    i.LCD_WriteRAM_Prepare  lcd.o
    0x0800a0c8   0x0800a0c8   0x00000010   Code   RO         6513    i.LCD_WriteReg      lcd.o
    0x0800a0d8   0x0800a0d8   0x0000005c   Code   RO         5926    i.LED_Init          led.o
    0x0800a134   0x0800a134   0x00000024   Code   RO         6942    i.LTDC_Clear        ltdc.o
    0x0800a158   0x0800a158   0x00000026   Code   RO         6943    i.LTDC_Clk_Set      ltdc.o
    0x0800a17e   0x0800a17e   0x00000002   PAD
    0x0800a180   0x0800a180   0x0000002c   Code   RO         6945    i.LTDC_Display_Dir  ltdc.o
    0x0800a1ac   0x0800a1ac   0x00000050   Code   RO         6946    i.LTDC_Draw_Point   ltdc.o
    0x0800a1fc   0x0800a1fc   0x00000164   Code   RO         6947    i.LTDC_Fill         ltdc.o
    0x0800a360   0x0800a360   0x000002a4   Code   RO         6948    i.LTDC_Init         ltdc.o
    0x0800a604   0x0800a604   0x0000007c   Code   RO         6949    i.LTDC_Layer_Parameter_Config  ltdc.o
    0x0800a680   0x0800a680   0x00000030   Code   RO         6951    i.LTDC_Layer_Window_Config  ltdc.o
    0x0800a6b0   0x0800a6b0   0x000000d4   Code   RO         6952    i.LTDC_PanelID_Read  ltdc.o
    0x0800a784   0x0800a784   0x0000000c   Code   RO         6954    i.LTDC_Select_Layer  ltdc.o
    0x0800a790   0x0800a790   0x00000212   Code   RO         2829    i.LTDC_SetConfig    stm32f4xx_hal_ltdc.o
    0x0800a9a2   0x0800a9a2   0x00000002   PAD
    0x0800a9a4   0x0800a9a4   0x00000040   Code   RO            4    i.Load_Drow_Dialog  main.o
    0x0800a9e4   0x0800a9e4   0x00000004   Code   RO          395    i.MemManage_Handler  stm32f4xx_it.o
    0x0800a9e8   0x0800a9e8   0x0000020c   Code   RO         7450    i.NAND_CopyPageWithWrite  nand.o
    0x0800abf4   0x0800abf4   0x000000c8   Code   RO         7451    i.NAND_CopyPageWithoutWrite  nand.o
    0x0800acbc   0x0800acbc   0x00000012   Code   RO         7452    i.NAND_Delay        nand.o
    0x0800acce   0x0800acce   0x00000002   PAD
    0x0800acd0   0x0800acd0   0x000000c4   Code   RO         7453    i.NAND_ECC_Correction  nand.o
    0x0800ad94   0x0800ad94   0x0000003a   Code   RO         7454    i.NAND_ECC_Get_OE   nand.o
    0x0800adce   0x0800adce   0x00000002   PAD
    0x0800add0   0x0800add0   0x00000060   Code   RO         7455    i.NAND_EraseBlock   nand.o
    0x0800ae30   0x0800ae30   0x000000dc   Code   RO         7457    i.NAND_Init         nand.o
    0x0800af0c   0x0800af0c   0x00000038   Code   RO         7458    i.NAND_ModeSet      nand.o
    0x0800af44   0x0800af44   0x00000060   Code   RO         7459    i.NAND_ReadID       nand.o
    0x0800afa4   0x0800afa4   0x0000029c   Code   RO         7460    i.NAND_ReadPage     nand.o
    0x0800b240   0x0800b240   0x00000090   Code   RO         7461    i.NAND_ReadPageComp  nand.o
    0x0800b2d0   0x0800b2d0   0x00000040   Code   RO         7462    i.NAND_ReadSpare    nand.o
    0x0800b310   0x0800b310   0x00000024   Code   RO         7463    i.NAND_ReadStatus   nand.o
    0x0800b334   0x0800b334   0x0000001c   Code   RO         7464    i.NAND_Reset        nand.o
    0x0800b350   0x0800b350   0x00000034   Code   RO         7465    i.NAND_WaitForReady  nand.o
    0x0800b384   0x0800b384   0x00000034   Code   RO         7466    i.NAND_WaitRB       nand.o
    0x0800b3b8   0x0800b3b8   0x00000188   Code   RO         7467    i.NAND_WritePage    nand.o
    0x0800b540   0x0800b540   0x0000006c   Code   RO         7468    i.NAND_WritePageConst  nand.o
    0x0800b5ac   0x0800b5ac   0x00000040   Code   RO         7469    i.NAND_WriteSpare   nand.o
    0x0800b5ec   0x0800b5ec   0x00000002   Code   RO          396    i.NMI_Handler       stm32f4xx_it.o
    0x0800b5ee   0x0800b5ee   0x00000002   PAD
    0x0800b5f0   0x0800b5f0   0x00000010   Code   RO          787    i.NVIC_GetPriorityGrouping  stm32f4xx_hal_cortex.o
    0x0800b600   0x0800b600   0x00000028   Code   RO          788    i.NVIC_SetPriority  stm32f4xx_hal_cortex.o
    0x0800b628   0x0800b628   0x000000dc   Code   RO         7227    i.OTT2001A_Init     ott2001a.o
    0x0800b704   0x0800b704   0x00000062   Code   RO         7228    i.OTT2001A_RD_Reg   ott2001a.o
    0x0800b766   0x0800b766   0x00000002   PAD
    0x0800b768   0x0800b768   0x000001f8   Code   RO         7229    i.OTT2001A_Scan     ott2001a.o
    0x0800b960   0x0800b960   0x0000001c   Code   RO         7230    i.OTT2001A_SensorControl  ott2001a.o
    0x0800b97c   0x0800b97c   0x0000005c   Code   RO         7231    i.OTT2001A_WR_Reg   ott2001a.o
    0x0800b9d8   0x0800b9d8   0x0000006c   Code   RO         5950    i.PCF8574_Init      pcf8574.o
    0x0800ba44   0x0800ba44   0x0000001a   Code   RO         5951    i.PCF8574_ReadBit   pcf8574.o
    0x0800ba5e   0x0800ba5e   0x00000022   Code   RO         5952    i.PCF8574_ReadOneByte  pcf8574.o
    0x0800ba80   0x0800ba80   0x00000028   Code   RO         5954    i.PCF8574_WriteOneByte  pcf8574.o
    0x0800baa8   0x0800baa8   0x00000002   Code   RO          397    i.PendSV_Handler    stm32f4xx_it.o
    0x0800baaa   0x0800baaa   0x00000002   PAD
    0x0800baac   0x0800baac   0x00000010   Code   RO         7823    i.RTC_Alarm_IRQHandler  rtc.o
    0x0800babc   0x0800babc   0x00000016   Code   RO         5361    i.RTC_Bcd2ToByte    stm32f4xx_hal_rtc.o
    0x0800bad2   0x0800bad2   0x0000001a   Code   RO         5362    i.RTC_ByteToBcd2    stm32f4xx_hal_rtc.o
    0x0800baec   0x0800baec   0x0000003e   Code   RO         5363    i.RTC_EnterInitMode  stm32f4xx_hal_rtc.o
    0x0800bb2a   0x0800bb2a   0x00000002   PAD
    0x0800bb2c   0x0800bb2c   0x00000068   Code   RO         7824    i.RTC_Init          rtc.o
    0x0800bb94   0x0800bb94   0x00000058   Code   RO         7825    i.RTC_Set_AlarmA    rtc.o
    0x0800bbec   0x0800bbec   0x0000002c   Code   RO         7826    i.RTC_Set_Date      rtc.o
    0x0800bc18   0x0800bc18   0x00000034   Code   RO         7827    i.RTC_Set_Time      rtc.o
    0x0800bc4c   0x0800bc4c   0x0000003c   Code   RO         7828    i.RTC_Set_WakeUp    rtc.o
    0x0800bc88   0x0800bc88   0x00000010   Code   RO         7829    i.RTC_WKUP_IRQHandler  rtc.o
    0x0800bc98   0x0800bc98   0x0000002c   Code   RO         5116    i.SDIO_DataConfig   stm32f4xx_ll_sdmmc.o
    0x0800bcc4   0x0800bcc4   0x00000008   Code   RO         5117    i.SDIO_GetCommandResponse  stm32f4xx_ll_sdmmc.o
    0x0800bccc   0x0800bccc   0x0000000a   Code   RO         5120    i.SDIO_GetPowerState  stm32f4xx_ll_sdmmc.o
    0x0800bcd6   0x0800bcd6   0x00000002   PAD
    0x0800bcd8   0x0800bcd8   0x00000018   Code   RO         5121    i.SDIO_GetResponse  stm32f4xx_ll_sdmmc.o
    0x0800bcf0   0x0800bcf0   0x00000034   Code   RO         5122    i.SDIO_Init         stm32f4xx_ll_sdmmc.o
    0x0800bd24   0x0800bd24   0x0000000a   Code   RO         5124    i.SDIO_PowerState_ON  stm32f4xx_ll_sdmmc.o
    0x0800bd2e   0x0800bd2e   0x00000008   Code   RO         5125    i.SDIO_ReadFIFO     stm32f4xx_ll_sdmmc.o
    0x0800bd36   0x0800bd36   0x00000028   Code   RO         5126    i.SDIO_SendCommand  stm32f4xx_ll_sdmmc.o
    0x0800bd5e   0x0800bd5e   0x0000000c   Code   RO         5128    i.SDIO_WriteFIFO    stm32f4xx_ll_sdmmc.o
    0x0800bd6a   0x0800bd6a   0x00000002   PAD
    0x0800bd6c   0x0800bd6c   0x00000068   Code   RO         7282    i.SDRAM_Init        sdram.o
    0x0800bdd4   0x0800bdd4   0x00000054   Code   RO         7283    i.SDRAM_Initialization_Sequence  sdram.o
    0x0800be28   0x0800be28   0x00000048   Code   RO         7284    i.SDRAM_Send_Cmd    sdram.o
    0x0800be70   0x0800be70   0x00000036   Code   RO         4873    i.SD_CmdError       stm32f4xx_hal_sd.o
    0x0800bea6   0x0800bea6   0x00000002   PAD
    0x0800bea8   0x0800bea8   0x00000180   Code   RO         4874    i.SD_CmdResp1Error  stm32f4xx_hal_sd.o
    0x0800c028   0x0800c028   0x00000046   Code   RO         4875    i.SD_CmdResp2Error  stm32f4xx_hal_sd.o
    0x0800c06e   0x0800c06e   0x00000032   Code   RO         4876    i.SD_CmdResp3Error  stm32f4xx_hal_sd.o
    0x0800c0a0   0x0800c0a0   0x000000ac   Code   RO         4877    i.SD_CmdResp6Error  stm32f4xx_hal_sd.o
    0x0800c14c   0x0800c14c   0x00000066   Code   RO         4878    i.SD_CmdResp7Error  stm32f4xx_hal_sd.o
    0x0800c1b2   0x0800c1b2   0x00000172   Code   RO         4883    i.SD_FindSCR        stm32f4xx_hal_sd.o
    0x0800c324   0x0800c324   0x0000004c   Code   RO         7601    i.SD_Init           sdio_sdcard.o
    0x0800c370   0x0800c370   0x000000fa   Code   RO         4885    i.SD_Initialize_Cards  stm32f4xx_hal_sd.o
    0x0800c46a   0x0800c46a   0x00000002   PAD
    0x0800c46c   0x0800c46c   0x000001d4   Code   RO         4886    i.SD_IsCardProgramming  stm32f4xx_hal_sd.o
    0x0800c640   0x0800c640   0x00000164   Code   RO         4888    i.SD_PowerON        stm32f4xx_hal_sd.o
    0x0800c7a4   0x0800c7a4   0x00000090   Code   RO         7602    i.SD_ReadDisk       sdio_sdcard.o
    0x0800c834   0x0800c834   0x00000038   Code   RO         4889    i.SD_Select_Deselect  stm32f4xx_hal_sd.o
    0x0800c86c   0x0800c86c   0x00000096   Code   RO         4891    i.SD_WideBus_Disable  stm32f4xx_hal_sd.o
    0x0800c902   0x0800c902   0x00000096   Code   RO         4892    i.SD_WideBus_Enable  stm32f4xx_hal_sd.o
    0x0800c998   0x0800c998   0x00000090   Code   RO         7603    i.SD_WriteDisk      sdio_sdcard.o
    0x0800ca28   0x0800ca28   0x00000058   Code   RO         7773    i.SPI5_Init         spi.o
    0x0800ca80   0x0800ca80   0x00000020   Code   RO         7774    i.SPI5_ReadWriteByte  spi.o
    0x0800caa0   0x0800caa0   0x00000048   Code   RO         7775    i.SPI5_SetSpeed     spi.o
    0x0800cae8   0x0800cae8   0x00000114   Code   RO         3583    i.SPI_WaitOnFlagUntilTimeout  stm32f4xx_hal_spi.o
    0x0800cbfc   0x0800cbfc   0x00000002   Code   RO          398    i.SVC_Handler       stm32f4xx_it.o
    0x0800cbfe   0x0800cbfe   0x00000002   PAD
    0x0800cc00   0x0800cc00   0x000000cc   Code   RO         8067    i.Show_Font         text.o
    0x0800cccc   0x0800cccc   0x000000c2   Code   RO         8068    i.Show_Str          text.o
    0x0800cd8e   0x0800cd8e   0x00000002   PAD
    0x0800cd90   0x0800cd90   0x00000070   Code   RO         8069    i.Show_Str_Mid      text.o
    0x0800ce00   0x0800ce00   0x000000b8   Code   RO         5749    i.Stm32_Clock_Init  sys.o
    0x0800ceb8   0x0800ceb8   0x00000008   Code   RO          399    i.SysTick_Handler   stm32f4xx_it.o
    0x0800cec0   0x0800cec0   0x00000064   Code   RO          471    i.SystemInit        system_stm32f4xx.o
    0x0800cf24   0x0800cf24   0x00000044   Code   RO         8786    i.TIM4_IRQHandler   usmart.o
    0x0800cf68   0x0800cf68   0x000000e4   Code   RO         3874    i.TIM_Base_SetConfig  stm32f4xx_hal_tim.o
    0x0800d04c   0x0800d04c   0x000001a8   Code   RO         6834    i.TP_Adj_Info_Show  touch.o
    0x0800d1f4   0x0800d1f4   0x00000900   Code   RO         6835    i.TP_Adjust         touch.o
    0x0800daf4   0x0800daf4   0x00000070   Code   RO         6837    i.TP_Drow_Touch_Point  touch.o
    0x0800db64   0x0800db64   0x00000050   Code   RO         6838    i.TP_Get_Adjdata    touch.o
    0x0800dbb4   0x0800dbb4   0x0000022c   Code   RO         6839    i.TP_Init           touch.o
    0x0800dde0   0x0800dde0   0x00000098   Code   RO         6840    i.TP_Read_AD        touch.o
    0x0800de78   0x0800de78   0x00000078   Code   RO         6841    i.TP_Read_XOY       touch.o
    0x0800def0   0x0800def0   0x00000030   Code   RO         6842    i.TP_Read_XY        touch.o
    0x0800df20   0x0800df20   0x000000c0   Code   RO         6843    i.TP_Read_XY2       touch.o
    0x0800dfe0   0x0800dfe0   0x0000001c   Code   RO         6844    i.TP_Save_Adjdata   touch.o
    0x0800dffc   0x0800dffc   0x000000f4   Code   RO         6845    i.TP_Scan           touch.o
    0x0800e0f0   0x0800e0f0   0x0000004c   Code   RO         6846    i.TP_Write_Byte     touch.o
    0x0800e13c   0x0800e13c   0x00000060   Code   RO         8787    i.Timer4_Init       usmart.o
    0x0800e19c   0x0800e19c   0x00000030   Code   RO         1332    i.UART_EndTransmit_IT  stm32f4xx_hal_uart.o
    0x0800e1cc   0x0800e1cc   0x000000bc   Code   RO         1333    i.UART_Receive_IT   stm32f4xx_hal_uart.o
    0x0800e288   0x0800e288   0x00000224   Code   RO         1334    i.UART_SetConfig    stm32f4xx_hal_uart.o
    0x0800e4ac   0x0800e4ac   0x00000070   Code   RO         1335    i.UART_Transmit_IT  stm32f4xx_hal_uart.o
    0x0800e51c   0x0800e51c   0x000000fa   Code   RO         1336    i.UART_WaitOnFlagUntilTimeout  stm32f4xx_hal_uart.o
    0x0800e616   0x0800e616   0x00000002   PAD
    0x0800e618   0x0800e618   0x000000e0   Code   RO         6222    i.UI_100            easyui.o
    0x0800e6f8   0x0800e6f8   0x00000134   Code   RO         6223    i.UI_110            easyui.o
    0x0800e82c   0x0800e82c   0x000000bc   Code   RO         6224    i.UI_111            easyui.o
    0x0800e8e8   0x0800e8e8   0x000000bc   Code   RO         6225    i.UI_112            easyui.o
    0x0800e9a4   0x0800e9a4   0x000000bc   Code   RO         6226    i.UI_120            easyui.o
    0x0800ea60   0x0800ea60   0x000000a4   Code   RO         6227    i.UI_130            easyui.o
    0x0800eb04   0x0800eb04   0x0000014c   Code   RO         6228    i.UI_200            easyui.o
    0x0800ec50   0x0800ec50   0x000000a4   Code   RO         6229    i.UI_210            easyui.o
    0x0800ecf4   0x0800ecf4   0x00000074   Code   RO         6230    i.UI_220            easyui.o
    0x0800ed68   0x0800ed68   0x00000074   Code   RO         6231    i.UI_230            easyui.o
    0x0800eddc   0x0800eddc   0x00000074   Code   RO         6232    i.UI_240            easyui.o
    0x0800ee50   0x0800ee50   0x00000074   Code   RO         6233    i.UI_250            easyui.o
    0x0800eec4   0x0800eec4   0x00000074   Code   RO         6234    i.UI_260            easyui.o
    0x0800ef38   0x0800ef38   0x000001e8   Code   RO         6235    i.UI_300            easyui.o
    0x0800f120   0x0800f120   0x000000a4   Code   RO         6236    i.UI_301            easyui.o
    0x0800f1c4   0x0800f1c4   0x0000015c   Code   RO         6237    i.UI_310            easyui.o
    0x0800f320   0x0800f320   0x0000010c   Code   RO         6238    i.UI_400            easyui.o
    0x0800f42c   0x0800f42c   0x00000198   Code   RO         6239    i.UI_410            easyui.o
    0x0800f5c4   0x0800f5c4   0x00000130   Code   RO         6240    i.UI_411            easyui.o
    0x0800f6f4   0x0800f6f4   0x00000148   Code   RO         6241    i.UI_420            easyui.o
    0x0800f83c   0x0800f83c   0x00000198   Code   RO         6242    i.UI_421            easyui.o
    0x0800f9d4   0x0800f9d4   0x00000188   Code   RO         6243    i.UI_422            easyui.o
    0x0800fb5c   0x0800fb5c   0x000000a0   Code   RO         6244    i.UI_430            easyui.o
    0x0800fbfc   0x0800fbfc   0x00000140   Code   RO         6246    i.UI_600            easyui.o
    0x0800fd3c   0x0800fd3c   0x00000100   Code   RO         6247    i.UI_610            easyui.o
    0x0800fe3c   0x0800fe3c   0x00000488   Code   RO         6248    i.UI_611            easyui.o
    0x080102c4   0x080102c4   0x000001a8   Code   RO         6249    i.UI_620            easyui.o
    0x0801046c   0x0801046c   0x000000d0   Code   RO         6250    i.UI_621            easyui.o
    0x0801053c   0x0801053c   0x00000104   Code   RO         6251    i.UI_630            easyui.o
    0x08010640   0x08010640   0x0000006c   Code   RO         6252    i.UI_640            easyui.o
    0x080106ac   0x080106ac   0x000000cc   Code   RO         6253    i.UI_650            easyui.o
    0x08010778   0x08010778   0x000000c8   Code   RO         6254    i.UI_660            easyui.o
    0x08010840   0x08010840   0x00000018   Code   RO         6255    i.UI_DATA_Show      easyui.o
    0x08010858   0x08010858   0x00000100   Code   RO         6256    i.UI_ESP8266        easyui.o
    0x08010958   0x08010958   0x00000070   Code   RO         6257    i.UI_ESP8266_Send   easyui.o
    0x080109c8   0x080109c8   0x00000020   Code   RO         6258    i.UI_Init           easyui.o
    0x080109e8   0x080109e8   0x000001dc   Code   RO         6259    i.UI_Main           easyui.o
    0x08010bc4   0x08010bc4   0x000000e4   Code   RO         6260    i.UI_Main_show      easyui.o
    0x08010ca8   0x08010ca8   0x00001748   Code   RO         6261    i.UI_TouchHandler   easyui.o
    0x080123f0   0x080123f0   0x00000050   Code   RO         5778    i.USART1_IRQHandler  usart.o
    0x08012440   0x08012440   0x00000048   Code   RO         6002    i.USART2_IRQHandler  rs485.o
    0x08012488   0x08012488   0x0000004c   Code   RO         7945    i.USART3_IRQHandler  esp8266.o
    0x080124d4   0x080124d4   0x00000004   Code   RO          400    i.UsageFault_Handler  stm32f4xx_it.o
    0x080124d8   0x080124d8   0x00000058   Code   RO         7654    i.W25QXX_Erase_Sector  w25qxx.o
    0x08012530   0x08012530   0x00000098   Code   RO         7655    i.W25QXX_Init       w25qxx.o
    0x080125c8   0x080125c8   0x00000064   Code   RO         7657    i.W25QXX_Read       w25qxx.o
    0x0801262c   0x0801262c   0x00000048   Code   RO         7658    i.W25QXX_ReadID     w25qxx.o
    0x08012674   0x08012674   0x00000050   Code   RO         7659    i.W25QXX_ReadSR     w25qxx.o
    0x080126c4   0x080126c4   0x00000014   Code   RO         7661    i.W25QXX_Wait_Busy  w25qxx.o
    0x080126d8   0x080126d8   0x000000b8   Code   RO         7662    i.W25QXX_Write      w25qxx.o
    0x08012790   0x08012790   0x00000020   Code   RO         7664    i.W25QXX_Write_Enable  w25qxx.o
    0x080127b0   0x080127b0   0x00000046   Code   RO         7665    i.W25QXX_Write_NoCheck  w25qxx.o
    0x080127f6   0x080127f6   0x00000002   PAD
    0x080127f8   0x080127f8   0x0000006c   Code   RO         7666    i.W25QXX_Write_Page  w25qxx.o
    0x08012864   0x08012864   0x0000007a   Code   RO         9096    i.__hardfp_sqrt     m_wm.l(sqrt.o)
    0x080128de   0x080128de   0x0000000e   Code   RO         9034    i._is_digit         c_w.l(__printf_wp.o)
    0x080128ec   0x080128ec   0x00000004   Code   RO         5779    i._sys_exit         usart.o
    0x080128f0   0x080128f0   0x00000084   Code   RO         8294    i.check_fs          ff.o
    0x08012974   0x08012974   0x0000001a   Code   RO         8297    i.clust2sect        ff.o
    0x0801298e   0x0801298e   0x00000002   PAD
    0x08012990   0x08012990   0x00000150   Code   RO            5    i.ctp_test          main.o
    0x08012ae0   0x08012ae0   0x00000014   Code   RO         5710    i.delay_init        delay.o
    0x08012af4   0x08012af4   0x00000018   Code   RO         5711    i.delay_ms          delay.o
    0x08012b0c   0x08012b0c   0x00000048   Code   RO         5712    i.delay_us          delay.o
    0x08012b54   0x08012b54   0x00000038   Code   RO         8227    i.disk_initialize   diskio.o
    0x08012b8c   0x08012b8c   0x00000090   Code   RO         8229    i.disk_read         diskio.o
    0x08012c1c   0x08012c1c   0x00000006   Code   RO         8230    i.disk_status       diskio.o
    0x08012c22   0x08012c22   0x00000090   Code   RO         8231    i.disk_write        diskio.o
    0x08012cb2   0x08012cb2   0x00000002   PAD
    0x08012cb4   0x08012cb4   0x00000084   Code   RO         8148    i.exfuns_init       exfuns.o
    0x08012d38   0x08012d38   0x0000005c   Code   RO         8317    i.f_mount           ff.o
    0x08012d94   0x08012d94   0x00000458   Code   RO         8334    i.find_volume       ff.o
    0x080131ec   0x080131ec   0x00000044   Code   RO         8015    i.font_init         fontupd.o
    0x08013230   0x08013230   0x0000001c   Code   RO         5780    i.fputc             usart.o
    0x0801324c   0x0801324c   0x0000004a   Code   RO         8339    i.get_ldnumber      ff.o
    0x08013296   0x08013296   0x00000002   PAD
    0x08013298   0x08013298   0x00000050   Code   RO            6    i.gui_draw_hline    main.o
    0x080132e8   0x080132e8   0x000000b0   Code   RO            7    i.gui_fill_circle   main.o
    0x08013398   0x08013398   0x000000d4   Code   RO            8    i.lcd_draw_bline    main.o
    0x0801346c   0x0801346c   0x00000018   Code   RO         8342    i.ld_dword          ff.o
    0x08013484   0x08013484   0x00000062   Code   RO         8343    i.ld_qword          ff.o
    0x080134e6   0x080134e6   0x0000000c   Code   RO         8344    i.ld_word           ff.o
    0x080134f2   0x080134f2   0x00000002   PAD
    0x080134f4   0x080134f4   0x000000ac   Code   RO            9    i.main              main.o
    0x080135a0   0x080135a0   0x00000024   Code   RO         8347    i.mem_cmp           ff.o
    0x080135c4   0x080135c4   0x00000034   Code   RO         8350    i.move_window       ff.o
    0x080135f8   0x080135f8   0x0000006c   Code   RO         8702    i.my_mem_free       malloc.o
    0x08013664   0x08013664   0x0000002c   Code   RO         8703    i.my_mem_init       malloc.o
    0x08013690   0x08013690   0x000000a8   Code   RO         8704    i.my_mem_malloc     malloc.o
    0x08013738   0x08013738   0x00000040   Code   RO         8705    i.my_mem_perused    malloc.o
    0x08013778   0x08013778   0x00000024   Code   RO         8706    i.myfree            malloc.o
    0x0801379c   0x0801379c   0x00000028   Code   RO         8707    i.mymalloc          malloc.o
    0x080137c4   0x080137c4   0x00000014   Code   RO         8709    i.mymemset          malloc.o
    0x080137d8   0x080137d8   0x00000006   Code   RO         8788    i.read_addr         usmart.o
    0x080137de   0x080137de   0x00000052   Code   RO         8363    i.sync_window       ff.o
    0x08013830   0x08013830   0x00000038   Code   RO         5781    i.uart_init         usart.o
    0x08013868   0x08013868   0x000000b0   Code   RO         8789    i.usmart_cmd_rec    usmart.o
    0x08013918   0x08013918   0x000002d4   Code   RO         8790    i.usmart_exe        usmart.o
    0x08013bec   0x08013bec   0x000000c8   Code   RO         8900    i.usmart_get_aparm  usmart_str.o
    0x08013cb4   0x08013cb4   0x00000036   Code   RO         8901    i.usmart_get_cmdname  usmart_str.o
    0x08013cea   0x08013cea   0x00000002   PAD
    0x08013cec   0x08013cec   0x000001c0   Code   RO         8902    i.usmart_get_fname  usmart_str.o
    0x08013eac   0x08013eac   0x0000010c   Code   RO         8903    i.usmart_get_fparam  usmart_str.o
    0x08013fb8   0x08013fb8   0x00000020   Code   RO         8904    i.usmart_get_parmpos  usmart_str.o
    0x08013fd8   0x08013fd8   0x00000044   Code   RO         8791    i.usmart_get_runtime  usmart.o
    0x0801401c   0x0801401c   0x00000028   Code   RO         8792    i.usmart_init       usmart.o
    0x08014044   0x08014044   0x00000016   Code   RO         8905    i.usmart_pow        usmart_str.o
    0x0801405a   0x0801405a   0x00000002   PAD
    0x0801405c   0x0801405c   0x00000034   Code   RO         8793    i.usmart_reset_runtime  usmart.o
    0x08014090   0x08014090   0x000000bc   Code   RO         8794    i.usmart_scan       usmart.o
    0x0801414c   0x0801414c   0x00000016   Code   RO         8906    i.usmart_search_nextc  usmart_str.o
    0x08014162   0x08014162   0x000000ca   Code   RO         8907    i.usmart_str2num    usmart_str.o
    0x0801422c   0x0801422c   0x00000022   Code   RO         8908    i.usmart_strcmp     usmart_str.o
    0x0801424e   0x0801424e   0x00000016   Code   RO         8909    i.usmart_strcopy    usmart_str.o
    0x08014264   0x08014264   0x00000018   Code   RO         8910    i.usmart_strlen     usmart_str.o
    0x0801427c   0x0801427c   0x000006f4   Code   RO         8795    i.usmart_sys_cmd_exe  usmart.o
    0x08014970   0x08014970   0x00000004   Code   RO         8796    i.write_addr        usmart.o
    0x08014974   0x08014974   0x00000150   Code   RO         9072    x$fpl$dadd          fz_wm.l(daddsub_clz.o)
    0x08014ac4   0x08014ac4   0x00000018   Code   RO         9140    x$fpl$dcmpinf       fz_wm.l(dcmpi.o)
    0x08014adc   0x08014adc   0x0000005a   Code   RO         9078    x$fpl$dfixu         fz_wm.l(dfixu.o)
    0x08014b36   0x08014b36   0x0000002e   Code   RO         9083    x$fpl$dflt          fz_wm.l(dflt_clz.o)
    0x08014b64   0x08014b64   0x00000026   Code   RO         9082    x$fpl$dfltu         fz_wm.l(dflt_clz.o)
    0x08014b8a   0x08014b8a   0x00000002   PAD
    0x08014b8c   0x08014b8c   0x00000078   Code   RO         9088    x$fpl$dleqf         fz_wm.l(dleqf.o)
    0x08014c04   0x08014c04   0x00000154   Code   RO         9090    x$fpl$dmul          fz_wm.l(dmul.o)
    0x08014d58   0x08014d58   0x0000009c   Code   RO         9142    x$fpl$dnaninf       fz_wm.l(dnaninf.o)
    0x08014df4   0x08014df4   0x0000000c   Code   RO         9144    x$fpl$dretinf       fz_wm.l(dretinf.o)
    0x08014e00   0x08014e00   0x0000006c   Code   RO         9092    x$fpl$drleqf        fz_wm.l(drleqf.o)
    0x08014e6c   0x08014e6c   0x00000016   Code   RO         9073    x$fpl$drsb          fz_wm.l(daddsub_clz.o)
    0x08014e82   0x08014e82   0x00000002   PAD
    0x08014e84   0x08014e84   0x00000198   Code   RO         9146    x$fpl$dsqrt         fz_wm.l(dsqrt_umaal.o)
    0x0801501c   0x0801501c   0x000001d4   Code   RO         9074    x$fpl$dsub          fz_wm.l(daddsub_clz.o)
    0x080151f0   0x080151f0   0x00000056   Code   RO         9094    x$fpl$f2d           fz_wm.l(f2d.o)
    0x08015246   0x08015246   0x0000008c   Code   RO         9148    x$fpl$fnaninf       fz_wm.l(fnaninf.o)
    0x080152d2   0x080152d2   0x0000000a   Code   RO         9262    x$fpl$fpinit        fz_wm.l(fpinit.o)
    0x080152dc   0x080152dc   0x00000000   Code   RO         9150    x$fpl$usenofp       fz_wm.l(usenofp.o)
    0x080152dc   0x080152dc   0x00000014   Data   RO           11    .constdata          main.o
    0x080152f0   0x080152f0   0x00000010   Data   RO         1171    .constdata          stm32f4xx_hal_rcc.o
    0x08015300   0x08015300   0x00004740   Data   RO         6516    .constdata          lcd.o
    0x08019a40   0x08019a40   0x00000014   Data   RO         6792    .constdata          ft5206.o
    0x08019a54   0x08019a54   0x00000004   Data   RO         6847    .constdata          touch.o
    0x08019a58   0x08019a58   0x000000c2   Data   RO         7128    .constdata          gt9147.o
    0x08019b1a   0x08019b1a   0x000000ce   Data   RO         7180    .constdata          gt9271.o
    0x08019be8   0x08019be8   0x0000000a   Data   RO         7232    .constdata          ott2001a.o
    0x08019bf2   0x08019bf2   0x00000002   PAD
    0x08019bf4   0x08019bf4   0x00000024   Data   RO         8716    .constdata          malloc.o
    0x08019c18   0x08019c18   0x00000028   Data   RO         9007    .constdata          c_w.l(_printf_hex_int.o)
    0x08019c40   0x08019c40   0x00000011   Data   RO         9042    .constdata          c_w.l(__printf_flags_ss_wp.o)
    0x08019c51   0x08019c51   0x00000003   PAD
    0x08019c54   0x08019c54   0x00000079   Data   RO         6848    .conststring        touch.o
    0x08019ccd   0x08019ccd   0x00000003   PAD
    0x08019cd0   0x08019cd0   0x00000028   Data   RO         8798    .conststring        usmart.o
    0x08019cf8   0x08019cf8   0x0000012a   Data   RO         8875    .conststring        usmart_config.o
    0x08019e22   0x08019e22   0x00000002   PAD
    0x08019e24   0x08019e24   0x00000020   Data   RO         9316    Region$$Table       anon$$obj.o


    Execution Region RW_IRAM1 (Exec base: 0x20000000, Load base: 0x08019e44, Size: 0x0002cd80, Max: 0x00030000, ABSOLUTE, COMPRESSED[0x000000b4])

    Exec Addr    Load Addr    Size         Type   Attr      Idx    E Section Name        Object

    0x20000000   COMPRESSED   0x00000014   Data   RW          472    .data               system_stm32f4xx.o
    0x20000014   COMPRESSED   0x00000004   Data   RW          636    .data               stm32f4xx_hal.o
    0x20000018   COMPRESSED   0x00000004   Data   RW         5713    .data               delay.o
    0x2000001c   COMPRESSED   0x00000007   Data   RW         5783    .data               usart.o
    0x20000023   COMPRESSED   0x00000001   Data   RW         6004    .data               rs485.o
    0x20000024   COMPRESSED   0x00000010   Data   RW         6263    .data               easyui.o
    0x20000034   COMPRESSED   0x00000010   Data   RW         6517    .data               lcd.o
    0x20000044   COMPRESSED   0x00000007   Data   RW         6793    .data               ft5206.o
    0x2000004b   COMPRESSED   0x00000001   PAD
    0x2000004c   COMPRESSED   0x0000004a   Data   RW         6849    .data               touch.o
    0x20000096   COMPRESSED   0x00000002   PAD
    0x20000098   COMPRESSED   0x00000008   Data   RW         6958    .data               ltdc.o
    0x200000a0   COMPRESSED   0x00000001   Data   RW         7129    .data               gt9147.o
    0x200000a1   COMPRESSED   0x00000001   Data   RW         7181    .data               gt9271.o
    0x200000a2   COMPRESSED   0x00000001   Data   RW         7233    .data               ott2001a.o
    0x200000a3   COMPRESSED   0x00000001   PAD
    0x200000a4   COMPRESSED   0x00000004   Data   RW         7353    .data               ftl.o
    0x200000a8   COMPRESSED   0x00000002   Data   RW         7669    .data               w25qxx.o
    0x200000aa   COMPRESSED   0x00000002   Data   RW         7947    .data               esp8266.o
    0x200000ac   COMPRESSED   0x00000014   Data   RW         8153    .data               exfuns.o
    0x200000c0   COMPRESSED   0x00000002   Data   RW         8369    .data               ff.o
    0x200000c2   COMPRESSED   0x00000002   PAD
    0x200000c4   COMPRESSED   0x00000024   Data   RW         8717    .data               malloc.o
    0x200000e8   COMPRESSED   0x0000001c   Data   RW         8799    .data               usmart.o
    0x20000104   COMPRESSED   0x00000134   Data   RW         8876    .data               usmart_config.o
    0x20000238        -       0x00000108   Zero   RW         5782    .bss                usart.o
    0x20000340        -       0x00000080   Zero   RW         6003    .bss                rs485.o
    0x200003c0        -       0x00000100   Zero   RW         6262    .bss                easyui.o
    0x200004c0        -       0x0000005e   Zero   RW         6515    .bss                lcd.o
    0x2000051e   COMPRESSED   0x00000002   PAD
    0x20000520        -       0x00000108   Zero   RW         6957    .bss                ltdc.o
    0x20000628        -       0x00000034   Zero   RW         7285    .bss                sdram.o
    0x2000065c        -       0x00000094   Zero   RW         7470    .bss                nand.o
    0x200006f0        -       0x00000368   Zero   RW         7604    .bss                sdio_sdcard.o
    0x20000a58        -       0x00001000   Zero   RW         7668    .bss                w25qxx.o
    0x20001a58        -       0x00000058   Zero   RW         7776    .bss                spi.o
    0x20001ab0        -       0x00000020   Zero   RW         7830    .bss                rtc.o
    0x20001ad0        -       0x00000240   Zero   RW         7946    .bss                esp8266.o
    0x20001d10        -       0x00000029   Zero   RW         8019    .bss                fontupd.o
    0x20001d39   COMPRESSED   0x00000007   PAD
    0x20001d40        -       0x00000178   Zero   RW         8150    .bss                exfuns.o
    0x20001eb8        -       0x0000000c   Zero   RW         8367    .bss                ff.o
    0x20001ec4   COMPRESSED   0x0000001c   PAD
    0x20001ee0        -       0x0002a800   Zero   RW         8715    .bss                malloc.o
    0x2002c6e0        -       0x0000003c   Zero   RW         8797    .bss                usmart.o
    0x2002c71c        -       0x00000060   Zero   RW         9180    .bss                c_w.l(libspace.o)
    0x2002c77c   COMPRESSED   0x00000004   PAD
    0x2002c780        -       0x00000200   Zero   RW          604    HEAP                startup_stm32f429xx.o
    0x2002c980        -       0x00000400   Zero   RW          603    STACK               startup_stm32f429xx.o



  Load Region LR$$.ARM.__AT_0x10000000 (Base: 0x10000000, Size: 0x00000000, Max: 0x0000f000, ABSOLUTE)

    Execution Region ER$$.ARM.__AT_0x10000000 (Exec base: 0x10000000, Load base: 0x10000000, Size: 0x0000f000, Max: 0x0000f000, ABSOLUTE, UNINIT)

    Exec Addr    Load Addr    Size         Type   Attr      Idx    E Section Name        Object

    0x10000000        -       0x0000f000   Zero   RW         8711    .ARM.__AT_0x10000000  malloc.o



  Load Region LR$$.ARM.__AT_0x1000F000 (Base: 0x1000f000, Size: 0x00000000, Max: 0x00000f00, ABSOLUTE)

    Execution Region ER$$.ARM.__AT_0x1000F000 (Exec base: 0x1000f000, Load base: 0x1000f000, Size: 0x00000f00, Max: 0x00000f00, ABSOLUTE, UNINIT)

    Exec Addr    Load Addr    Size         Type   Attr      Idx    E Section Name        Object

    0x1000f000        -       0x00000f00   Zero   RW         8712    .ARM.__AT_0x1000F000  malloc.o



  Load Region LR$$.ARM.__AT_0xC0000000 (Base: 0xc0000000, Size: 0x00000000, Max: 0x001f4000, ABSOLUTE)

    Execution Region ER$$.ARM.__AT_0xC0000000 (Exec base: 0xc0000000, Load base: 0xc0000000, Size: 0x001f4000, Max: 0x001f4000, ABSOLUTE, UNINIT)

    Exec Addr    Load Addr    Size         Type   Attr      Idx    E Section Name        Object

    0xc0000000        -       0x001f4000   Zero   RW         6956    .ARM.__AT_0xC0000000  ltdc.o



  Load Region LR$$.ARM.__AT_0xC01F4000 (Base: 0xc01f4000, Size: 0x00000000, Max: 0x01c3c000, ABSOLUTE)

    Execution Region ER$$.ARM.__AT_0xC01F4000 (Exec base: 0xc01f4000, Load base: 0xc01f4000, Size: 0x01c3c000, Max: 0x01c3c000, ABSOLUTE, UNINIT)

    Exec Addr    Load Addr    Size         Type   Attr      Idx    E Section Name        Object

    0xc01f4000        -       0x01c3c000   Zero   RW         8713    .ARM.__AT_0xC01F4000  malloc.o



  Load Region LR$$.ARM.__AT_0xC1E30000 (Base: 0xc1e30000, Size: 0x00000000, Max: 0x001c3c00, ABSOLUTE)

    Execution Region ER$$.ARM.__AT_0xC1E30000 (Exec base: 0xc1e30000, Load base: 0xc1e30000, Size: 0x001c3c00, Max: 0x001c3c00, ABSOLUTE, UNINIT)

    Exec Addr    Load Addr    Size         Type   Attr      Idx    E Section Name        Object

    0xc1e30000        -       0x001c3c00   Zero   RW         8714    .ARM.__AT_0xC1E30000  malloc.o


==============================================================================

Image component sizes


      Code (inc. data)   RO Data    RW Data    ZI Data      Debug   Object Name

       246          0          0          0          0       3323   24cxx.o
       594        102          0          0          0       5225   ctiic.o
       116          8          0          4          0       1863   delay.o
       440         36          0          0          0       3976   dht11.o
       350          0          0          0          0       4117   diskio.o
     15832       2318          0         16        256      25773   easyui.o
       696        242          0          2        576       4442   esp8266.o
       132         18          0         20        376       1610   exfuns.o
      1740         42          0          2         12      11886   ff.o
        68          4          0          0         41       1939   fontupd.o
      1446         84         20          7          0       4061   ft5206.o
      2356        286          0          4          0      11089   ftl.o
      1558        104        194          1          0       4670   gt9147.o
      1166         82        206          1          0       4530   gt9271.o
       180         18          0          0          0        955   key.o
     14708        270      18240         16         94      25041   lcd.o
        92         10          0          0          0        819   led.o
      1974        130          0          8    2048264       9574   ltdc.o
      1040         58         20          0          0     490327   main.o
       480         54         36         36   31695616       6246   malloc.o
         0          0          0          0          0       2260   mycc936.o
       712        112          0          0          0       4694   myiic.o
      3312        304          0          0        148      17607   nand.o
       942         70         10          1          0       4243   ott2001a.o
       208         10          0          0          0       2730   pcf8574.o
        72         12          0          1        128       1172   rs485.o
       520         66          0          0         32       6579   rtc.o
       556         42          0          0        872       3799   sdio_sdcard.o
       568         44          0          0         52       3430   sdram.o
       308         28          0          0         88       2686   spi.o
        64         26        428          0       1536        812   startup_stm32f429xx.o
       160         16          0          4          0       4584   stm32f4xx_hal.o
       338         22          0          0          0      31253   stm32f4xx_hal_cortex.o
       568         54          0          0          0       3019   stm32f4xx_hal_gpio.o
      1144          6          0          0          0       4565   stm32f4xx_hal_ltdc.o
       102          0          0          0          0       1180   stm32f4xx_hal_nand.o
        24          4          0          0          0        527   stm32f4xx_hal_pwr.o
       164         12          0          0          0       1240   stm32f4xx_hal_pwr_ex.o
      2044         66         16          0          0       5851   stm32f4xx_hal_rcc.o
       872         24          0          0          0       1524   stm32f4xx_hal_rcc_ex.o
      1764         32          0          0          0       8930   stm32f4xx_hal_rtc.o
       402         10          0          0          0       3915   stm32f4xx_hal_rtc_ex.o
      4864         16          0          0          0      20864   stm32f4xx_hal_sd.o
       162          0          0          0          0       2656   stm32f4xx_hal_sdram.o
      1262          0          0          0          0       3545   stm32f4xx_hal_spi.o
        88          0          0          0          0       1168   stm32f4xx_hal_sram.o
       312         44          0          0          0       2968   stm32f4xx_hal_tim.o
      2194         10          0          0          0      10410   stm32f4xx_hal_uart.o
        32          0          0          0          0       3862   stm32f4xx_it.o
       842         18          0          0          0       7941   stm32f4xx_ll_fmc.o
       208          4          0          0          0       6069   stm32f4xx_ll_sdmmc.o
       200          8          0          0          0       1659   sys.o
       100         18          0         20          0        973   system_stm32f4xx.o
       750         20          0          0          0       4106   text.o
      4336        282        125         74          0      10485   touch.o
       460         60          0          7        264       5277   usart.o
      3202       1354         40         28         60       7623   usmart.o
         0          0        298        308          0       1472   usmart_config.o
      1328         20          0          0          0       8569   usmart_str.o
       906         76          0          2       4096       7197   w25qxx.o

    ----------------------------------------------------------------------
     81380       6756      19672        568   33752548     844910   Object Totals
         0          0         32          0          0          0   (incl. Generated)
        76          0          7          6         37          0   (incl. Padding)

    ----------------------------------------------------------------------

      Code (inc. data)   RO Data    RW Data    ZI Data      Debug   Library Member Name

        90          0          0          0          0          0   __dczerorl2.o
         8          0          0          0          0         68   __main.o
       392          4         17          0          0         92   __printf_flags_ss_wp.o
        14          0          0          0          0         68   __printf_wp.o
         0          0          0          0          0          0   __rtentry.o
        12          0          0          0          0          0   __rtentry2.o
         6          0          0          0          0          0   __rtentry4.o
        52          8          0          0          0          0   __scatter.o
        28          0          0          0          0          0   __scatter_zi.o
         6          0          0          0          0          0   _printf_c.o
        44          0          0          0          0        108   _printf_char.o
        48          6          0          0          0         96   _printf_char_common.o
        36          4          0          0          0         80   _printf_char_file.o
         6          0          0          0          0          0   _printf_d.o
       120         16          0          0          0         92   _printf_dec.o
        88          4         40          0          0         88   _printf_hex_int.o
       178          0          0          0          0         88   _printf_intcommon.o
        78          0          0          0          0        108   _printf_pad.o
         0          0          0          0          0          0   _printf_percent.o
         4          0          0          0          0          0   _printf_percent_end.o
         6          0          0          0          0          0   _printf_s.o
        82          0          0          0          0         80   _printf_str.o
         6          0          0          0          0          0   _printf_u.o
         6          0          0          0          0          0   _printf_x.o
        22          0          0          0          0        100   _rserrno.o
        10          0          0          0          0         68   _sputc.o
        18          0          0          0          0         80   exit.o
         8          0          0          0          0         68   ferror.o
         6          0          0          0          0        152   heapauxi.o
         2          0          0          0          0          0   libinit.o
         6          0          0          0          0          0   libinit2.o
         2          0          0          0          0          0   libshutdown.o
         2          0          0          0          0          0   libshutdown2.o
         8          4          0          0         96         68   libspace.o
       238          0          0          0          0        100   lludivv7m.o
        24          4          0          0          0         84   noretval__2printf.o
        40          6          0          0          0         84   noretval__2sprintf.o
         8          4          0          0          0         68   rt_errno_addr_intlibspace.o
        68          0          0          0          0         68   rt_memclr.o
        78          0          0          0          0         80   rt_memclr_w.o
       138          0          0          0          0         68   rt_memcpy_v6.o
       100          0          0          0          0         80   rt_memcpy_w.o
         2          0          0          0          0          0   rtexit.o
        10          0          0          0          0          0   rtexit2.o
       128          0          0          0          0         68   strcmpv7m.o
        62          0          0          0          0         76   strlen.o
        36          0          0          0          0         80   strstr.o
        74          0          0          0          0         80   sys_stackheap_outer.o
         2          0          0          0          0         68   use_no_semi.o
         2          0          0          0          0         68   use_no_semi_2.o
       826         16          0          0          0        492   daddsub_clz.o
        24          0          0          0          0        116   dcmpi.o
        90          4          0          0          0        140   dfixu.o
        84          0          0          0          0        232   dflt_clz.o
       120          4          0          0          0        140   dleqf.o
       340         12          0          0          0        152   dmul.o
       156          4          0          0          0        140   dnaninf.o
        12          0          0          0          0        116   dretinf.o
       108          0          0          0          0        128   drleqf.o
       408         56          0          0          0        168   dsqrt_umaal.o
        86          4          0          0          0        132   f2d.o
       140          4          0          0          0        132   fnaninf.o
        10          0          0          0          0        116   fpinit.o
         0          0          0          0          0          0   usenofp.o
       122          0          0          0          0        148   sqrt.o

    ----------------------------------------------------------------------
      4940        164         60          0        100       4928   Library Totals
        10          0          3          0          4          0   (incl. Padding)

    ----------------------------------------------------------------------

      Code (inc. data)   RO Data    RW Data    ZI Data      Debug   Library Name

      2404         60         57          0         96       2576   c_w.l
      2404        104          0          0          0       2204   fz_wm.l
       122          0          0          0          0        148   m_wm.l

    ----------------------------------------------------------------------
      4940        164         60          0        100       4928   Library Totals

    ----------------------------------------------------------------------

==============================================================================


      Code (inc. data)   RO Data    RW Data    ZI Data      Debug   

     86320       6920      19732        568   33752648     808034   Grand Totals
     86320       6920      19732        180   33752648     808034   ELF Image Totals (compressed)
     86320       6920      19732        180          0          0   ROM Totals

==============================================================================

    Total RO  Size (Code + RO Data)               106052 ( 103.57kB)
    Total RW  Size (RW Data + ZI Data)          33753216 (32962.13kB)
    Total ROM Size (Code + RO Data + RW Data)     106232 ( 103.74kB)

==============================================================================

